Archive member included because of file (symbol)

contiki-sky.a(rimeaddr.o)     obj_sky/contiki-sky-main.o (rimeaddr_copy)
contiki-sky.a(rime.o)         obj_sky/contiki-sky-main.o (rime_driver)
contiki-sky.a(announcement.o)
                              contiki-sky.a(rime.o) (announcement_init)
contiki-sky.a(broadcast-annou)
                              contiki-sky.a(rime.o) (broadcast_announcement_init)
contiki-sky.a(broadcast.o)    tpsn.co (broadcast_open)
contiki-sky.a(abc.o)          contiki-sky.a(broadcast.o) (abc_open)
contiki-sky.a(chameleon.o)    contiki-sky.a(rime.o) (chameleon_init)
contiki-sky.a(channel.o)      contiki-sky.a(chameleon.o) (channel_init)
contiki-sky.a(chameleon-bitop)
                              contiki-sky.a(chameleon.o) (chameleon_bitopt)
contiki-sky.a(nullrdc.o)      obj_sky/contiki-sky-main.o (nullrdc_driver)
contiki-sky.a(mac.o)          contiki-sky.a(nullrdc.o) (mac_call_sent_callback)
contiki-sky.a(framer-802154.o)
                              contiki-sky.a(nullrdc.o) (framer_802154)
contiki-sky.a(csma.o)         obj_sky/contiki-sky-main.o (csma_driver)
contiki-sky.a(process.o)      obj_sky/contiki-sky-main.o (process_init)
contiki-sky.a(autostart.o)    obj_sky/contiki-sky-main.o (autostart_start)
contiki-sky.a(memb.o)         contiki-sky.a(csma.o) (memb_init)
contiki-sky.a(timer.o)        obj_sky/contiki-sky-main.o (timer_set)
contiki-sky.a(list.o)         contiki-sky.a(announcement.o) (list_init)
contiki-sky.a(etimer.o)       obj_sky/contiki-sky-main.o (etimer_process)
contiki-sky.a(ctimer.o)       obj_sky/contiki-sky-main.o (ctimer_init)
contiki-sky.a(energest.o)     obj_sky/contiki-sky-main.o (energest_init)
contiki-sky.a(rtimer.o)       obj_sky/contiki-sky-main.o (rtimer_init)
contiki-sky.a(random.o)       obj_sky/contiki-sky-main.o (random_init)
contiki-sky.a(packetbuf.o)    tpsn.co (packetbuf_copyto)
contiki-sky.a(queuebuf.o)     contiki-sky.a(rime.o) (queuebuf_init)
contiki-sky.a(tcpip.o)        obj_sky/contiki-sky-main.o (tcpip_process)
contiki-sky.a(uip-fw-drv.o)   obj_sky/contiki-sky-main.o (uip_fw_process)
contiki-sky.a(uip-fw.o)       contiki-sky.a(uip-fw-drv.o) (uip_fw_output)
contiki-sky.a(uip-over-mesh.o)
                              obj_sky/contiki-sky-main.o (uip_over_mesh_init)
contiki-sky.a(uip.o)          contiki-sky.a(tcpip.o) (uip_aligned_buf)
contiki-sky.a(contiki-sky-pla)
                              obj_sky/contiki-sky-main.o (init_platform)
contiki-sky.a(button-sensor.o)
                              tpsn.co (button_sensor)
contiki-sky.a(ds2411.o)       obj_sky/contiki-sky-main.o (ds2411_init)
contiki-sky.a(xmem.o)         obj_sky/contiki-sky-main.o (xmem_init)
contiki-sky.a(node-id.o)      obj_sky/contiki-sky-main.o (node_id_restore)
contiki-sky.a(sensors.o)      tpsn.co (sensors_event)
contiki-sky.a(cc2420.o)       obj_sky/contiki-sky-main.o (cc2420_set_channel)
contiki-sky.a(cc2420-arch.o)  contiki-sky.a(cc2420.o) (cc2420_arch_init)
contiki-sky.a(uip-ipchksum.o)
                              contiki-sky.a(uip-fw.o) (uip_ipchksum)
contiki-sky.a(uart1.o)        obj_sky/contiki-sky-main.o (uart1_active)
contiki-sky.a(slip_uart1.o)   obj_sky/contiki-sky-main.o (putchar)
contiki-sky.a(slip.o)         obj_sky/contiki-sky-main.o (slip_set_input_callback)
contiki-sky.a(msp430.o)       contiki-sky.a(uart1.o) (msp430_add_lpm_req)
contiki-sky.a(clock.o)        tpsn.co (clock_time)
contiki-sky.a(leds.o)         obj_sky/contiki-sky-main.o (leds_init)
contiki-sky.a(leds-arch.o)    contiki-sky.a(leds.o) (leds_arch_init)
contiki-sky.a(watchdog.o)     obj_sky/contiki-sky-main.o (watchdog_start)
contiki-sky.a(rtimer-arch.o)  contiki-sky.a(rtimer.o) (rtimer_arch_init)
contiki-sky.a(unicast.o)      contiki-sky.a(uip-over-mesh.o) (unicast_open)
contiki-sky.a(trickle.o)      contiki-sky.a(uip-over-mesh.o) (trickle_open)
contiki-sky.a(route.o)        contiki-sky.a(uip-over-mesh.o) (route_init)
contiki-sky.a(route-discovery)
                              contiki-sky.a(uip-over-mesh.o) (route_discovery_open)
contiki-sky.a(frame802154.o)  contiki-sky.a(framer-802154.o) (frame802154_hdrlen)
contiki-sky.a(spi.o)          contiki-sky.a(xmem.o) (spi_init)
contiki-sky.a(netflood.o)     contiki-sky.a(route-discovery) (netflood_open)
contiki-sky.a(ipolite.o)      contiki-sky.a(netflood.o) (ipolite_open)
/usr/local/msp430/bin/../lib/gcc/msp430/4.7.0/mmpy-16/libgcc.a(_mulsi3.o)
                              tpsn.co (__mulsi3)
/usr/local/msp430/bin/../lib/gcc/msp430/4.7.0/mmpy-16/libgcc.a(_udivmod32.o)
                              obj_sky/contiki-sky-main.o (__udivsi3)
/usr/local/msp430/bin/../lib/gcc/msp430/4.7.0/mmpy-16/libgcc.a(_mul_sf.o)
                              tpsn.co (__mulsf3)
/usr/local/msp430/bin/../lib/gcc/msp430/4.7.0/mmpy-16/libgcc.a(_sf_to_si.o)
                              tpsn.co (__fixsfsi)
/usr/local/msp430/bin/../lib/gcc/msp430/4.7.0/mmpy-16/libgcc.a(_thenan_sf.o)
[...]
Memory Configuration

Name             Origin             Length             Attributes
sfr              0x00000000         0x00000010
peripheral_8bit  0x00000010         0x000000f0
peripheral_16bit 0x00000100         0x00000100
ram_mirror       0x00000200         0x00000800         xw
infomem          0x00001000         0x00000100
infob            0x00001000         0x00000080
infoa            0x00001080         0x00000080
ram              0x00001100         0x00002800         xw
rom              0x00004000         0x0000bfe0         xr
vectors          0x0000ffe0         0x00000020
bsl              0x00000000         0x00000000
infoc            0x00000000         0x00000000
infod            0x00000000         0x00000000
ram2             0x00000000         0x00000000         xw
usbram           0x00000000         0x00000000         xw
far_rom          0x00000000         0x00000000
*default*        0x00000000         0xffffffff

Linker script and memory map

LOAD /usr/local/msp430/bin/../lib/gcc/msp430/4.7.0/mmpy-16/crt0ivtbl16.o
LOAD tpsn.co
LOAD obj_sky/contiki-sky-main.o
LOAD contiki-sky.a
LOAD /usr/local/msp430/bin/../lib/gcc/msp430/4.7.0/mmpy-16/libgcc.a
LOAD /usr/local/msp430/bin/../lib/gcc/msp430/4.7.0/../../../../msp430/lib/mmpy-16/libc.a
LOAD /usr/local/msp430/bin/../lib/gcc/msp430/4.7.0/mmpy-16/libgcc.a
LOAD /usr/local/msp430/bin/../lib/gcc/msp430/4.7.0/mmpy-16/libcrt0.a
                0x00000080                PROVIDE (__info_segment_size, 0x80)
                0x00001000                PROVIDE (__infob, 0x1000)
                0x00001080                PROVIDE (__infoa, 0x1080)
                0x00000000                __IE1 = 0x0
                0x00000002                __IFG1 = 0x2
                0x00000004                __ME1 = 0x4
                0x00000001                __IE2 = 0x1
                0x00000003                __IFG2 = 0x3
                0x00000005                __ME2 = 0x5
                0x00000120                __WDTCTL = 0x120
                0x00000130                __MPY = 0x130
                0x00000132                __MPYS = 0x132
                0x00000134                __MAC = 0x134
                0x00000136                __MACS = 0x136
                0x00000138                __OP2 = 0x138
                0x0000013a                __RESLO = 0x13a
                0x0000013c                __RESHI = 0x13c
                0x0000013e                __SUMEXT = 0x13e
                0x00000020                __P1IN = 0x20
                0x00000021                __P1OUT = 0x21
                0x00000022                __P1DIR = 0x22
                0x00000023                __P1IFG = 0x23
                0x00000024                __P1IES = 0x24
                0x00000025                __P1IE = 0x25
                0x00000026                __P1SEL = 0x26
                0x00000028                __P2IN = 0x28
                0x00000029                __P2OUT = 0x29
                0x0000002a                __P2DIR = 0x2a
                0x0000002b                __P2IFG = 0x2b
                0x0000002c                __P2IES = 0x2c
                0x0000002d                __P2IE = 0x2d
                0x0000002e                __P2SEL = 0x2e
                0x00000018                __P3IN = 0x18
                0x00000019                __P3OUT = 0x19
                0x0000001a                __P3DIR = 0x1a
                0x0000001b                __P3SEL = 0x1b
                0x0000001c                __P4IN = 0x1c
                0x0000001d                __P4OUT = 0x1d
                0x0000001e                __P4DIR = 0x1e
                0x0000001f                __P4SEL = 0x1f
                0x00000030                __P5IN = 0x30
                0x00000031                __P5OUT = 0x31
                0x00000032                __P5DIR = 0x32
                0x00000033                __P5SEL = 0x33
                0x00000034                __P6IN = 0x34
                0x00000035                __P6OUT = 0x35
                0x00000036                __P6DIR = 0x36
                0x00000037                __P6SEL = 0x37
                0x00000070                __U0CTL = 0x70
                0x00000071                __U0TCTL = 0x71
                0x00000072                __U0RCTL = 0x72
                0x00000073                __U0MCTL = 0x73
                0x00000074                __U0BR0 = 0x74
                0x00000075                __U0BR1 = 0x75
                0x00000076                __U0RXBUF = 0x76
                0x00000077                __U0TXBUF = 0x77
                0x00000078                __U1CTL = 0x78
                0x00000079                __U1TCTL = 0x79
                0x0000007a                __U1RCTL = 0x7a
                0x0000007b                __U1MCTL = 0x7b
                0x0000007c                __U1BR0 = 0x7c
                0x0000007d                __U1BR1 = 0x7d
                0x0000007e                __U1RXBUF = 0x7e
                0x0000007f                __U1TXBUF = 0x7f
                0x00000050                __I2CIE = 0x50
                0x00000051                __I2CIFG = 0x51
                0x00000052                __I2CNDAT = 0x52
                0x00000071                __I2CTCTL = 0x71
                0x00000072                __I2CDCTL = 0x72
                0x00000073                __I2CPSC = 0x73
                0x00000074                __I2CSCLH = 0x74
                0x00000075                __I2CSCLL = 0x75
                0x00000076                __I2CDRB = 0x76
                0x00000076                __I2CDRW = 0x76
                0x00000118                __I2COA = 0x118
                0x0000011a                __I2CSA = 0x11a
                0x0000011c                __I2CIV = 0x11c
                0x0000012e                __TAIV = 0x12e
                0x00000160                __TACTL = 0x160
                0x00000162                __TACCTL0 = 0x162
                0x00000164                __TACCTL1 = 0x164
                0x00000166                __TACCTL2 = 0x166
                0x00000170                __TAR = 0x170
                0x00000172                __TACCR0 = 0x172
                0x00000174                __TACCR1 = 0x174
                0x00000176                __TACCR2 = 0x176
                0x0000011e                __TBIV = 0x11e
                0x00000180                __TBCTL = 0x180
                0x00000182                __TBCCTL0 = 0x182
                0x00000184                __TBCCTL1 = 0x184
                0x00000186                __TBCCTL2 = 0x186
                0x00000188                __TBCCTL3 = 0x188
                0x0000018a                __TBCCTL4 = 0x18a
                0x0000018c                __TBCCTL5 = 0x18c
                0x0000018e                __TBCCTL6 = 0x18e
                0x00000190                __TBR = 0x190
                0x00000192                __TBCCR0 = 0x192
                0x00000194                __TBCCR1 = 0x194
                0x00000196                __TBCCR2 = 0x196
                0x00000198                __TBCCR3 = 0x198
                0x0000019a                __TBCCR4 = 0x19a
                0x0000019c                __TBCCR5 = 0x19c
                0x0000019e                __TBCCR6 = 0x19e
                0x00000056                __DCOCTL = 0x56
                0x00000057                __BCSCTL1 = 0x57
                0x00000058                __BCSCTL2 = 0x58
                0x00000055                __SVSCTL = 0x55
                0x00000128                __FCTL1 = 0x128
                0x0000012a                __FCTL2 = 0x12a
                0x0000012c                __FCTL3 = 0x12c
                0x00000059                __CACTL1 = 0x59
                0x0000005a                __CACTL2 = 0x5a
                0x0000005b                __CAPD = 0x5b
                0x000001a0                __ADC12CTL0 = 0x1a0
                0x000001a2                __ADC12CTL1 = 0x1a2
                0x000001a4                __ADC12IFG = 0x1a4
                0x000001a6                __ADC12IE = 0x1a6
                0x000001a8                __ADC12IV = 0x1a8
                0x00000140                __ADC12MEM0 = 0x140
                0x00000142                __ADC12MEM1 = 0x142
                0x00000144                __ADC12MEM2 = 0x144
                0x00000146                __ADC12MEM3 = 0x146
                0x00000148                __ADC12MEM4 = 0x148
                0x0000014a                __ADC12MEM5 = 0x14a
                0x0000014c                __ADC12MEM6 = 0x14c
                0x0000014e                __ADC12MEM7 = 0x14e
                0x00000150                __ADC12MEM8 = 0x150
                0x00000152                __ADC12MEM9 = 0x152
                0x00000154                __ADC12MEM10 = 0x154
                0x00000156                __ADC12MEM11 = 0x156
                0x00000158                __ADC12MEM12 = 0x158
                0x0000015a                __ADC12MEM13 = 0x15a
                0x0000015c                __ADC12MEM14 = 0x15c
                0x0000015e                __ADC12MEM15 = 0x15e
                0x00000080                __ADC12MCTL0 = 0x80
                0x00000081                __ADC12MCTL1 = 0x81
                0x00000082                __ADC12MCTL2 = 0x82
                0x00000083                __ADC12MCTL3 = 0x83
                0x00000084                __ADC12MCTL4 = 0x84
                0x00000085                __ADC12MCTL5 = 0x85
                0x00000086                __ADC12MCTL6 = 0x86
                0x00000087                __ADC12MCTL7 = 0x87
                0x00000088                __ADC12MCTL8 = 0x88
                0x00000089                __ADC12MCTL9 = 0x89
                0x0000008a                __ADC12MCTL10 = 0x8a
                0x0000008b                __ADC12MCTL11 = 0x8b
                0x0000008c                __ADC12MCTL12 = 0x8c
                0x0000008d                __ADC12MCTL13 = 0x8d
                0x0000008e                __ADC12MCTL14 = 0x8e
                0x0000008f                __ADC12MCTL15 = 0x8f
                0x000001c0                __DAC12_0CTL = 0x1c0
                0x000001c2                __DAC12_1CTL = 0x1c2
                0x000001c8                __DAC12_0DAT = 0x1c8
                0x000001ca                __DAC12_1DAT = 0x1ca
                0x00000122                __DMACTL0 = 0x122
                0x00000124                __DMACTL1 = 0x124
                0x000001e0                __DMA0CTL = 0x1e0
                0x000001e8                __DMA1CTL = 0x1e8
                0x000001f0                __DMA2CTL = 0x1f0
                0x000001e2                __DMA0SA = 0x1e2
                0x000001e4                __DMA0DA = 0x1e4
                0x000001e6                __DMA0SZ = 0x1e6
                0x000001ea                __DMA1SA = 0x1ea
                0x000001ec                __DMA1DA = 0x1ec
                0x000001ee                __DMA1SZ = 0x1ee
                0x000001f2                __DMA2SA = 0x1f2
                0x000001f4                __DMA2DA = 0x1f4
                0x000001f6                __DMA2SZ = 0x1f6

.hash
 *(.hash)

.dynsym
 *(.dynsym)

.dynstr
 *(.dynstr)

.gnu.version
 *(.gnu.version)

.gnu.version_d
 *(.gnu.version_d)

.gnu.version_r
 *(.gnu.version_r)

.rel.init
 *(.rel.init)

.rela.init
 *(.rela.init)

.rel.fini
 *(.rel.fini)

.rela.fini
 *(.rela.fini)

.rel.text
 *(.rel.text .rel.text.* .rel.gnu.linkonce.t.*)

.rela.text
 *(.rela.text .rela.text.* .rela.gnu.linkonce.t.*)

.rel.rodata
 *(.rel.rodata .rel.rodata.* .rel.gnu.linkonce.r.*)

.rela.rodata
 *(.rela.rodata .rela.rodata.* .rela.gnu.linkonce.r.*)

.rel.data
 *(.rel.data .rel.data.* .rel.gnu.linkonce.d.*)

.rela.data
 *(.rela.data .rela.data.* .rela.gnu.linkonce.d.*)

.rel.bss
 *(.rel.bss .rel.bss.* .rel.gnu.linkonce.b.*)

.rela.bss
 *(.rela.bss .rela.bss.* .rela.gnu.linkonce.b.*)

.rel.ctors
 *(.rel.ctors)

.rela.ctors
 *(.rela.ctors)

.rel.dtors
 *(.rel.dtors)

.rela.dtors
 *(.rela.dtors)

.rel.got
 *(.rel.got)

.rela.got
 *(.rela.got)

.rel.plt
 *(.rel.plt)

.rela.plt
 *(.rela.plt)

.text           0x00004000     0x7084
                0x00004000                . = ALIGN (0x2)
 *(.init .init.*)
 *(.init0)
 .init0         0x00004000        0x0 /usr/local/msp430/bin/../lib/gcc/msp430/4.7.0/mmpy-16/libcrt0.a(_reset_vector__.o)
                0x00004000                _reset_vector__
 *(.init1)
 .init1         0x00004000        0xc /usr/local/msp430/bin/../lib/gcc/msp430/4.7.0/mmpy-16/libcrt0.a(__watchdog_support.o)
                0x00004000                __watchdog_support
 *(.init2)
 .init2         0x0000400c        0x4 /usr/local/msp430/bin/../lib/gcc/msp430/4.7.0/mmpy-16/libcrt0.a(__init_stack.o)
                0x0000400c                __init_stack
 *(.init3)
 .init3         0x00004010        0x0 /usr/local/msp430/bin/../lib/gcc/msp430/4.7.0/mmpy-16/libcrt0.a(__low_level_init.o)
                0x00004010                __low_level_init
 *(.init4)
 .init4         0x00004010       0x18 /usr/local/msp430/bin/../lib/gcc/msp430/4.7.0/mmpy-16/libcrt0.a(_copy_data.o)
                0x00004010                __do_copy_data
 .init4         0x00004028       0x16 /usr/local/msp430/bin/../lib/gcc/msp430/4.7.0/mmpy-16/libcrt0.a(_clear_bss.o)
                0x00004028                __do_clear_bss
 *(.init5)
 *(.init6)
 *(.init7)
 *(.init8)
 *(.init9)
 .init9         0x0000403e      0x3b8 obj_sky/contiki-sky-main.o
                0x0000403e                main
 *(.fini9)
 .fini9         0x000043f6        0x0 /usr/local/msp430/bin/../lib/gcc/msp430/4.7.0/mmpy-16/libcrt0.a(__stop_progExec__.o)
                0x000043f6                __stop_progExec__
 *(.fini8)
 *(.fini7)
 *(.fini6)
 *(.fini5)
 *(.fini4)
 *(.fini3)
 *(.fini2)
 *(.fini1)
 *(.fini0)
 .fini0         0x000043f6        0x6 /usr/local/msp430/bin/../lib/gcc/msp430/4.7.0/mmpy-16/libcrt0.a(_endless_loop__.o)
                0x000043f6                _endless_loop__
 *(.fini .fini.*)
                0x000043fc                . = ALIGN (0x2)
                0x000043fc                __ctors_start = .
 *(.ctors)
                0x000043fc                __ctors_end = .
                0x000043fc                __dtors_start = .
 *(.dtors)
                0x000043fc                __dtors_end = .
                0x000043fc                . = ALIGN (0x2)
 *(.text .text.* .gnu.linkonce.t.*)
 .text          0x000043fc        0x4 /usr/local/msp430/bin/../lib/gcc/msp430/4.7.0/mmpy-16/crt0ivtbl16.o
                0x000043fc                __isr_14
                0x000043fc                __isr_11
                0x000043fc                __isr_2
                0x000043fc                __isr_7
                0x000043fc                __isr_0
                0x000043fc                __isr_8
                0x000043fc                __isr_3
                0x000043fc                __isr_12
                0x000043fc                __isr_13
                0x000043fc                __isr_9
 .text.process_thread_tpsn_process
                0x00004400       0xa0 tpsn.co
 .text.on_discovery_received
                0x000044a0      0x110 tpsn.co
 .text.timerCallback_turnOffLeds
                0x000045b0        0x8 tpsn.co
 .text.set_gateway
                0x000045b8       0x5a obj_sky/contiki-sky-main.o
 .text.rimeaddr_copy
                0x00004612        0xc contiki-sky.a(rimeaddr.o)
                0x00004612                rimeaddr_copy
 .text.rimeaddr_cmp
                0x0000461e       0x12 contiki-sky.a(rimeaddr.o)
                0x0000461e                rimeaddr_cmp
 .text.rimeaddr_set_node_addr
                0x00004630        0xc contiki-sky.a(rimeaddr.o)
                0x00004630                rimeaddr_set_node_addr
 .text.input    0x0000463c       0x3a contiki-sky.a(rime.o)
 .text.init     0x00004676       0x2e contiki-sky.a(rime.o)
 .text.packet_sent
                0x000046a4       0x44 contiki-sky.a(rime.o)
 .text.rime_output
                0x000046e8       0x24 contiki-sky.a(rime.o)
                0x000046e8                rime_output
 .text.announcement_init
                0x0000470c        0xa contiki-sky.a(announcement.o)
                0x0000470c                announcement_init
 .text.announcement_register_observer_callback
                0x00004716        0x6 contiki-sky.a(announcement.o)
                0x00004716                announcement_register_observer_callback
 .text.announcement_list
                0x0000471c        0xa contiki-sky.a(announcement.o)
                0x0000471c                announcement_list
 .text.announcement_heard
                0x00004726       0x42 contiki-sky.a(announcement.o)
                0x00004726                announcement_heard
 .text.adv_packet_sent
                0x00004768        0x2 contiki-sky.a(broadcast-annou)
 .text.adv_packet_received
                0x0000476a       0x64 contiki-sky.a(broadcast-annou)
 .text.set_timers
                0x000047ce       0x4a contiki-sky.a(broadcast-annou)
 .text.send_timer
                0x00004818       0x32 contiki-sky.a(broadcast-annou)
 .text.send_adv
                0x0000484a       0x66 contiki-sky.a(broadcast-annou)
 .text.new_announcement
                0x000048b0       0x18 contiki-sky.a(broadcast-annou)
 .text.broadcast_announcement_init
                0x000048c8       0x48 contiki-sky.a(broadcast-annou)
                0x000048c8                broadcast_announcement_init
 .text.sent_by_abc
                0x00004910       0x10 contiki-sky.a(broadcast.o)
 .text.recv_from_abc
                0x00004920       0x26 contiki-sky.a(broadcast.o)
 .text.broadcast_open
                0x00004946       0x2a contiki-sky.a(broadcast.o)
                0x00004946                broadcast_open
 .text.broadcast_close
                0x00004970        0x6 contiki-sky.a(broadcast.o)
                0x00004970                broadcast_close
 .text.broadcast_send
                0x00004976       0x1a contiki-sky.a(broadcast.o)
                0x00004976                broadcast_send
 .text.abc_open
                0x00004990       0x26 contiki-sky.a(abc.o)
                0x00004990                abc_open
 .text.abc_close
                0x000049b6        0x6 contiki-sky.a(abc.o)
                0x000049b6                abc_close
 .text.abc_send
                0x000049bc        0x6 contiki-sky.a(abc.o)
                0x000049bc                abc_send
 .text.abc_input
                0x000049c2        0xe contiki-sky.a(abc.o)
                0x000049c2                abc_input
 .text.abc_sent
                0x000049d0       0x10 contiki-sky.a(abc.o)
                0x000049d0                abc_sent
 .text.chameleon_init
                0x000049e0        0x6 contiki-sky.a(chameleon.o)
                0x000049e0                chameleon_init
 .text.chameleon_parse
                0x000049e6       0x10 contiki-sky.a(chameleon.o)
                0x000049e6                chameleon_parse
 .text.chameleon_create
                0x000049f6       0x1c contiki-sky.a(chameleon.o)
                0x000049f6                chameleon_create
 .text.chameleon_hdrsize
                0x00004a12        0x6 contiki-sky.a(chameleon.o)
                0x00004a12                chameleon_hdrsize
 .text.channel_init
                0x00004a18        0xa contiki-sky.a(channel.o)
                0x00004a18                channel_init
 .text.channel_open
                0x00004a22       0x10 contiki-sky.a(channel.o)
                0x00004a22                channel_open
 .text.channel_close
                0x00004a32        0xc contiki-sky.a(channel.o)
                0x00004a32                channel_close
 .text.channel_lookup
                0x00004a3e       0x20 contiki-sky.a(channel.o)
                0x00004a3e                channel_lookup
 .text.channel_set_attributes
                0x00004a5e       0x24 contiki-sky.a(channel.o)
                0x00004a5e                channel_set_attributes
 .text.header_size
                0x00004a82       0x16 contiki-sky.a(chameleon-bitop)
 .text.get_bits_in_byte
                0x00004a98       0x3a contiki-sky.a(chameleon-bitop)
                0x00004a98                get_bits_in_byte
 .text.get_bits
                0x00004ad2       0xa2 contiki-sky.a(chameleon-bitop)
                0x00004ad2                get_bits
 .text.unpack_header
                0x00004b74       0xd2 contiki-sky.a(chameleon-bitop)
 .text.set_bits_in_byte
                0x00004c46       0x2c contiki-sky.a(chameleon-bitop)
                0x00004c46                set_bits_in_byte
 .text.set_bits
                0x00004c72       0xc8 contiki-sky.a(chameleon-bitop)
                0x00004c72                set_bits
 .text.pack_header
                0x00004d3a       0xbe contiki-sky.a(chameleon-bitop)
 .text.on       0x00004df8        0x6 contiki-sky.a(nullrdc.o)
 .text.channel_check_interval
                0x00004dfe        0x4 contiki-sky.a(nullrdc.o)
 .text.init     0x00004e02        0x6 contiki-sky.a(nullrdc.o)
 .text.off      0x00004e08       0x10 contiki-sky.a(nullrdc.o)
 .text.packet_input
                0x00004e18       0x38 contiki-sky.a(nullrdc.o)
 .text.send_one_packet
                0x00004e50       0x6a contiki-sky.a(nullrdc.o)
 .text.send_list
                0x00004eba       0x30 contiki-sky.a(nullrdc.o)
 .text.send_packet
                0x00004eea        0x6 contiki-sky.a(nullrdc.o)
 .text.mac_call_sent_callback
                0x00004ef0       0x14 contiki-sky.a(mac.o)
                0x00004ef0                mac_call_sent_callback
 .text.create   0x00004f04      0x106 contiki-sky.a(framer-802154.o)
 .text.parse    0x0000500a       0xac contiki-sky.a(framer-802154.o)
 .text.input_packet
                0x000050b6        0x6 contiki-sky.a(csma.o)
 .text.on       0x000050bc        0x6 contiki-sky.a(csma.o)
 .text.off      0x000050c2        0x6 contiki-sky.a(csma.o)
 .text.channel_check_interval
                0x000050c8       0x10 contiki-sky.a(csma.o)
 .text.transmit_packet_list
                0x000050d8       0x24 contiki-sky.a(csma.o)
 .text.init     0x000050fc       0x1a contiki-sky.a(csma.o)
 .text.send_packet
                0x00005116      0x162 contiki-sky.a(csma.o)
 .text.free_packet
                0x00005278       0x98 contiki-sky.a(csma.o)
 .text.packet_sent
                0x00005310      0x132 contiki-sky.a(csma.o)
 .text.call_process
                0x00005442       0x46 contiki-sky.a(process.o)
 .text.exit_process
                0x00005488       0x96 contiki-sky.a(process.o)
 .text.do_poll  0x0000551e       0x30 contiki-sky.a(process.o)
 .text.process_alloc_event
                0x0000554e        0xe contiki-sky.a(process.o)
                0x0000554e                process_alloc_event
 .text.process_init
                0x0000555c       0x1c contiki-sky.a(process.o)
                0x0000555c                process_init
 .text.process_run
                0x00005578       0xa2 contiki-sky.a(process.o)
                0x00005578                process_run
 .text.process_nevents
                0x0000561a        0xe contiki-sky.a(process.o)
                0x0000561a                process_nevents
 .text.process_post
                0x00005628       0x54 contiki-sky.a(process.o)
                0x00005628                process_post
 .text.process_post_synch
                0x0000567c       0x12 contiki-sky.a(process.o)
                0x0000567c                process_post_synch
 .text.process_start
                0x0000568e       0x36 contiki-sky.a(process.o)
                0x0000568e                process_start
 .text.process_poll
                0x000056c4       0x18 contiki-sky.a(process.o)
                0x000056c4                process_poll
 .text.autostart_start
                0x000056dc       0x16 contiki-sky.a(autostart.o)
                0x000056dc                autostart_start
 .text.memb_init
                0x000056f2       0x36 contiki-sky.a(memb.o)
                0x000056f2                memb_init
 .text.memb_alloc
                0x00005728       0x3e contiki-sky.a(memb.o)
                0x00005728                memb_alloc
 .text.memb_free
                0x00005766       0x3a contiki-sky.a(memb.o)
                0x00005766                memb_free
 .text.memb_inmemb
                0x000057a0       0x2a contiki-sky.a(memb.o)
                0x000057a0                memb_inmemb
 .text.timer_set
                0x000057ca       0x1c contiki-sky.a(timer.o)
                0x000057ca                timer_set
 .text.timer_reset
                0x000057e6        0xe contiki-sky.a(timer.o)
                0x000057e6                timer_reset
 .text.timer_restart
                0x000057f4       0x14 contiki-sky.a(timer.o)
                0x000057f4                timer_restart
 .text.timer_expired
                0x00005808       0x2a contiki-sky.a(timer.o)
                0x00005808                timer_expired
 .text.list_init
                0x00005832        0x6 contiki-sky.a(list.o)
                0x00005832                list_init
 .text.list_head
                0x00005838        0x4 contiki-sky.a(list.o)
                0x00005838                list_head
 .text.list_tail
                0x0000583c       0x12 contiki-sky.a(list.o)
                0x0000583c                list_tail
 .text.list_chop
                0x0000584e       0x1a contiki-sky.a(list.o)
                0x0000584e                list_chop
 .text.list_remove
                0x00005868       0x34 contiki-sky.a(list.o)
                0x00005868                list_remove
 .text.list_push
                0x0000589c       0x1a contiki-sky.a(list.o)
                0x0000589c                list_push
 .text.list_add
                0x000058b6       0x2a contiki-sky.a(list.o)
                0x000058b6                list_add
 .text.list_length
                0x000058e0       0x10 contiki-sky.a(list.o)
                0x000058e0                list_length
 .text.list_item_next
                0x000058f0        0xc contiki-sky.a(list.o)
                0x000058f0                list_item_next
 .text.update_time
                0x000058fc       0x78 contiki-sky.a(etimer.o)
 .text.etimer_request_poll
                0x00005974        0xa contiki-sky.a(etimer.o)
                0x00005974                etimer_request_poll
 .text.process_thread_etimer_process
                0x0000597e       0xcc contiki-sky.a(etimer.o)
 .text.add_timer
                0x00005a4a       0x40 contiki-sky.a(etimer.o)
 .text.etimer_set
                0x00005a8a       0x12 contiki-sky.a(etimer.o)
                0x00005a8a                etimer_set
 .text.etimer_reset
                0x00005a9c       0x12 contiki-sky.a(etimer.o)
                0x00005a9c                etimer_reset
 .text.etimer_restart
                0x00005aae       0x12 contiki-sky.a(etimer.o)
                0x00005aae                etimer_restart
 .text.etimer_expired
                0x00005ac0        0xe contiki-sky.a(etimer.o)
                0x00005ac0                etimer_expired
 .text.etimer_pending
                0x00005ace        0xc contiki-sky.a(etimer.o)
                0x00005ace                etimer_pending
 .text.etimer_next_expiration_time
                0x00005ada       0x16 contiki-sky.a(etimer.o)
                0x00005ada                etimer_next_expiration_time
 .text.etimer_stop
                0x00005af0       0x3e contiki-sky.a(etimer.o)
                0x00005af0                etimer_stop
 .text.process_thread_ctimer_process
                0x00005b2e       0xa8 contiki-sky.a(ctimer.o)
 .text.ctimer_init
                0x00005bd6       0x18 contiki-sky.a(ctimer.o)
                0x00005bd6                ctimer_init
 .text.ctimer_set
                0x00005bee       0x5a contiki-sky.a(ctimer.o)
                0x00005bee                ctimer_set
 .text.ctimer_reset
                0x00005c48       0x3a contiki-sky.a(ctimer.o)
                0x00005c48                ctimer_reset
 .text.ctimer_stop
                0x00005c82       0x28 contiki-sky.a(ctimer.o)
                0x00005c82                ctimer_stop
 .text.energest_init
                0x00005caa       0x26 contiki-sky.a(energest.o)
                0x00005caa                energest_init
 .text.energest_type_time
                0x00005cd0       0x48 contiki-sky.a(energest.o)
                0x00005cd0                energest_type_time
 .text.energest_type_set
                0x00005d18        0xe contiki-sky.a(energest.o)
                0x00005d18                energest_type_set
 .text.energest_flush
                0x00005d26       0x48 contiki-sky.a(energest.o)
                0x00005d26                energest_flush
 .text.rtimer_init
                0x00005d6e        0x6 contiki-sky.a(rtimer.o)
                0x00005d6e                rtimer_init
 .text.rtimer_run_next
                0x00005d74       0x26 contiki-sky.a(rtimer.o)
                0x00005d74                rtimer_run_next
 .text.random_init
                0x00005d9a        0x6 contiki-sky.a(random.o)
                0x00005d9a                random_init
 .text.random_rand
                0x00005da0        0x6 contiki-sky.a(random.o)
                0x00005da0                random_rand
 .text.packetbuf_copyto_hdr
                0x00005da6       0x1c contiki-sky.a(packetbuf.o)
                0x00005da6                packetbuf_copyto_hdr
 .text.packetbuf_copyto
                0x00005dc2       0x52 contiki-sky.a(packetbuf.o)
                0x00005dc2                packetbuf_copyto
 .text.packetbuf_hdrreduce
                0x00005e14       0x1a contiki-sky.a(packetbuf.o)
                0x00005e14                packetbuf_hdrreduce
 .text.packetbuf_set_datalen
                0x00005e2e        0x6 contiki-sky.a(packetbuf.o)
                0x00005e2e                packetbuf_set_datalen
 .text.packetbuf_dataptr
                0x00005e34        0xe contiki-sky.a(packetbuf.o)
                0x00005e34                packetbuf_dataptr
 .text.packetbuf_hdrptr
                0x00005e42        0xa contiki-sky.a(packetbuf.o)
                0x00005e42                packetbuf_hdrptr
 .text.packetbuf_is_reference
                0x00005e4c        0xe contiki-sky.a(packetbuf.o)
                0x00005e4c                packetbuf_is_reference
 .text.packetbuf_compact
                0x00005e5a       0x48 contiki-sky.a(packetbuf.o)
                0x00005e5a                packetbuf_compact
 .text.packetbuf_reference_ptr
                0x00005ea2        0x6 contiki-sky.a(packetbuf.o)
                0x00005ea2                packetbuf_reference_ptr
 .text.packetbuf_datalen
                0x00005ea8        0x6 contiki-sky.a(packetbuf.o)
                0x00005ea8                packetbuf_datalen
 .text.packetbuf_totlen
                0x00005eae       0x10 contiki-sky.a(packetbuf.o)
                0x00005eae                packetbuf_totlen
 .text.packetbuf_hdralloc
                0x00005ebe       0x2e contiki-sky.a(packetbuf.o)
                0x00005ebe                packetbuf_hdralloc
 .text.packetbuf_attr_clear
                0x00005eec       0x2c contiki-sky.a(packetbuf.o)
                0x00005eec                packetbuf_attr_clear
 .text.packetbuf_clear
                0x00005f18       0x1a contiki-sky.a(packetbuf.o)
                0x00005f18                packetbuf_clear
 .text.packetbuf_copyfrom
                0x00005f32       0x2e contiki-sky.a(packetbuf.o)
                0x00005f32                packetbuf_copyfrom
 .text.packetbuf_attr_copyto
                0x00005f60       0x20 contiki-sky.a(packetbuf.o)
                0x00005f60                packetbuf_attr_copyto
 .text.packetbuf_attr_copyfrom
                0x00005f80       0x22 contiki-sky.a(packetbuf.o)
                0x00005f80                packetbuf_attr_copyfrom
 .text.queuebuf_init
                0x00005fa2       0x1a contiki-sky.a(queuebuf.o)
                0x00005fa2                queuebuf_init
 .text.queuebuf_new_from_packetbuf
                0x00005fbc       0x7e contiki-sky.a(queuebuf.o)
                0x00005fbc                queuebuf_new_from_packetbuf
 .text.queuebuf_update_attr_from_packetbuf
                0x0000603a       0x12 contiki-sky.a(queuebuf.o)
                0x0000603a                queuebuf_update_attr_from_packetbuf
 .text.queuebuf_free
                0x0000604c       0x40 contiki-sky.a(queuebuf.o)
                0x0000604c                queuebuf_free
 .text.queuebuf_to_packetbuf
                0x0000608c       0x6e contiki-sky.a(queuebuf.o)
                0x0000608c                queuebuf_to_packetbuf
 .text.queuebuf_dataptr
                0x000060fa       0x32 contiki-sky.a(queuebuf.o)
                0x000060fa                queuebuf_dataptr
 .text.queuebuf_datalen
                0x0000612c        0x6 contiki-sky.a(queuebuf.o)
                0x0000612c                queuebuf_datalen
 .text.queuebuf_attr
                0x00006132        0xe contiki-sky.a(queuebuf.o)
                0x00006132                queuebuf_attr
 .text.start_periodic_tcp_timer
                0x00006140       0x16 contiki-sky.a(tcpip.o)
 .text.tcpip_output
                0x00006156       0x10 contiki-sky.a(tcpip.o)
                0x00006156                tcpip_output
 .text.process_thread_tcpip_process
                0x00006166      0x1ce contiki-sky.a(tcpip.o)
 .text.tcpip_set_outputfunc
                0x00006334        0x6 contiki-sky.a(tcpip.o)
                0x00006334                tcpip_set_outputfunc
 .text.tcpip_input
                0x0000633a       0x12 contiki-sky.a(tcpip.o)
                0x0000633a                tcpip_input
 .text.tcpip_uipcall
                0x0000634c       0x70 contiki-sky.a(tcpip.o)
                0x0000634c                tcpip_uipcall
 .text.process_thread_uip_fw_process
                0x000063bc       0x3c contiki-sky.a(uip-fw-drv.o)
 .text.uip_fw_output
                0x000063f8       0xf4 contiki-sky.a(uip-fw.o)
                0x000063f8                uip_fw_output
 .text.uip_fw_forward
                0x000064ec      0x15e contiki-sky.a(uip-fw.o)
                0x000064ec                uip_fw_forward
 .text.uip_fw_default
                0x0000664a        0x6 contiki-sky.a(uip-fw.o)
                0x0000664a                uip_fw_default
 .text.uip_fw_periodic
                0x00006650       0x1c contiki-sky.a(uip-fw.o)
                0x00006650                uip_fw_periodic
 .text.timedout
                0x0000666c       0x12 contiki-sky.a(uip-over-mesh.o)
 .text.recv_data
                0x0000667e       0x72 contiki-sky.a(uip-over-mesh.o)
 .text.new_route
                0x000066f0       0x36 contiki-sky.a(uip-over-mesh.o)
 .text.uip_over_mesh_init
                0x00006726       0x54 contiki-sky.a(uip-over-mesh.o)
                0x00006726                uip_over_mesh_init
 .text.uip_over_mesh_send
                0x0000677a       0xe8 contiki-sky.a(uip-over-mesh.o)
                0x0000677a                uip_over_mesh_send
 .text.uip_over_mesh_set_gateway_netif
                0x00006862        0x6 contiki-sky.a(uip-over-mesh.o)
                0x00006862                uip_over_mesh_set_gateway_netif
 .text.uip_over_mesh_set_gateway
                0x00006868        0xc contiki-sky.a(uip-over-mesh.o)
                0x00006868                uip_over_mesh_set_gateway
 .text.gateway_announce_recv
                0x00006874       0x10 contiki-sky.a(uip-over-mesh.o)
 .text.uip_over_mesh_make_announced_gateway
                0x00006884       0x32 contiki-sky.a(uip-over-mesh.o)
                0x00006884                uip_over_mesh_make_announced_gateway
 .text.uip_over_mesh_set_net
                0x000068b6       0x16 contiki-sky.a(uip-over-mesh.o)
                0x000068b6                uip_over_mesh_set_net
 .text.chksum   0x000068cc       0x32 contiki-sky.a(uip.o)
 .text.upper_layer_chksum
                0x000068fe       0x42 contiki-sky.a(uip.o)
 .text.uip_add32
                0x00006940       0x68 contiki-sky.a(uip.o)
                0x00006940                uip_add32
 .text.uip_add_rcv_nxt
                0x000069a8       0x2c contiki-sky.a(uip.o)
 .text.uip_chksum
                0x000069d4       0x18 contiki-sky.a(uip.o)
                0x000069d4                uip_chksum
 .text.uip_tcpchksum
                0x000069ec        0xa contiki-sky.a(uip.o)
                0x000069ec                uip_tcpchksum
 .text.uip_udpchksum
                0x000069f6        0xa contiki-sky.a(uip.o)
                0x000069f6                uip_udpchksum
 .text.uip_init
                0x00006a00       0x50 contiki-sky.a(uip.o)
                0x00006a00                uip_init
 .text.uip_unlisten
                0x00006a50       0x2a contiki-sky.a(uip.o)
                0x00006a50                uip_unlisten
 .text.uip_process
                0x00006a7a      0xc7e contiki-sky.a(uip.o)
                0x00006a7a                uip_process
 .text.uip_htons
                0x000076f8        0xc contiki-sky.a(uip.o)
                0x000076f8                uip_htons
 .text.init_platform
                0x00007704        0xc contiki-sky.a(contiki-sky-pla)
                0x00007704                init_platform
 .text.status   0x00007710       0x18 contiki-sky.a(button-sensor.o)
 .text.value    0x00007728       0x20 contiki-sky.a(button-sensor.o)
 .text.configure
                0x00007748       0x4c contiki-sky.a(button-sensor.o)
 .text.irq_p2   0x00007794       0x88 contiki-sky.a(button-sensor.o)
                0x00007794                irq_p2
                0x00007794                __isr_1
 .text.owreadb  0x0000781c       0x50 contiki-sky.a(ds2411.o)
 .text.ds2411_init
                0x0000786c      0x120 contiki-sky.a(ds2411.o)
                0x0000786c                ds2411_init
 .text.wait_ready
                0x0000798c       0x4a contiki-sky.a(xmem.o)
 .text.xmem_init
                0x000079d6       0x3c contiki-sky.a(xmem.o)
                0x000079d6                xmem_init
 .text.xmem_pread
                0x00007a12       0xe0 contiki-sky.a(xmem.o)
                0x00007a12                xmem_pread
 .text.node_id_restore
                0x00007af2       0x38 contiki-sky.a(node-id.o)
                0x00007af2                node_id_restore
 .text.process_thread_sensors_process
                0x00007b2a       0xc2 contiki-sky.a(sensors.o)
 .text.sensors_changed
                0x00007bec       0x2a contiki-sky.a(sensors.o)
                0x00007bec                sensors_changed
 .text.strobe   0x00007c16       0x1c contiki-sky.a(cc2420.o)
 .text.status   0x00007c32       0x22 contiki-sky.a(cc2420.o)
 .text.getreg   0x00007c54       0x4c contiki-sky.a(cc2420.o)
 .text.setreg   0x00007ca0       0x4c contiki-sky.a(cc2420.o)
 .text.set_txpower
                0x00007cec       0x24 contiki-sky.a(cc2420.o)
 .text.cc2420_receiving_packet
                0x00007d10        0xc contiki-sky.a(cc2420.o)
 .text.pending_packet
                0x00007d1c        0x8 contiki-sky.a(cc2420.o)
 .text.on       0x00007d24       0x44 contiki-sky.a(cc2420.o)
 .text.flushrx  0x00007d68       0x6c contiki-sky.a(cc2420.o)
 .text.off      0x00007dd4       0x72 contiki-sky.a(cc2420.o)
 .text.RELEASE_LOCK
                0x00007e46       0x28 contiki-sky.a(cc2420.o)
 .text.cc2420_prepare
                0x00007e6e       0x82 contiki-sky.a(cc2420.o)
 .text.getrxdata
                0x00007ef0       0x50 contiki-sky.a(cc2420.o)
 .text.cc2420_on
                0x00007f40       0x22 contiki-sky.a(cc2420.o)
                0x00007f40                cc2420_on
 .text.cc2420_off
                0x00007f62       0x30 contiki-sky.a(cc2420.o)
                0x00007f62                cc2420_off
 .text.cc2420_cca
                0x00007f92       0x82 contiki-sky.a(cc2420.o)
 .text.cc2420_read
                0x00008014       0xda contiki-sky.a(cc2420.o)
 .text.process_thread_cc2420_process
                0x000080ee       0x54 contiki-sky.a(cc2420.o)
 .text.cc2420_set_channel
                0x00008142       0x80 contiki-sky.a(cc2420.o)
                0x00008142                cc2420_set_channel
 .text.cc2420_set_pan_addr
                0x000081c2      0x13e contiki-sky.a(cc2420.o)
                0x000081c2                cc2420_set_pan_addr
 .text.cc2420_init
                0x00008300       0xca contiki-sky.a(cc2420.o)
                0x00008300                cc2420_init
 .text.cc2420_interrupt
                0x000083ca       0x1e contiki-sky.a(cc2420.o)
                0x000083ca                cc2420_interrupt
 .text.cc2420_get_txpower
                0x000083e8       0x1e contiki-sky.a(cc2420.o)
                0x000083e8                cc2420_get_txpower
 .text.cc2420_transmit
                0x00008406      0x1a6 contiki-sky.a(cc2420.o)
 .text.cc2420_send
                0x000085ac       0x12 contiki-sky.a(cc2420.o)
 .text.cc2420_port1_interrupt
                0x000085be       0x62 contiki-sky.a(cc2420-arch.o)
                0x000085be                __isr_4
                0x000085be                cc2420_port1_interrupt
 .text.cc2420_arch_init
                0x00008620       0x1a contiki-sky.a(cc2420-arch.o)
                0x00008620                cc2420_arch_init
 .text.uip_ipchksum
                0x0000863a       0x32 contiki-sky.a(uip-ipchksum.o)
                0x0000863a                uip_ipchksum
 .text.handle_rxdma_timer
                0x0000866c       0x3a contiki-sky.a(uart1.o)
 .text.uart1_active
                0x000086a6       0x18 contiki-sky.a(uart1.o)
                0x000086a6                uart1_active
 .text.uart1_set_input
                0x000086be       0x20 contiki-sky.a(uart1.o)
                0x000086be                uart1_set_input
 .text.uart1_writeb
                0x000086de       0x18 contiki-sky.a(uart1.o)
                0x000086de                uart1_writeb
 .text.uart1_init
                0x000086f6       0xf4 contiki-sky.a(uart1.o)
                0x000086f6                uart1_init
 .text.slip_arch_writeb
                0x000087ea        0x6 contiki-sky.a(slip_uart1.o)
                0x000087ea                slip_arch_writeb
 .text.putchar  0x000087f0       0x3c contiki-sky.a(slip_uart1.o)
                0x000087f0                putchar
 .text.slip_arch_init
                0x0000882c        0xa contiki-sky.a(slip_uart1.o)
                0x0000882c                slip_arch_init
 .text.slip_set_input_callback
                0x00008836        0x6 contiki-sky.a(slip.o)
                0x00008836                slip_set_input_callback
 .text.slip_send
                0x0000883c       0x5e contiki-sky.a(slip.o)
                0x0000883c                slip_send
 .text.slip_write
                0x0000889a       0x5a contiki-sky.a(slip.o)
                0x0000889a                slip_write
 .text.process_thread_slip_process
                0x000088f4      0x1fc contiki-sky.a(slip.o)
 .text.slip_input_byte
                0x00008af0       0xbc contiki-sky.a(slip.o)
                0x00008af0                slip_input_byte
 .text.msp430_init_dco
                0x00008bac       0x82 contiki-sky.a(msp430.o)
                0x00008bac                msp430_init_dco
 .text.msp430_add_lpm_req
                0x00008c2e        0xc contiki-sky.a(msp430.o)
                0x00008c2e                msp430_add_lpm_req
 .text.msp430_cpu_init
                0x00008c3a       0x2a contiki-sky.a(msp430.o)
                0x00008c3a                msp430_cpu_init
 .text.splhigh_
                0x00008c64        0x8 contiki-sky.a(msp430.o)
                0x00008c64                splhigh_
 .text.msp430_sync_dco
                0x00008c6c       0x6c contiki-sky.a(msp430.o)
                0x00008c6c                msp430_sync_dco
 .text.timera1  0x00008cd8       0xfe contiki-sky.a(clock.o)
                0x00008cd8                __isr_5
                0x00008cd8                timera1
 .text.clock_time
                0x00008dd6       0x1a contiki-sky.a(clock.o)
                0x00008dd6                clock_time
 .text.clock_init
                0x00008df0       0x28 contiki-sky.a(clock.o)
                0x00008df0                clock_init
 .text.clock_delay
                0x00008e18        0xc contiki-sky.a(clock.o)
                0x00008e18                clock_delay
 .text.show_leds
                0x00008e24      0x100 contiki-sky.a(leds.o)
 .text.leds_init
                0x00008f24        0xe contiki-sky.a(leds.o)
                0x00008f24                leds_init
 .text.leds_on  0x00008f32       0x14 contiki-sky.a(leds.o)
                0x00008f32                leds_on
 .text.leds_off
                0x00008f46       0x14 contiki-sky.a(leds.o)
                0x00008f46                leds_off
 .text.leds_arch_init
                0x00008f5a        0xe contiki-sky.a(leds-arch.o)
                0x00008f5a                leds_arch_init
 .text.leds_arch_set
                0x00008f68       0x38 contiki-sky.a(leds-arch.o)
                0x00008f68                leds_arch_set
 .text.watchdog_interrupt
                0x00008fa0        0x6 contiki-sky.a(watchdog.o)
                0x00008fa0                __isr_10
                0x00008fa0                watchdog_interrupt
 .text.watchdog_start
                0x00008fa6       0x14 contiki-sky.a(watchdog.o)
                0x00008fa6                watchdog_start
 .text.watchdog_periodic
                0x00008fba       0x12 contiki-sky.a(watchdog.o)
                0x00008fba                watchdog_periodic
 .text.watchdog_stop
                0x00008fcc       0x16 contiki-sky.a(watchdog.o)
                0x00008fcc                watchdog_stop
 .text.watchdog_init
                0x00008fe2       0x12 contiki-sky.a(watchdog.o)
                0x00008fe2                watchdog_init
 .text.rtimer_arch_init
                0x00008ff4        0xe contiki-sky.a(rtimer-arch.o)
                0x00008ff4                rtimer_arch_init
 .text.rtimer_arch_now
                0x00009002        0xe contiki-sky.a(rtimer-arch.o)
                0x00009002                rtimer_arch_now
 .text.timera0  0x00009010       0x70 contiki-sky.a(rtimer-arch.o)
                0x00009010                __isr_6
                0x00009010                timera0
 .text.rtimer_arch_schedule
                0x00009080        0x6 contiki-sky.a(rtimer-arch.o)
                0x00009080                rtimer_arch_schedule
 .text.sent_by_broadcast
                0x00009086       0x10 contiki-sky.a(unicast.o)
 .text.recv_from_broadcast
                0x00009096       0x2e contiki-sky.a(unicast.o)
 .text.unicast_open
                0x000090c4       0x2a contiki-sky.a(unicast.o)
                0x000090c4                unicast_open
 .text.unicast_send
                0x000090ee       0x16 contiki-sky.a(unicast.o)
                0x000090ee                unicast_send
 .text.send     0x00009104       0x1a contiki-sky.a(trickle.o)
 .text.run_trickle
                0x0000911e       0xc4 contiki-sky.a(trickle.o)
 .text.recv     0x000091e2       0x86 contiki-sky.a(trickle.o)
 .text.timer_callback
                0x00009268        0x6 contiki-sky.a(trickle.o)
 .text.trickle_open
                0x0000926e       0x44 contiki-sky.a(trickle.o)
                0x0000926e                trickle_open
 .text.trickle_send
                0x000092b2       0x3e contiki-sky.a(trickle.o)
                0x000092b2                trickle_send
 .text.periodic
                0x000092f0       0x58 contiki-sky.a(route.o)
 .text.route_init
                0x00009348       0x28 contiki-sky.a(route.o)
                0x00009348                route_init
 .text.route_lookup
                0x00009370       0x4c contiki-sky.a(route.o)
                0x00009370                route_lookup
 .text.route_add
                0x000093bc       0x88 contiki-sky.a(route.o)
                0x000093bc                route_add
 .text.route_refresh
                0x00009444        0xe contiki-sky.a(route.o)
                0x00009444                route_refresh
 .text.route_remove
                0x00009452       0x1c contiki-sky.a(route.o)
                0x00009452                route_remove
 .text.route_decay
                0x0000946e       0x22 contiki-sky.a(route.o)
                0x0000946e                route_decay
 .text.route_set_lifetime
                0x00009490        0x6 contiki-sky.a(route.o)
                0x00009490                route_set_lifetime
 .text.timeout_handler
                0x00009496       0x14 contiki-sky.a(route-discovery)
 .text.rreq_packet_received
                0x000094aa       0xca contiki-sky.a(route-discovery)
 .text.rrep_packet_received
                0x00009574       0x9a contiki-sky.a(route-discovery)
 .text.route_discovery_open
                0x0000960e       0x30 contiki-sky.a(route-discovery)
                0x0000960e                route_discovery_open
 .text.route_discovery_discover
                0x0000963e       0x6e contiki-sky.a(route-discovery)
                0x0000963e                route_discovery_discover
 .text.field_len
                0x000096ac       0x90 contiki-sky.a(frame802154.o)
 .text.frame802154_hdrlen
                0x0000973c       0x2e contiki-sky.a(frame802154.o)
                0x0000973c                frame802154_hdrlen
 .text.frame802154_create
                0x0000976a      0x172 contiki-sky.a(frame802154.o)
                0x0000976a                frame802154_create
 .text.frame802154_parse
                0x000098dc      0x1c4 contiki-sky.a(frame802154.o)
                0x000098dc                frame802154_parse
 .text.spi_init
                0x00009aa0       0x30 contiki-sky.a(spi.o)
                0x00009aa0                spi_init
 .text.sent     0x00009ad0       0x10 contiki-sky.a(netflood.o)
 .text.dropped  0x00009ae0       0x10 contiki-sky.a(netflood.o)
 .text.recv_from_ipolite
                0x00009af0       0xee contiki-sky.a(netflood.o)
 .text.netflood_open
                0x00009bde       0x2e contiki-sky.a(netflood.o)
                0x00009bde                netflood_open
 .text.netflood_send
                0x00009c0c       0x62 contiki-sky.a(netflood.o)
                0x00009c0c                netflood_send
 .text.sent     0x00009c6e        0x2 contiki-sky.a(ipolite.o)
 .text.send     0x00009c70       0x36 contiki-sky.a(ipolite.o)
 .text.recv     0x00009ca6       0xa6 contiki-sky.a(ipolite.o)
 .text.ipolite_open
                0x00009d4c       0x24 contiki-sky.a(ipolite.o)
                0x00009d4c                ipolite_open
 .text.ipolite_send
                0x00009d70       0x9c contiki-sky.a(ipolite.o)
                0x00009d70                ipolite_send
 .text.libgcc   0x00009e0c       0x2c /usr/local/msp430/bin/../lib/gcc/msp430/4.7.0/mmpy-16/libgcc.a(_mulsi3.o)
                0x00009e0c                __mulsi3
 .text.libgcc   0x00009e38       0x40 /usr/local/msp430/bin/../lib/gcc/msp430/4.7.0/mmpy-16/libgcc.a(_udivmod32.o)
                0x00009e38                __udivsi3
                0x00009e38                __ext_udivmod32
                0x00009e6e                __umodsi3
 .text          0x00009e78      0x204 /usr/local/msp430/bin/../lib/gcc/msp430/4.7.0/mmpy-16/libgcc.a(_mul_sf.o)
                0x00009e78                __mulsf3
 .text          0x0000a07c       0x8c /usr/local/msp430/bin/../lib/gcc/msp430/4.7.0/mmpy-16/libgcc.a(_sf_to_si.o)
                0x0000a07c                __fixsfsi
 .text          0x0000a108       0xe6 /usr/local/msp430/bin/../lib/gcc/msp430/4.7.0/mmpy-16/libgcc.a(_usi_to_sf.o)
                0x0000a108                __floatunsisf
 .text          0x0000a1ee       0x72 /usr/local/msp430/bin/../lib/gcc/msp430/4.7.0/mmpy-16/libgcc.a(_clzsi2.o)
                0x0000a1ee                __clzsi2
 .text          0x0000a260      0x1da /usr/local/msp430/bin/../lib/gcc/msp430/4.7.0/mmpy-16/libgcc.a(_pack_sf.o)
                0x0000a260                __pack_f
 .text          0x0000a43a      0x13c /usr/local/msp430/bin/../lib/gcc/msp430/4.7.0/mmpy-16/libgcc.a(_unpack_sf.o)
                0x0000a43a                __unpack_f
 .text.printf   0x0000a576       0x10 /usr/local/msp430/bin/../lib/gcc/msp430/4.7.0/../../../../msp430/lib/mmpy-16/libc.a(printf.o)
                0x0000a576                printf
 .text.print_field
                0x0000a586      0x194 /usr/local/msp430/bin/../lib/gcc/msp430/4.7.0/../../../../msp430/lib/mmpy-16/libc.a(vuprintf.o)
 .text.vuprintf
                0x0000a71a      0x63c /usr/local/msp430/bin/../lib/gcc/msp430/4.7.0/../../../../msp430/lib/mmpy-16/libc.a(vuprintf.o)
                0x0000a71a                vuprintf
 .text.puts     0x0000ad56       0x2c /usr/local/msp430/bin/../lib/gcc/msp430/4.7.0/../../../../msp430/lib/mmpy-16/libc.a(puts.o)
                0x0000ad56                puts
 .text.rand     0x0000ad82       0x26 /usr/local/msp430/bin/../lib/gcc/msp430/4.7.0/../../../../msp430/lib/mmpy-16/libc.a(rand.o)
                0x0000ad82                rand
 .text.srand    0x0000ada8        0xa /usr/local/msp430/bin/../lib/gcc/msp430/4.7.0/../../../../msp430/lib/mmpy-16/libc.a(rand.o)
                0x0000ada8                srand
 .text.strncmp  0x0000adb2       0x2a /usr/local/msp430/bin/../lib/gcc/msp430/4.7.0/../../../../msp430/lib/mmpy-16/libc.a(strncmp.o)
                0x0000adb2                strncmp
 .text.memcmp   0x0000addc       0x30 /usr/local/msp430/bin/../lib/gcc/msp430/4.7.0/../../../../msp430/lib/mmpy-16/libc.a(memcmp.o)
                0x0000addc                memcmp
 .text.memcpy   0x0000ae0c       0xfa /usr/local/msp430/bin/../lib/gcc/msp430/4.7.0/../../../../msp430/lib/mmpy-16/libc.a(memcpy.o)
                0x0000ae0c                memcpy
 .text.memset   0x0000af06       0x6a /usr/local/msp430/bin/../lib/gcc/msp430/4.7.0/../../../../msp430/lib/mmpy-16/libc.a(memset.o)
                0x0000af06                memset
 .text.libgcc   0x0000af70       0x22 /usr/local/msp430/bin/../lib/gcc/msp430/4.7.0/mmpy-16/libgcc.a(_udivmod16.o)
                0x0000af70                __udivhi3
                0x0000af70                __ext_udivmod16
                0x0000af8a                __umodhi3
 .text.libgcc   0x0000af92       0xf0 /usr/local/msp430/bin/../lib/gcc/msp430/4.7.0/mmpy-16/libgcc.a(_udivmod64.o)
                0x0000af92                __xabi_udivmod64
                0x0000aff0                __udivdi3
                0x0000b016                __umoddi3
                0x0000b044                __udivmoddi4
 .text.crt0     0x0000b082        0x2 /usr/local/msp430/bin/../lib/gcc/msp430/4.7.0/mmpy-16/libcrt0.a(_unexpected_.o)
                0x0000b082                _unexpected_
 *(.near.text .near.text.*)

.rodata         0x0000b084      0x481
                0x0000b084                . = ALIGN (0x2)
 *(.rodata .rodata.* .gnu.linkonce.r.*)
 .rodata        0x0000b084       0xca tpsn.co
                0x0000b136                autostart_processes
 .rodata        0x0000b14e      0x157 obj_sky/contiki-sky-main.o
 *fill*         0x0000b2a5        0x1 00
 .rodata        0x0000b2a6        0x2 contiki-sky.a(rimeaddr.o)
                0x0000b2a6                rimeaddr_null
 .rodata        0x0000b2a8        0xc contiki-sky.a(rime.o)
                0x0000b2ae                rime_driver
 .rodata        0x0000b2b4        0x4 contiki-sky.a(broadcast-annou)
 .rodata        0x0000b2b8        0x8 contiki-sky.a(broadcast.o)
 .rodata        0x0000b2c0        0x2 contiki-sky.a(abc.o)
 .rodata        0x0000b2c2       0x10 contiki-sky.a(chameleon-bitop)
                0x0000b2c2                chameleon_bitopt
 .rodata        0x0000b2d2       0x18 contiki-sky.a(nullrdc.o)
                0x0000b2da                nullrdc_driver
 .rodata        0x0000b2ea        0x4 contiki-sky.a(framer-802154.o)
                0x0000b2ea                framer_802154
 .rodata        0x0000b2ee       0x14 contiki-sky.a(csma.o)
                0x0000b2f4                csma_driver
 .rodata        0x0000b302        0xc contiki-sky.a(etimer.o)
 .rodata        0x0000b30e        0xf contiki-sky.a(ctimer.o)
 .rodata        0x0000b31d        0xd contiki-sky.a(tcpip.o)
 .rodata        0x0000b32a        0xe contiki-sky.a(uip-fw-drv.o)
 .rodata        0x0000b338        0xa contiki-sky.a(uip-over-mesh.o)
 *fill*         0x0000b342        0x2 00
 .rodata.uip_process
                0x0000b344       0x20 contiki-sky.a(uip.o)
 .rodata        0x0000b364        0x8 contiki-sky.a(uip.o)
                0x0000b364                uip_all_zeroes_addr
                0x0000b368                uip_broadcast_addr
 .rodata        0x0000b36c       0x10 contiki-sky.a(button-sensor.o)
                0x0000b374                button_sensor
 .rodata        0x0000b37c        0x8 contiki-sky.a(sensors.o)
 .rodata        0x0000b384       0x22 contiki-sky.a(cc2420.o)
                0x0000b384                cc2420_driver
 .rodata        0x0000b3a6       0x26 contiki-sky.a(slip.o)
 .rodata        0x0000b3cc        0xa contiki-sky.a(unicast.o)
 .rodata        0x0000b3d6        0xa contiki-sky.a(trickle.o)
 .rodata        0x0000b3e0        0xa contiki-sky.a(route-discovery)
 .rodata        0x0000b3ea        0x2 contiki-sky.a(frame802154.o)
 .rodata        0x0000b3ec        0x6 contiki-sky.a(netflood.o)
 .rodata        0x0000b3f2        0x4 contiki-sky.a(ipolite.o)
 .rodata        0x0000b3f6        0x8 /usr/local/msp430/bin/../lib/gcc/msp430/4.7.0/mmpy-16/libgcc.a(_thenan_sf.o)
                0x0000b3f6                __thenan_sf
 .rodata        0x0000b3fe      0x100 /usr/local/msp430/bin/../lib/gcc/msp430/4.7.0/mmpy-16/libgcc.a(_clz.o)
                0x0000b3fe                __clz_tab
 .rodata.vuprintf
                0x0000b4fe        0x7 /usr/local/msp430/bin/../lib/gcc/msp430/4.7.0/../../../../msp430/lib/mmpy-16/libc.a(vuprintf.o)
 *(.near.rodata .near.rodata.*)
                0x0000b506                . = ALIGN (0x2)
                0x0000b506                _etext = .

.data           0x00001100       0xac load address 0x0000b506
                0x00001100                . = ALIGN (0x2)
                0x00001100                __data_start = .
 *(.data .data.* .gnu.linkonce.d.*)
 .data          0x00001100        0xa tpsn.co
                0x00001100                tpsn_process
 .data          0x0000110a       0x18 obj_sky/contiki-sky-main.o
 .data          0x00001122       0x18 contiki-sky.a(csma.o)
 .data          0x0000113a        0xa contiki-sky.a(etimer.o)
                0x0000113a                etimer_process
 .data          0x00001144        0xa contiki-sky.a(ctimer.o)
                0x00001144                ctimer_process
 .data          0x0000114e       0x18 contiki-sky.a(queuebuf.o)
 .data          0x00001166        0xa contiki-sky.a(tcpip.o)
                0x00001166                tcpip_process
 .data          0x00001170        0xa contiki-sky.a(uip-fw-drv.o)
                0x00001170                uip_fw_process
 .data          0x0000117a        0x4 contiki-sky.a(contiki-sky-pla)
                0x0000117a                sensors
 .data          0x0000117e        0xa contiki-sky.a(sensors.o)
                0x0000117e                sensors_process
 .data          0x00001188        0xa contiki-sky.a(cc2420.o)
                0x00001188                cc2420_process
 .data          0x00001192        0xa contiki-sky.a(slip.o)
                0x00001192                slip_process
 .data          0x0000119c        0x2 contiki-sky.a(msp430.o)
 .data          0x0000119e        0xa contiki-sky.a(route.o)
 .data.next     0x000011a8        0x4 /usr/local/msp430/bin/../lib/gcc/msp430/4.7.0/../../../../msp430/lib/mmpy-16/libc.a(rand.o)
 *(.near.data .near.data.*)
                0x000011ac                . = ALIGN (0x2)
                0x000011ac                _edata = .
                0x0000b506                __data_load_start = LOADADDR (.data)
                0x000000ac                __data_size = SIZEOF (.data)

.bss            0x000011ac     0x1616 load address 0x0000b5b2
                0x000011ac                __bss_start = .
 *(.bss .bss.*)
 .bss           0x000011ac       0x30 tpsn.co
 .bss           0x000011dc        0xe obj_sky/contiki-sky-main.o
 .bss           0x000011ea        0x2 contiki-sky.a(rime.o)
 .bss           0x000011ec        0x6 contiki-sky.a(announcement.o)
 .bss           0x000011f2       0x46 contiki-sky.a(broadcast-annou)
 .bss           0x00001238        0x2 contiki-sky.a(channel.o)
 .bss           0x0000123a        0x2 contiki-sky.a(framer-802154.o)
 .bss           0x0000123c      0x126 contiki-sky.a(csma.o)
 .bss           0x00001362       0x42 contiki-sky.a(process.o)
                0x00001362                process_current
                0x00001364                process_list
 .bss           0x000013a4        0x6 contiki-sky.a(etimer.o)
 .bss           0x000013aa        0x4 contiki-sky.a(ctimer.o)
 .bss           0x000013ae        0x2 contiki-sky.a(rtimer.o)
 .bss           0x000013b0       0xba contiki-sky.a(packetbuf.o)
 .bss           0x0000146a      0xc4e contiki-sky.a(queuebuf.o)
 .bss           0x000020b8       0x36 contiki-sky.a(tcpip.o)
 .bss           0x000020ee      0x1a8 contiki-sky.a(uip-fw.o)
 .bss           0x00002296       0xd2 contiki-sky.a(uip-over-mesh.o)
 .bss           0x00002368       0x14 contiki-sky.a(uip.o)
                0x00002368                uip_lladdr
 .bss           0x0000237c        0x8 contiki-sky.a(button-sensor.o)
 .bss           0x00002384        0x2 contiki-sky.a(node-id.o)
                0x00002384                node_id
 .bss           0x00002386        0x6 contiki-sky.a(sensors.o)
 .bss           0x0000238c        0xa contiki-sky.a(cc2420.o)
 .bss           0x00002396       0x9a contiki-sky.a(uart1.o)
 .bss           0x00002430        0x1 contiki-sky.a(slip_uart1.o)
 *fill*         0x00002431        0x1 00
 .bss           0x00002432       0x88 contiki-sky.a(slip.o)
 .bss           0x000024ba        0xa contiki-sky.a(clock.o)
 .bss           0x000024c4        0x2 contiki-sky.a(leds.o)
 .bss           0x000024c6        0x2 contiki-sky.a(watchdog.o)
 .bss           0x000024c8       0x7e contiki-sky.a(route.o)
 .bss           0x00002546        0x1 contiki-sky.a(route-discovery)
 *(.near.bss .near.bss.*)
 *(COMMON)
 *fill*         0x00002547        0x1 00
 COMMON         0x00002548        0x2 contiki-sky.a(rimeaddr.o)
                0x00002548                rimeaddr_node_addr
 COMMON         0x0000254a        0x1 contiki-sky.a(process.o)
                0x0000254a                process_maxevents
 *fill*         0x0000254b        0x1 00
 COMMON         0x0000254c       0x56 contiki-sky.a(energest.o)
                0x0000254c                energest_total_time
                0x0000257c                energest_total_count
                0x0000257e                energest_current_mode
                0x0000258a                energest_current_time
 COMMON         0x000025a2       0x38 contiki-sky.a(packetbuf.o)
                0x000025a2                packetbuf_addrs
                0x000025aa                packetbuf_attrs
 COMMON         0x000025da        0x2 contiki-sky.a(tcpip.o)
                0x000025da                tcpip_is_forwarding
                0x000025db                tcpip_event
 COMMON         0x000025dc      0x1c2 contiki-sky.a(uip.o)
                0x000025dc                uip_len
                0x000025de                uip_sappdata
                0x000025e0                uip_acc32
                0x000025e4                uip_aligned_buf
                0x00002650                uip_flags
                0x00002652                uip_udp_conn
                0x00002654                uip_appdata
                0x00002656                uip_conn
                0x00002658                uip_conns
                0x000026d8                uip_listenports
                0x000026e8                uip_draddr
                0x000026ec                uip_netmask
                0x000026f0                uip_hostaddr
                0x000026f4                uip_slen
                0x000026f6                uip_udp_conns
 COMMON         0x0000279e        0x2 contiki-sky.a(contiki-sky-pla)
                0x0000279e                sensors_flags
 COMMON         0x000027a0        0x8 contiki-sky.a(ds2411.o)
                0x000027a0                ds2411_id
 COMMON         0x000027a8        0x1 contiki-sky.a(sensors.o)
                0x000027a8                sensors_event
 *fill*         0x000027a9        0x1 00
 COMMON         0x000027aa       0x14 contiki-sky.a(cc2420.o)
                0x000027aa                cc2420_last_rssi
                0x000027ac                cc2420_packets_read
                0x000027ae                cc2420_packets_seen
                0x000027b0                cc2420_sfd_start_time
                0x000027b2                cc2420_time_of_departure
                0x000027b4                cc2420_time_of_arrival
                0x000027b6                cc2420_last_correlation
                0x000027b8                cc2420_authority_level_of_sender
                0x000027ba                cc2420_sfd_counter
                0x000027bc                cc2420_sfd_end_time
 COMMON         0x000027be        0x1 contiki-sky.a(slip.o)
                0x000027be                slip_active
 *fill*         0x000027bf        0x1 00
 COMMON         0x000027c0        0x2 contiki-sky.a(msp430.o)
                0x000027c0                msp430_dco_required
                0x000027c2                . = ALIGN (0x2)
                0x000027c2                __bss_end = .
                0x00001616                __bss_size = SIZEOF (.bss)

.noinit         0x000027c2        0x2 load address 0x0000b5b2
                0x000027c2                . = ALIGN (0x2)
                0x000027c2                __noinit_start = .
 *(.noinit .noinit.*)
 .noinit.crt0   0x000027c2        0x2 /usr/local/msp430/bin/../lib/gcc/msp430/4.7.0/mmpy-16/libcrt0.a(__watchdog_support.o)
                0x000027c2                __wdt_clear_value
                0x000027c4                . = ALIGN (0x2)
                0x000027c4                __noinit_end = .
                0x000027c4                . = ALIGN (0x2)
                0x000027c4                _end = .

.infomem        0x00001000        0x0
                0x00001000                . = ALIGN (0x2)
 *(.infomem .infomem.*)

.infomemnobits  0x00001000        0x0
                0x00001000                . = ALIGN (0x2)
 *(.infomemnobits .infomemnobits.*)

.infoa          0x00001080        0x0
                0x00001080                . = ALIGN (0x2)
 *(.infoa .infoa.*)

.infob          0x00001000        0x0
                0x00001000                . = ALIGN (0x2)
 *(.infob .infob.*)

.infoc          0x00000000        0x0
                0x00000000                . = ALIGN (0x2)
 *(.infoc .infoc.*)

.infod          0x00000000        0x0
                0x00000000                . = ALIGN (0x2)
 *(.infod .infod.*)

.vectors        0x0000ffe0       0x20
                0x0000ffe0                __vectors_start = .
 *(.vectors*)
 .vectors       0x0000ffe0       0x20 /usr/local/msp430/bin/../lib/gcc/msp430/4.7.0/mmpy-16/crt0ivtbl16.o
                0x0000ffe0                __ivtbl_16
                0x00010000                _vectors_end = .

.fartext        0x00000000        0x0
                0x00000000                . = ALIGN (0x2)
 *(.fartext .fartext.*)

.far.text       0x00000000        0x0
                0x00000000                . = ALIGN (0x2)
 *(.far.text .far.text.*)

.far.rodata     0x00000000        0x0
                0x00000000                . = ALIGN (0x2)
 *(.far.rodata .far.rodata.*)
                0x00000000                . = ALIGN (0x2)
                0x00000000                _efartext = .

.far.data       0x00000000        0x0
                0x00000000                . = ALIGN (0x2)
                0x00000000                __far_data_start = .
 *(.far.data .far.data.*)
                0x00000000                . = ALIGN (0x2)
                0x00000000                _efardata = .
                0x00000000                __far_data_load_start = LOADADDR (.far.data)
                0x00000000                __far_data_size = SIZEOF (.far.data)

.far.bss        0x00000000        0x0
                0x00000000                . = ALIGN (0x2)
                0x00000000                __far_bss_start = .
 *(.far.bss .far.bss.*)
                0x00000000                . = ALIGN (0x2)
                0x00000000                __far_bss_end = .
                0x00000000                __far_bss_size = SIZEOF (.far.bss)
                0x00000000                . = ALIGN (0x2)
                0x00000000                _far_end = .

.profiler
 *(.profiler)

.stab
 *(.stab)

.stabstr
 *(.stabstr)

.stab.excl
 *(.stab.excl)

.stab.exclstr
 *(.stab.exclstr)

.stab.index
 *(.stab.index)

.stab.indexstr
 *(.stab.indexstr)

.comment        0x00000000       0x30
 *(.comment)
 .comment       0x00000000       0x30 tpsn.co
                                 0x31 (size before relaxing)
 .comment       0x00000000       0x31 obj_sky/contiki-sky-main.o
 .comment       0x00000000       0x31 contiki-sky.a(rimeaddr.o)
 .comment       0x00000000       0x31 contiki-sky.a(rime.o)
 .comment       0x00000000       0x31 contiki-sky.a(announcement.o)
 .comment       0x00000000       0x31 contiki-sky.a(broadcast-annou)
 .comment       0x00000000       0x31 contiki-sky.a(broadcast.o)
 .comment       0x00000000       0x31 contiki-sky.a(abc.o)
 .comment       0x00000000       0x31 contiki-sky.a(chameleon.o)
 .comment       0x00000000       0x31 contiki-sky.a(channel.o)
 .comment       0x00000000       0x31 contiki-sky.a(chameleon-bitop)
 .comment       0x00000000       0x31 contiki-sky.a(nullrdc.o)
 .comment       0x00000000       0x31 contiki-sky.a(mac.o)
 .comment       0x00000000       0x31 contiki-sky.a(framer-802154.o)
 .comment       0x00000000       0x31 contiki-sky.a(csma.o)
 .comment       0x00000000       0x31 contiki-sky.a(process.o)
 .comment       0x00000000       0x31 contiki-sky.a(autostart.o)
 .comment       0x00000000       0x31 contiki-sky.a(memb.o)
 .comment       0x00000000       0x31 contiki-sky.a(timer.o)
 .comment       0x00000000       0x31 contiki-sky.a(list.o)
 .comment       0x00000000       0x31 contiki-sky.a(etimer.o)
 .comment       0x00000000       0x31 contiki-sky.a(ctimer.o)
 .comment       0x00000000       0x31 contiki-sky.a(energest.o)
 .comment       0x00000000       0x31 contiki-sky.a(rtimer.o)
 .comment       0x00000000       0x31 contiki-sky.a(random.o)
 .comment       0x00000000       0x31 contiki-sky.a(packetbuf.o)
 .comment       0x00000000       0x31 contiki-sky.a(queuebuf.o)
 .comment       0x00000000       0x31 contiki-sky.a(tcpip.o)
 .comment       0x00000000       0x31 contiki-sky.a(uip-fw-drv.o)
 .comment       0x00000000       0x31 contiki-sky.a(uip-fw.o)
 .comment       0x00000000       0x31 contiki-sky.a(uip-over-mesh.o)
 .comment       0x00000000       0x31 contiki-sky.a(uip.o)
 .comment       0x00000000       0x31 contiki-sky.a(contiki-sky-pla)
 .comment       0x00000000       0x31 contiki-sky.a(button-sensor.o)
 .comment       0x00000000       0x31 contiki-sky.a(ds2411.o)
 .comment       0x00000000       0x31 contiki-sky.a(xmem.o)
 .comment       0x00000000       0x31 contiki-sky.a(node-id.o)
 .comment       0x00000000       0x31 contiki-sky.a(sensors.o)
 .comment       0x00000000       0x31 contiki-sky.a(cc2420.o)
 .comment       0x00000000       0x31 contiki-sky.a(cc2420-arch.o)
 .comment       0x00000000       0x31 contiki-sky.a(uip-ipchksum.o)
 .comment       0x00000000       0x31 contiki-sky.a(uart1.o)
 .comment       0x00000000       0x31 contiki-sky.a(slip_uart1.o)
 .comment       0x00000000       0x31 contiki-sky.a(slip.o)
 .comment       0x00000000       0x31 contiki-sky.a(msp430.o)
 .comment       0x00000000       0x31 contiki-sky.a(clock.o)
 .comment       0x00000000       0x31 contiki-sky.a(leds.o)
 .comment       0x00000000       0x31 contiki-sky.a(leds-arch.o)
 .comment       0x00000000       0x31 contiki-sky.a(watchdog.o)
 .comment       0x00000000       0x31 contiki-sky.a(rtimer-arch.o)
 .comment       0x00000000       0x31 contiki-sky.a(unicast.o)
 .comment       0x00000000       0x31 contiki-sky.a(trickle.o)
 .comment       0x00000000       0x31 contiki-sky.a(route.o)
 .comment       0x00000000       0x31 contiki-sky.a(route-discovery)
 .comment       0x00000000       0x31 contiki-sky.a(frame802154.o)
 .comment       0x00000000       0x31 contiki-sky.a(spi.o)
 .comment       0x00000000       0x31 contiki-sky.a(netflood.o)
 .comment       0x00000000       0x31 contiki-sky.a(ipolite.o)
 .comment       0x00000000       0x31 /usr/local/msp430/bin/../lib/gcc/msp430/4.7.0/mmpy-16/libgcc.a(_mul_sf.o)
 .comment       0x00000000       0x31 /usr/local/msp430/bin/../lib/gcc/msp430/4.7.0/mmpy-16/libgcc.a(_sf_to_si.o)
 .comment       0x00000000       0x31 /usr/local/msp430/bin/../lib/gcc/msp430/4.7.0/mmpy-16/libgcc.a(_thenan_sf.o)
 .comment       0x00000000       0x31 /usr/local/msp430/bin/../lib/gcc/msp430/4.7.0/mmpy-16/libgcc.a(_usi_to_sf.o)
 .comment       0x00000000       0x31 /usr/local/msp430/bin/../lib/gcc/msp430/4.7.0/mmpy-16/libgcc.a(_clzsi2.o)
 .comment       0x00000000       0x31 /usr/local/msp430/bin/../lib/gcc/msp430/4.7.0/mmpy-16/libgcc.a(_pack_sf.o)
 .comment       0x00000000       0x31 /usr/local/msp430/bin/../lib/gcc/msp430/4.7.0/mmpy-16/libgcc.a(_unpack_sf.o)
 .comment       0x00000000       0x31 /usr/local/msp430/bin/../lib/gcc/msp430/4.7.0/mmpy-16/libgcc.a(_clz.o)
 .comment       0x00000000       0x31 /usr/local/msp430/bin/../lib/gcc/msp430/4.7.0/../../../../msp430/lib/mmpy-16/libc.a(printf.o)
 .comment       0x00000000       0x31 /usr/local/msp430/bin/../lib/gcc/msp430/4.7.0/../../../../msp430/lib/mmpy-16/libc.a(vuprintf.o)
 .comment       0x00000000       0x31 /usr/local/msp430/bin/../lib/gcc/msp430/4.7.0/../../../../msp430/lib/mmpy-16/libc.a(puts.o)
 .comment       0x00000000       0x31 /usr/local/msp430/bin/../lib/gcc/msp430/4.7.0/../../../../msp430/lib/mmpy-16/libc.a(rand.o)
 .comment       0x00000000       0x31 /usr/local/msp430/bin/../lib/gcc/msp430/4.7.0/../../../../msp430/lib/mmpy-16/libc.a(strncmp.o)
 .comment       0x00000000       0x31 /usr/local/msp430/bin/../lib/gcc/msp430/4.7.0/../../../../msp430/lib/mmpy-16/libc.a(memcmp.o)
 .comment       0x00000000       0x31 /usr/local/msp430/bin/../lib/gcc/msp430/4.7.0/../../../../msp430/lib/mmpy-16/libc.a(memcpy.o)
 .comment       0x00000000       0x31 /usr/local/msp430/bin/../lib/gcc/msp430/4.7.0/../../../../msp430/lib/mmpy-16/libc.a(memset.o)

.debug
 *(.debug)

.line
 *(.line)

.debug_srcinfo
 *(.debug_srcinfo)

.debug_sfnames
 *(.debug_sfnames)

.debug_aranges  0x00000000      0x224
 *(.debug_aranges)
 .debug_aranges
                0x00000000       0x14 /usr/local/msp430/bin/../lib/gcc/msp430/4.7.0/mmpy-16/crt0ivtbl16.o
 .debug_aranges
                0x00000014       0x14 /usr/local/msp430/bin/../lib/gcc/msp430/4.7.0/mmpy-16/libgcc.a(_mulsi3.o)
 .debug_aranges
                0x00000028       0x14 /usr/local/msp430/bin/../lib/gcc/msp430/4.7.0/mmpy-16/libgcc.a(_udivmod32.o)
 .debug_aranges
                0x0000003c       0x14 /usr/local/msp430/bin/../lib/gcc/msp430/4.7.0/mmpy-16/libgcc.a(_mul_sf.o)
 .debug_aranges
                0x00000050       0x14 /usr/local/msp430/bin/../lib/gcc/msp430/4.7.0/mmpy-16/libgcc.a(_sf_to_si.o)
 .debug_aranges
                0x00000064       0x10 /usr/local/msp430/bin/../lib/gcc/msp430/4.7.0/mmpy-16/libgcc.a(_thenan_sf.o)
 .debug_aranges
                0x00000074       0x14 /usr/local/msp430/bin/../lib/gcc/msp430/4.7.0/mmpy-16/libgcc.a(_usi_to_sf.o)
 .debug_aranges
                0x00000088       0x14 /usr/local/msp430/bin/../lib/gcc/msp430/4.7.0/mmpy-16/libgcc.a(_clzsi2.o)
 .debug_aranges
                0x0000009c       0x14 /usr/local/msp430/bin/../lib/gcc/msp430/4.7.0/mmpy-16/libgcc.a(_pack_sf.o)
 .debug_aranges
                0x000000b0       0x14 /usr/local/msp430/bin/../lib/gcc/msp430/4.7.0/mmpy-16/libgcc.a(_unpack_sf.o)
 .debug_aranges
                0x000000c4       0x10 /usr/local/msp430/bin/../lib/gcc/msp430/4.7.0/mmpy-16/libgcc.a(_clz.o)
 .debug_aranges
                0x000000d4       0x18 /usr/local/msp430/bin/../lib/gcc/msp430/4.7.0/../../../../msp430/lib/mmpy-16/libc.a(printf.o)
 .debug_aranges
                0x000000ec       0x18 /usr/local/msp430/bin/../lib/gcc/msp430/4.7.0/../../../../msp430/lib/mmpy-16/libc.a(vuprintf.o)
 .debug_aranges
                0x00000104       0x14 /usr/local/msp430/bin/../lib/gcc/msp430/4.7.0/../../../../msp430/lib/mmpy-16/libc.a(puts.o)
 .debug_aranges
                0x00000118       0x1c /usr/local/msp430/bin/../lib/gcc/msp430/4.7.0/../../../../msp430/lib/mmpy-16/libc.a(rand.o)
 .debug_aranges
                0x00000134       0x14 /usr/local/msp430/bin/../lib/gcc/msp430/4.7.0/../../../../msp430/lib/mmpy-16/libc.a(strncmp.o)
 .debug_aranges
                0x00000148       0x14 /usr/local/msp430/bin/../lib/gcc/msp430/4.7.0/../../../../msp430/lib/mmpy-16/libc.a(memcmp.o)
 .debug_aranges
                0x0000015c       0x14 /usr/local/msp430/bin/../lib/gcc/msp430/4.7.0/../../../../msp430/lib/mmpy-16/libc.a(memcpy.o)
 .debug_aranges
                0x00000170       0x14 /usr/local/msp430/bin/../lib/gcc/msp430/4.7.0/../../../../msp430/lib/mmpy-16/libc.a(memset.o)
 .debug_aranges
                0x00000184       0x14 /usr/local/msp430/bin/../lib/gcc/msp430/4.7.0/mmpy-16/libgcc.a(_udivmod16.o)
 .debug_aranges
                0x00000198       0x14 /usr/local/msp430/bin/../lib/gcc/msp430/4.7.0/mmpy-16/libgcc.a(_udivmod64.o)
 .debug_aranges
                0x000001ac       0x14 /usr/local/msp430/bin/../lib/gcc/msp430/4.7.0/mmpy-16/libcrt0.a(__watchdog_support.o)
 .debug_aranges
                0x000001c0       0x14 /usr/local/msp430/bin/../lib/gcc/msp430/4.7.0/mmpy-16/libcrt0.a(__init_stack.o)
 .debug_aranges
                0x000001d4       0x14 /usr/local/msp430/bin/../lib/gcc/msp430/4.7.0/mmpy-16/libcrt0.a(_copy_data.o)
 .debug_aranges
                0x000001e8       0x14 /usr/local/msp430/bin/../lib/gcc/msp430/4.7.0/mmpy-16/libcrt0.a(_clear_bss.o)
 .debug_aranges
                0x000001fc       0x14 /usr/local/msp430/bin/../lib/gcc/msp430/4.7.0/mmpy-16/libcrt0.a(_endless_loop__.o)
 .debug_aranges
                0x00000210       0x14 /usr/local/msp430/bin/../lib/gcc/msp430/4.7.0/mmpy-16/libcrt0.a(_unexpected_.o)

.debug_pubnames
 *(.debug_pubnames)

.debug_info     0x00000000     0x2549
 *(.debug_info)
 .debug_info    0x00000000       0x9b /usr/local/msp430/bin/../lib/gcc/msp430/4.7.0/mmpy-16/crt0ivtbl16.o
 .debug_info    0x0000009b       0x98 /usr/local/msp430/bin/../lib/gcc/msp430/4.7.0/mmpy-16/libgcc.a(_mulsi3.o)
 .debug_info    0x00000133       0x98 /usr/local/msp430/bin/../lib/gcc/msp430/4.7.0/mmpy-16/libgcc.a(_udivmod32.o)
 .debug_info    0x000001cb      0x447 /usr/local/msp430/bin/../lib/gcc/msp430/4.7.0/mmpy-16/libgcc.a(_mul_sf.o)
 .debug_info    0x00000612      0x2cb /usr/local/msp430/bin/../lib/gcc/msp430/4.7.0/mmpy-16/libgcc.a(_sf_to_si.o)
 .debug_info    0x000008dd      0x167 /usr/local/msp430/bin/../lib/gcc/msp430/4.7.0/mmpy-16/libgcc.a(_thenan_sf.o)
 .debug_info    0x00000a44      0x240 /usr/local/msp430/bin/../lib/gcc/msp430/4.7.0/mmpy-16/libgcc.a(_usi_to_sf.o)
 .debug_info    0x00000c84      0x111 /usr/local/msp430/bin/../lib/gcc/msp430/4.7.0/mmpy-16/libgcc.a(_clzsi2.o)
 .debug_info    0x00000d95      0x2ba /usr/local/msp430/bin/../lib/gcc/msp430/4.7.0/mmpy-16/libgcc.a(_pack_sf.o)
 .debug_info    0x0000104f      0x24a /usr/local/msp430/bin/../lib/gcc/msp430/4.7.0/mmpy-16/libgcc.a(_unpack_sf.o)
 .debug_info    0x00001299       0xc3 /usr/local/msp430/bin/../lib/gcc/msp430/4.7.0/mmpy-16/libgcc.a(_clz.o)
 .debug_info    0x0000135c      0x16e /usr/local/msp430/bin/../lib/gcc/msp430/4.7.0/../../../../msp430/lib/mmpy-16/libc.a(printf.o)
 .debug_info    0x000014ca      0x5d4 /usr/local/msp430/bin/../lib/gcc/msp430/4.7.0/../../../../msp430/lib/mmpy-16/libc.a(vuprintf.o)
 .debug_info    0x00001a9e       0xc7 /usr/local/msp430/bin/../lib/gcc/msp430/4.7.0/../../../../msp430/lib/mmpy-16/libc.a(puts.o)
 .debug_info    0x00001b65      0x146 /usr/local/msp430/bin/../lib/gcc/msp430/4.7.0/../../../../msp430/lib/mmpy-16/libc.a(rand.o)
 .debug_info    0x00001cab       0xc2 /usr/local/msp430/bin/../lib/gcc/msp430/4.7.0/../../../../msp430/lib/mmpy-16/libc.a(strncmp.o)
 .debug_info    0x00001d6d       0xe5 /usr/local/msp430/bin/../lib/gcc/msp430/4.7.0/../../../../msp430/lib/mmpy-16/libc.a(memcmp.o)
 .debug_info    0x00001e52      0x12c /usr/local/msp430/bin/../lib/gcc/msp430/4.7.0/../../../../msp430/lib/mmpy-16/libc.a(memcpy.o)
 .debug_info    0x00001f7e      0x117 /usr/local/msp430/bin/../lib/gcc/msp430/4.7.0/../../../../msp430/lib/mmpy-16/libc.a(memset.o)
 .debug_info    0x00002095       0x98 /usr/local/msp430/bin/../lib/gcc/msp430/4.7.0/mmpy-16/libgcc.a(_udivmod16.o)
 .debug_info    0x0000212d       0x98 /usr/local/msp430/bin/../lib/gcc/msp430/4.7.0/mmpy-16/libgcc.a(_udivmod64.o)
 .debug_info    0x000021c5       0x96 /usr/local/msp430/bin/../lib/gcc/msp430/4.7.0/mmpy-16/libcrt0.a(__watchdog_support.o)
 .debug_info    0x0000225b       0x96 /usr/local/msp430/bin/../lib/gcc/msp430/4.7.0/mmpy-16/libcrt0.a(__init_stack.o)
 .debug_info    0x000022f1       0x96 /usr/local/msp430/bin/../lib/gcc/msp430/4.7.0/mmpy-16/libcrt0.a(_copy_data.o)
 .debug_info    0x00002387       0x96 /usr/local/msp430/bin/../lib/gcc/msp430/4.7.0/mmpy-16/libcrt0.a(_clear_bss.o)
 .debug_info    0x0000241d       0x96 /usr/local/msp430/bin/../lib/gcc/msp430/4.7.0/mmpy-16/libcrt0.a(_endless_loop__.o)
 .debug_info    0x000024b3       0x96 /usr/local/msp430/bin/../lib/gcc/msp430/4.7.0/mmpy-16/libcrt0.a(_unexpected_.o)
 *(.gnu.linkonce.wi.*)

.debug_abbrev   0x00000000     0x1262
 *(.debug_abbrev)
 .debug_abbrev  0x00000000       0x14 /usr/local/msp430/bin/../lib/gcc/msp430/4.7.0/mmpy-16/crt0ivtbl16.o
 .debug_abbrev  0x00000014       0x14 /usr/local/msp430/bin/../lib/gcc/msp430/4.7.0/mmpy-16/libgcc.a(_mulsi3.o)
 .debug_abbrev  0x00000028       0x14 /usr/local/msp430/bin/../lib/gcc/msp430/4.7.0/mmpy-16/libgcc.a(_udivmod32.o)
 .debug_abbrev  0x0000003c      0x23a /usr/local/msp430/bin/../lib/gcc/msp430/4.7.0/mmpy-16/libgcc.a(_mul_sf.o)
 .debug_abbrev  0x00000276      0x194 /usr/local/msp430/bin/../lib/gcc/msp430/4.7.0/mmpy-16/libgcc.a(_sf_to_si.o)
 .debug_abbrev  0x0000040a       0xc5 /usr/local/msp430/bin/../lib/gcc/msp430/4.7.0/mmpy-16/libgcc.a(_thenan_sf.o)
 .debug_abbrev  0x000004cf      0x1b6 /usr/local/msp430/bin/../lib/gcc/msp430/4.7.0/mmpy-16/libgcc.a(_usi_to_sf.o)
 .debug_abbrev  0x00000685       0xaf /usr/local/msp430/bin/../lib/gcc/msp430/4.7.0/mmpy-16/libgcc.a(_clzsi2.o)
 .debug_abbrev  0x00000734      0x197 /usr/local/msp430/bin/../lib/gcc/msp430/4.7.0/mmpy-16/libgcc.a(_pack_sf.o)
 .debug_abbrev  0x000008cb      0x150 /usr/local/msp430/bin/../lib/gcc/msp430/4.7.0/mmpy-16/libgcc.a(_unpack_sf.o)
 .debug_abbrev  0x00000a1b       0x75 /usr/local/msp430/bin/../lib/gcc/msp430/4.7.0/mmpy-16/libgcc.a(_clz.o)
 .debug_abbrev  0x00000a90       0xfa /usr/local/msp430/bin/../lib/gcc/msp430/4.7.0/../../../../msp430/lib/mmpy-16/libc.a(printf.o)
 .debug_abbrev  0x00000b8a      0x23e /usr/local/msp430/bin/../lib/gcc/msp430/4.7.0/../../../../msp430/lib/mmpy-16/libc.a(vuprintf.o)
 .debug_abbrev  0x00000dc8       0xa3 /usr/local/msp430/bin/../lib/gcc/msp430/4.7.0/../../../../msp430/lib/mmpy-16/libc.a(puts.o)
 .debug_abbrev  0x00000e6b       0xfb /usr/local/msp430/bin/../lib/gcc/msp430/4.7.0/../../../../msp430/lib/mmpy-16/libc.a(rand.o)
 .debug_abbrev  0x00000f66       0x72 /usr/local/msp430/bin/../lib/gcc/msp430/4.7.0/../../../../msp430/lib/mmpy-16/libc.a(strncmp.o)
 .debug_abbrev  0x00000fd8       0x9e /usr/local/msp430/bin/../lib/gcc/msp430/4.7.0/../../../../msp430/lib/mmpy-16/libc.a(memcmp.o)
 .debug_abbrev  0x00001076       0xab /usr/local/msp430/bin/../lib/gcc/msp430/4.7.0/../../../../msp430/lib/mmpy-16/libc.a(memcpy.o)
 .debug_abbrev  0x00001121       0xa1 /usr/local/msp430/bin/../lib/gcc/msp430/4.7.0/../../../../msp430/lib/mmpy-16/libc.a(memset.o)
 .debug_abbrev  0x000011c2       0x14 /usr/local/msp430/bin/../lib/gcc/msp430/4.7.0/mmpy-16/libgcc.a(_udivmod16.o)
 .debug_abbrev  0x000011d6       0x14 /usr/local/msp430/bin/../lib/gcc/msp430/4.7.0/mmpy-16/libgcc.a(_udivmod64.o)
 .debug_abbrev  0x000011ea       0x14 /usr/local/msp430/bin/../lib/gcc/msp430/4.7.0/mmpy-16/libcrt0.a(__watchdog_support.o)
 .debug_abbrev  0x000011fe       0x14 /usr/local/msp430/bin/../lib/gcc/msp430/4.7.0/mmpy-16/libcrt0.a(__init_stack.o)
 .debug_abbrev  0x00001212       0x14 /usr/local/msp430/bin/../lib/gcc/msp430/4.7.0/mmpy-16/libcrt0.a(_copy_data.o)
 .debug_abbrev  0x00001226       0x14 /usr/local/msp430/bin/../lib/gcc/msp430/4.7.0/mmpy-16/libcrt0.a(_clear_bss.o)
 .debug_abbrev  0x0000123a       0x14 /usr/local/msp430/bin/../lib/gcc/msp430/4.7.0/mmpy-16/libcrt0.a(_endless_loop__.o)
 .debug_abbrev  0x0000124e       0x14 /usr/local/msp430/bin/../lib/gcc/msp430/4.7.0/mmpy-16/libcrt0.a(_unexpected_.o)

.debug_line     0x00000000     0x1181
 *(.debug_line)
 .debug_line    0x00000000       0x64 /usr/local/msp430/bin/../lib/gcc/msp430/4.7.0/mmpy-16/crt0ivtbl16.o
 .debug_line    0x00000064       0x77 /usr/local/msp430/bin/../lib/gcc/msp430/4.7.0/mmpy-16/libgcc.a(_mulsi3.o)
 .debug_line    0x000000db       0x7f /usr/local/msp430/bin/../lib/gcc/msp430/4.7.0/mmpy-16/libgcc.a(_udivmod32.o)
 .debug_line    0x0000015a       0xe7 /usr/local/msp430/bin/../lib/gcc/msp430/4.7.0/mmpy-16/libgcc.a(_mul_sf.o)
 .debug_line    0x00000241       0x83 /usr/local/msp430/bin/../lib/gcc/msp430/4.7.0/mmpy-16/libgcc.a(_sf_to_si.o)
 .debug_line    0x000002c4       0x90 /usr/local/msp430/bin/../lib/gcc/msp430/4.7.0/mmpy-16/libgcc.a(_thenan_sf.o)
 .debug_line    0x00000354       0x86 /usr/local/msp430/bin/../lib/gcc/msp430/4.7.0/mmpy-16/libgcc.a(_usi_to_sf.o)
 .debug_line    0x000003da       0x92 /usr/local/msp430/bin/../lib/gcc/msp430/4.7.0/mmpy-16/libgcc.a(_clzsi2.o)
 .debug_line    0x0000046c       0xb8 /usr/local/msp430/bin/../lib/gcc/msp430/4.7.0/mmpy-16/libgcc.a(_pack_sf.o)
 .debug_line    0x00000524       0x9b /usr/local/msp430/bin/../lib/gcc/msp430/4.7.0/mmpy-16/libgcc.a(_unpack_sf.o)
 .debug_line    0x000005bf       0x92 /usr/local/msp430/bin/../lib/gcc/msp430/4.7.0/mmpy-16/libgcc.a(_clz.o)
 .debug_line    0x00000651       0xa9 /usr/local/msp430/bin/../lib/gcc/msp430/4.7.0/../../../../msp430/lib/mmpy-16/libc.a(printf.o)
 .debug_line    0x000006fa      0x30a /usr/local/msp430/bin/../lib/gcc/msp430/4.7.0/../../../../msp430/lib/mmpy-16/libc.a(vuprintf.o)
 .debug_line    0x00000a04       0x65 /usr/local/msp430/bin/../lib/gcc/msp430/4.7.0/../../../../msp430/lib/mmpy-16/libc.a(puts.o)
 .debug_line    0x00000a69       0x68 /usr/local/msp430/bin/../lib/gcc/msp430/4.7.0/../../../../msp430/lib/mmpy-16/libc.a(rand.o)
 .debug_line    0x00000ad1       0x8f /usr/local/msp430/bin/../lib/gcc/msp430/4.7.0/../../../../msp430/lib/mmpy-16/libc.a(strncmp.o)
 .debug_line    0x00000b60       0x8f /usr/local/msp430/bin/../lib/gcc/msp430/4.7.0/../../../../msp430/lib/mmpy-16/libc.a(memcmp.o)
 .debug_line    0x00000bef      0x118 /usr/local/msp430/bin/../lib/gcc/msp430/4.7.0/../../../../msp430/lib/mmpy-16/libc.a(memcpy.o)
 .debug_line    0x00000d07       0xf2 /usr/local/msp430/bin/../lib/gcc/msp430/4.7.0/../../../../msp430/lib/mmpy-16/libc.a(memset.o)
 .debug_line    0x00000df9       0x70 /usr/local/msp430/bin/../lib/gcc/msp430/4.7.0/mmpy-16/libgcc.a(_udivmod16.o)
 .debug_line    0x00000e69       0xc9 /usr/local/msp430/bin/../lib/gcc/msp430/4.7.0/mmpy-16/libgcc.a(_udivmod64.o)
 .debug_line    0x00000f32       0x62 /usr/local/msp430/bin/../lib/gcc/msp430/4.7.0/mmpy-16/libcrt0.a(__watchdog_support.o)
 .debug_line    0x00000f94       0x60 /usr/local/msp430/bin/../lib/gcc/msp430/4.7.0/mmpy-16/libcrt0.a(__init_stack.o)
 .debug_line    0x00000ff4       0x66 /usr/local/msp430/bin/../lib/gcc/msp430/4.7.0/mmpy-16/libcrt0.a(_copy_data.o)
 .debug_line    0x0000105a       0x66 /usr/local/msp430/bin/../lib/gcc/msp430/4.7.0/mmpy-16/libcrt0.a(_clear_bss.o)
 .debug_line    0x000010c0       0x61 /usr/local/msp430/bin/../lib/gcc/msp430/4.7.0/mmpy-16/libcrt0.a(_endless_loop__.o)
 .debug_line    0x00001121       0x60 /usr/local/msp430/bin/../lib/gcc/msp430/4.7.0/mmpy-16/libcrt0.a(_unexpected_.o)

.debug_frame    0x00000000      0x30e
 *(.debug_frame)
 .debug_frame   0x00000000       0x4a /usr/local/msp430/bin/../lib/gcc/msp430/4.7.0/mmpy-16/libgcc.a(_mul_sf.o)
 .debug_frame   0x0000004a       0x22 /usr/local/msp430/bin/../lib/gcc/msp430/4.7.0/mmpy-16/libgcc.a(_sf_to_si.o)
 .debug_frame   0x0000006c       0x36 /usr/local/msp430/bin/../lib/gcc/msp430/4.7.0/mmpy-16/libgcc.a(_usi_to_sf.o)
 .debug_frame   0x000000a2       0x2e /usr/local/msp430/bin/../lib/gcc/msp430/4.7.0/mmpy-16/libgcc.a(_clzsi2.o)
 .debug_frame   0x000000d0       0x32 /usr/local/msp430/bin/../lib/gcc/msp430/4.7.0/mmpy-16/libgcc.a(_pack_sf.o)
 .debug_frame   0x00000102       0x32 /usr/local/msp430/bin/../lib/gcc/msp430/4.7.0/mmpy-16/libgcc.a(_unpack_sf.o)
 .debug_frame   0x00000134       0x2a /usr/local/msp430/bin/../lib/gcc/msp430/4.7.0/../../../../msp430/lib/mmpy-16/libc.a(printf.o)
 .debug_frame   0x0000015e       0xa0 /usr/local/msp430/bin/../lib/gcc/msp430/4.7.0/../../../../msp430/lib/mmpy-16/libc.a(vuprintf.o)
 .debug_frame   0x000001fe       0x24 /usr/local/msp430/bin/../lib/gcc/msp430/4.7.0/../../../../msp430/lib/mmpy-16/libc.a(puts.o)
 .debug_frame   0x00000222       0x3c /usr/local/msp430/bin/../lib/gcc/msp430/4.7.0/../../../../msp430/lib/mmpy-16/libc.a(rand.o)
 .debug_frame   0x0000025e       0x24 /usr/local/msp430/bin/../lib/gcc/msp430/4.7.0/../../../../msp430/lib/mmpy-16/libc.a(strncmp.o)
 .debug_frame   0x00000282       0x28 /usr/local/msp430/bin/../lib/gcc/msp430/4.7.0/../../../../msp430/lib/mmpy-16/libc.a(memcmp.o)
 .debug_frame   0x000002aa       0x32 /usr/local/msp430/bin/../lib/gcc/msp430/4.7.0/../../../../msp430/lib/mmpy-16/libc.a(memcpy.o)
 .debug_frame   0x000002dc       0x32 /usr/local/msp430/bin/../lib/gcc/msp430/4.7.0/../../../../msp430/lib/mmpy-16/libc.a(memset.o)

.debug_str      0x00000000      0x665
 *(.debug_str)
 .debug_str     0x00000000      0x1d8 /usr/local/msp430/bin/../lib/gcc/msp430/4.7.0/mmpy-16/libgcc.a(_mul_sf.o)
                                0x21f (size before relaxing)
 .debug_str     0x000001d8        0xa /usr/local/msp430/bin/../lib/gcc/msp430/4.7.0/mmpy-16/libgcc.a(_sf_to_si.o)
                                0x1ed (size before relaxing)
 .debug_str     0x000001e2       0x57 /usr/local/msp430/bin/../lib/gcc/msp430/4.7.0/mmpy-16/libgcc.a(_thenan_sf.o)
                                0x1db (size before relaxing)
 .debug_str     0x00000239       0x2a /usr/local/msp430/bin/../lib/gcc/msp430/4.7.0/mmpy-16/libgcc.a(_usi_to_sf.o)
                                0x1cd (size before relaxing)
 .debug_str     0x00000263       0x71 /usr/local/msp430/bin/../lib/gcc/msp430/4.7.0/mmpy-16/libgcc.a(_clzsi2.o)
                                0x14c (size before relaxing)
 .debug_str     0x000002d4        0x7 /usr/local/msp430/bin/../lib/gcc/msp430/4.7.0/mmpy-16/libgcc.a(_pack_sf.o)
                                0x1e1 (size before relaxing)
 .debug_str     0x00000000      0x1c3 /usr/local/msp430/bin/../lib/gcc/msp430/4.7.0/mmpy-16/libgcc.a(_unpack_sf.o)
 .debug_str     0x00000000      0x186 /usr/local/msp430/bin/../lib/gcc/msp430/4.7.0/mmpy-16/libgcc.a(_clz.o)
 .debug_str     0x000002db       0x90 /usr/local/msp430/bin/../lib/gcc/msp430/4.7.0/../../../../msp430/lib/mmpy-16/libc.a(printf.o)
                                0x136 (size before relaxing)
 .debug_str     0x0000036b      0x20f /usr/local/msp430/bin/../lib/gcc/msp430/4.7.0/../../../../msp430/lib/mmpy-16/libc.a(vuprintf.o)
                                0x381 (size before relaxing)
 .debug_str     0x0000057a       0x1d /usr/local/msp430/bin/../lib/gcc/msp430/4.7.0/../../../../msp430/lib/mmpy-16/libc.a(puts.o)
                                 0xfb (size before relaxing)
 .debug_str     0x00000597       0x2f /usr/local/msp430/bin/../lib/gcc/msp430/4.7.0/../../../../msp430/lib/mmpy-16/libc.a(rand.o)
                                0x112 (size before relaxing)
 .debug_str     0x000005c6       0x22 /usr/local/msp430/bin/../lib/gcc/msp430/4.7.0/../../../../msp430/lib/mmpy-16/libc.a(strncmp.o)
                                0x100 (size before relaxing)
 .debug_str     0x000005e8       0x19 /usr/local/msp430/bin/../lib/gcc/msp430/4.7.0/../../../../msp430/lib/mmpy-16/libc.a(memcmp.o)
                                 0xfe (size before relaxing)
 .debug_str     0x00000601       0x3e /usr/local/msp430/bin/../lib/gcc/msp430/4.7.0/../../../../msp430/lib/mmpy-16/libc.a(memcpy.o)
                                0x12c (size before relaxing)
 .debug_str     0x0000063f       0x26 /usr/local/msp430/bin/../lib/gcc/msp430/4.7.0/../../../../msp430/lib/mmpy-16/libc.a(memset.o)
                                0x12a (size before relaxing)

.debug_loc      0x00000000     0x1395
 *(.debug_loc)
 .debug_loc     0x00000000      0x1e1 /usr/local/msp430/bin/../lib/gcc/msp430/4.7.0/mmpy-16/libgcc.a(_mul_sf.o)
 .debug_loc     0x000001e1       0x5e /usr/local/msp430/bin/../lib/gcc/msp430/4.7.0/mmpy-16/libgcc.a(_sf_to_si.o)
 .debug_loc     0x0000023f      0x133 /usr/local/msp430/bin/../lib/gcc/msp430/4.7.0/mmpy-16/libgcc.a(_usi_to_sf.o)
 .debug_loc     0x00000372       0x80 /usr/local/msp430/bin/../lib/gcc/msp430/4.7.0/mmpy-16/libgcc.a(_clzsi2.o)
 .debug_loc     0x000003f2      0x226 /usr/local/msp430/bin/../lib/gcc/msp430/4.7.0/mmpy-16/libgcc.a(_pack_sf.o)
 .debug_loc     0x00000618      0x167 /usr/local/msp430/bin/../lib/gcc/msp430/4.7.0/mmpy-16/libgcc.a(_unpack_sf.o)
 .debug_loc     0x0000077f       0x4c /usr/local/msp430/bin/../lib/gcc/msp430/4.7.0/../../../../msp430/lib/mmpy-16/libc.a(printf.o)
 .debug_loc     0x000007cb      0x7fa /usr/local/msp430/bin/../lib/gcc/msp430/4.7.0/../../../../msp430/lib/mmpy-16/libc.a(vuprintf.o)
 .debug_loc     0x00000fc5       0x26 /usr/local/msp430/bin/../lib/gcc/msp430/4.7.0/../../../../msp430/lib/mmpy-16/libc.a(puts.o)
 .debug_loc     0x00000feb       0x4f /usr/local/msp430/bin/../lib/gcc/msp430/4.7.0/../../../../msp430/lib/mmpy-16/libc.a(rand.o)