Archive member included because of file (symbol)

contiki-sky.a(rimeaddr.o)     obj_sky/contiki-sky-main.o (rimeaddr_copy)
contiki-sky.a(rime.o)         obj_sky/contiki-sky-main.o (rime_driver)
contiki-sky.a(announcement.o)
                              contiki-sky.a(rime.o) (announcement_init)
contiki-sky.a(broadcast-annou)
                              contiki-sky.a(rime.o) (broadcast_announcement_init)
contiki-sky.a(broadcast.o)    contiki-sky.a(broadcast-annou) (broadcast_open)
contiki-sky.a(unicast.o)      tpsn.co (unicast_open)
contiki-sky.a(abc.o)          contiki-sky.a(broadcast.o) (abc_open)
contiki-sky.a(chameleon.o)    contiki-sky.a(rime.o) (chameleon_init)
contiki-sky.a(channel.o)      contiki-sky.a(chameleon.o) (channel_init)
contiki-sky.a(chameleon-bitop)
                              contiki-sky.a(chameleon.o) (chameleon_bitopt)
contiki-sky.a(nullrdc.o)      obj_sky/contiki-sky-main.o (nullrdc_driver)
contiki-sky.a(mac.o)          contiki-sky.a(nullrdc.o) (mac_call_sent_callback)
contiki-sky.a(framer-802154.o)
                              contiki-sky.a(nullrdc.o) (framer_802154)
contiki-sky.a(csma.o)         obj_sky/contiki-sky-main.o (csma_driver)
contiki-sky.a(process.o)      obj_sky/contiki-sky-main.o (process_init)
contiki-sky.a(autostart.o)    obj_sky/contiki-sky-main.o (autostart_start)
contiki-sky.a(memb.o)         contiki-sky.a(csma.o) (memb_init)
contiki-sky.a(timer.o)        obj_sky/contiki-sky-main.o (timer_set)
contiki-sky.a(list.o)         contiki-sky.a(announcement.o) (list_init)
contiki-sky.a(etimer.o)       obj_sky/contiki-sky-main.o (etimer_process)
contiki-sky.a(ctimer.o)       obj_sky/contiki-sky-main.o (ctimer_init)
contiki-sky.a(energest.o)     obj_sky/contiki-sky-main.o (energest_init)
contiki-sky.a(rtimer.o)       obj_sky/contiki-sky-main.o (rtimer_init)
contiki-sky.a(random.o)       obj_sky/contiki-sky-main.o (random_init)
contiki-sky.a(packetbuf.o)    tpsn.co (packetbuf_copyto)
contiki-sky.a(queuebuf.o)     contiki-sky.a(rime.o) (queuebuf_init)
contiki-sky.a(tcpip.o)        obj_sky/contiki-sky-main.o (tcpip_process)
contiki-sky.a(uip-fw-drv.o)   obj_sky/contiki-sky-main.o (uip_fw_process)
contiki-sky.a(uip-fw.o)       contiki-sky.a(uip-fw-drv.o) (uip_fw_output)
contiki-sky.a(uip-over-mesh.o)
                              obj_sky/contiki-sky-main.o (uip_over_mesh_init)
contiki-sky.a(uip.o)          contiki-sky.a(tcpip.o) (uip_aligned_buf)
contiki-sky.a(contiki-sky-pla)
                              obj_sky/contiki-sky-main.o (init_platform)
contiki-sky.a(button-sensor.o)
                              tpsn.co (button_sensor)
contiki-sky.a(ds2411.o)       obj_sky/contiki-sky-main.o (ds2411_init)
contiki-sky.a(xmem.o)         obj_sky/contiki-sky-main.o (xmem_init)
contiki-sky.a(node-id.o)      obj_sky/contiki-sky-main.o (node_id_restore)
contiki-sky.a(sensors.o)      tpsn.co (sensors_event)
contiki-sky.a(cc2420.o)       obj_sky/contiki-sky-main.o (cc2420_set_channel)
contiki-sky.a(cc2420-arch.o)  contiki-sky.a(cc2420.o) (cc2420_arch_init)
contiki-sky.a(uip-ipchksum.o)
                              contiki-sky.a(uip-fw.o) (uip_ipchksum)
contiki-sky.a(uart1.o)        obj_sky/contiki-sky-main.o (uart1_active)
contiki-sky.a(slip_uart1.o)   obj_sky/contiki-sky-main.o (putchar)
contiki-sky.a(slip.o)         obj_sky/contiki-sky-main.o (slip_set_input_callback)
contiki-sky.a(msp430.o)       contiki-sky.a(uart1.o) (msp430_add_lpm_req)
contiki-sky.a(clock.o)        tpsn.co (clock_time)
contiki-sky.a(leds.o)         obj_sky/contiki-sky-main.o (leds_init)
contiki-sky.a(leds-arch.o)    contiki-sky.a(leds.o) (leds_arch_init)
contiki-sky.a(watchdog.o)     obj_sky/contiki-sky-main.o (watchdog_start)
contiki-sky.a(rtimer-arch.o)  contiki-sky.a(rtimer.o) (rtimer_arch_init)
contiki-sky.a(trickle.o)      contiki-sky.a(uip-over-mesh.o) (trickle_open)
contiki-sky.a(route.o)        contiki-sky.a(uip-over-mesh.o) (route_init)
contiki-sky.a(route-discovery)
                              contiki-sky.a(uip-over-mesh.o) (route_discovery_open)
contiki-sky.a(frame802154.o)  contiki-sky.a(framer-802154.o) (frame802154_hdrlen)
contiki-sky.a(spi.o)          contiki-sky.a(xmem.o) (spi_init)
contiki-sky.a(netflood.o)     contiki-sky.a(route-discovery) (netflood_open)
contiki-sky.a(ipolite.o)      contiki-sky.a(netflood.o) (ipolite_open)
/usr/local/msp430/bin/../lib/gcc/msp430/4.7.0/mmpy-16/libgcc.a(_mulsi3.o)
                              tpsn.co (__mulsi3)
/usr/local/msp430/bin/../lib/gcc/msp430/4.7.0/mmpy-16/libgcc.a(_udivmod16.o)
                              tpsn.co (__udivhi3)
/usr/local/msp430/bin/../lib/gcc/msp430/4.7.0/mmpy-16/libgcc.a(_udivmod32.o)
                              obj_sky/contiki-sky-main.o (__udivsi3)
/usr/local/msp430/bin/../lib/gcc/msp430/4.7.0/mmpy-16/libgcc.a(_mul_sf.o)
                              tpsn.co (__mulsf3)
/usr/local/msp430/bin/../lib/gcc/msp430/4.7.0/mmpy-16/libgcc.a(_sf_to_si.o)
                              tpsn.co (__fixsfsi)
[...]
Memory Configuration

Name             Origin             Length             Attributes
sfr              0x00000000         0x00000010
peripheral_8bit  0x00000010         0x000000f0
peripheral_16bit 0x00000100         0x00000100
ram_mirror       0x00000200         0x00000800         xw
infomem          0x00001000         0x00000100
infob            0x00001000         0x00000080
infoa            0x00001080         0x00000080
ram              0x00001100         0x00002800         xw
rom              0x00004000         0x0000bfe0         xr
vectors          0x0000ffe0         0x00000020
bsl              0x00000000         0x00000000
infoc            0x00000000         0x00000000
infod            0x00000000         0x00000000
ram2             0x00000000         0x00000000         xw
usbram           0x00000000         0x00000000         xw
far_rom          0x00000000         0x00000000
*default*        0x00000000         0xffffffff

Linker script and memory map

LOAD /usr/local/msp430/bin/../lib/gcc/msp430/4.7.0/mmpy-16/crt0ivtbl16.o
LOAD tpsn.co
LOAD obj_sky/contiki-sky-main.o
LOAD contiki-sky.a
LOAD /usr/local/msp430/bin/../lib/gcc/msp430/4.7.0/mmpy-16/libgcc.a
LOAD /usr/local/msp430/bin/../lib/gcc/msp430/4.7.0/../../../../msp430/lib/mmpy-16/libc.a
LOAD /usr/local/msp430/bin/../lib/gcc/msp430/4.7.0/mmpy-16/libgcc.a
LOAD /usr/local/msp430/bin/../lib/gcc/msp430/4.7.0/mmpy-16/libcrt0.a
                0x00000080                PROVIDE (__info_segment_size, 0x80)
                0x00001000                PROVIDE (__infob, 0x1000)
                0x00001080                PROVIDE (__infoa, 0x1080)
                0x00000000                __IE1 = 0x0
                0x00000002                __IFG1 = 0x2
                0x00000004                __ME1 = 0x4
                0x00000001                __IE2 = 0x1
                0x00000003                __IFG2 = 0x3
                0x00000005                __ME2 = 0x5
                0x00000120                __WDTCTL = 0x120
                0x00000130                __MPY = 0x130
                0x00000132                __MPYS = 0x132
                0x00000134                __MAC = 0x134
                0x00000136                __MACS = 0x136
                0x00000138                __OP2 = 0x138
                0x0000013a                __RESLO = 0x13a
                0x0000013c                __RESHI = 0x13c
                0x0000013e                __SUMEXT = 0x13e
                0x00000020                __P1IN = 0x20
                0x00000021                __P1OUT = 0x21
                0x00000022                __P1DIR = 0x22
                0x00000023                __P1IFG = 0x23
                0x00000024                __P1IES = 0x24
                0x00000025                __P1IE = 0x25
                0x00000026                __P1SEL = 0x26
                0x00000028                __P2IN = 0x28
                0x00000029                __P2OUT = 0x29
                0x0000002a                __P2DIR = 0x2a
                0x0000002b                __P2IFG = 0x2b
                0x0000002c                __P2IES = 0x2c
                0x0000002d                __P2IE = 0x2d
                0x0000002e                __P2SEL = 0x2e
                0x00000018                __P3IN = 0x18
                0x00000019                __P3OUT = 0x19
                0x0000001a                __P3DIR = 0x1a
                0x0000001b                __P3SEL = 0x1b
                0x0000001c                __P4IN = 0x1c
                0x0000001d                __P4OUT = 0x1d
                0x0000001e                __P4DIR = 0x1e
                0x0000001f                __P4SEL = 0x1f
                0x00000030                __P5IN = 0x30
                0x00000031                __P5OUT = 0x31
                0x00000032                __P5DIR = 0x32
                0x00000033                __P5SEL = 0x33
                0x00000034                __P6IN = 0x34
                0x00000035                __P6OUT = 0x35
                0x00000036                __P6DIR = 0x36
                0x00000037                __P6SEL = 0x37
                0x00000070                __U0CTL = 0x70
                0x00000071                __U0TCTL = 0x71
                0x00000072                __U0RCTL = 0x72
                0x00000073                __U0MCTL = 0x73
                0x00000074                __U0BR0 = 0x74
                0x00000075                __U0BR1 = 0x75
                0x00000076                __U0RXBUF = 0x76
                0x00000077                __U0TXBUF = 0x77
                0x00000078                __U1CTL = 0x78
                0x00000079                __U1TCTL = 0x79
                0x0000007a                __U1RCTL = 0x7a
                0x0000007b                __U1MCTL = 0x7b
                0x0000007c                __U1BR0 = 0x7c
                0x0000007d                __U1BR1 = 0x7d
                0x0000007e                __U1RXBUF = 0x7e
                0x0000007f                __U1TXBUF = 0x7f
                0x00000050                __I2CIE = 0x50
                0x00000051                __I2CIFG = 0x51
                0x00000052                __I2CNDAT = 0x52
                0x00000071                __I2CTCTL = 0x71
                0x00000072                __I2CDCTL = 0x72
                0x00000073                __I2CPSC = 0x73
                0x00000074                __I2CSCLH = 0x74
                0x00000075                __I2CSCLL = 0x75
                0x00000076                __I2CDRB = 0x76
                0x00000076                __I2CDRW = 0x76
                0x00000118                __I2COA = 0x118
                0x0000011a                __I2CSA = 0x11a
                0x0000011c                __I2CIV = 0x11c
                0x0000012e                __TAIV = 0x12e
                0x00000160                __TACTL = 0x160
                0x00000162                __TACCTL0 = 0x162
                0x00000164                __TACCTL1 = 0x164
                0x00000166                __TACCTL2 = 0x166
                0x00000170                __TAR = 0x170
                0x00000172                __TACCR0 = 0x172
                0x00000174                __TACCR1 = 0x174
                0x00000176                __TACCR2 = 0x176
                0x0000011e                __TBIV = 0x11e
                0x00000180                __TBCTL = 0x180
                0x00000182                __TBCCTL0 = 0x182
                0x00000184                __TBCCTL1 = 0x184
                0x00000186                __TBCCTL2 = 0x186
                0x00000188                __TBCCTL3 = 0x188
                0x0000018a                __TBCCTL4 = 0x18a
                0x0000018c                __TBCCTL5 = 0x18c
                0x0000018e                __TBCCTL6 = 0x18e
                0x00000190                __TBR = 0x190
                0x00000192                __TBCCR0 = 0x192
                0x00000194                __TBCCR1 = 0x194
                0x00000196                __TBCCR2 = 0x196
                0x00000198                __TBCCR3 = 0x198
                0x0000019a                __TBCCR4 = 0x19a
                0x0000019c                __TBCCR5 = 0x19c
                0x0000019e                __TBCCR6 = 0x19e
                0x00000056                __DCOCTL = 0x56
                0x00000057                __BCSCTL1 = 0x57
                0x00000058                __BCSCTL2 = 0x58
                0x00000055                __SVSCTL = 0x55
                0x00000128                __FCTL1 = 0x128
                0x0000012a                __FCTL2 = 0x12a
                0x0000012c                __FCTL3 = 0x12c
                0x00000059                __CACTL1 = 0x59
                0x0000005a                __CACTL2 = 0x5a
                0x0000005b                __CAPD = 0x5b
                0x000001a0                __ADC12CTL0 = 0x1a0
                0x000001a2                __ADC12CTL1 = 0x1a2
                0x000001a4                __ADC12IFG = 0x1a4
                0x000001a6                __ADC12IE = 0x1a6
                0x000001a8                __ADC12IV = 0x1a8
                0x00000140                __ADC12MEM0 = 0x140
                0x00000142                __ADC12MEM1 = 0x142
                0x00000144                __ADC12MEM2 = 0x144
                0x00000146                __ADC12MEM3 = 0x146
                0x00000148                __ADC12MEM4 = 0x148
                0x0000014a                __ADC12MEM5 = 0x14a
                0x0000014c                __ADC12MEM6 = 0x14c
                0x0000014e                __ADC12MEM7 = 0x14e
                0x00000150                __ADC12MEM8 = 0x150
                0x00000152                __ADC12MEM9 = 0x152
                0x00000154                __ADC12MEM10 = 0x154
                0x00000156                __ADC12MEM11 = 0x156
                0x00000158                __ADC12MEM12 = 0x158
                0x0000015a                __ADC12MEM13 = 0x15a
                0x0000015c                __ADC12MEM14 = 0x15c
                0x0000015e                __ADC12MEM15 = 0x15e
                0x00000080                __ADC12MCTL0 = 0x80
                0x00000081                __ADC12MCTL1 = 0x81
                0x00000082                __ADC12MCTL2 = 0x82
                0x00000083                __ADC12MCTL3 = 0x83
                0x00000084                __ADC12MCTL4 = 0x84
                0x00000085                __ADC12MCTL5 = 0x85
                0x00000086                __ADC12MCTL6 = 0x86
                0x00000087                __ADC12MCTL7 = 0x87
                0x00000088                __ADC12MCTL8 = 0x88
                0x00000089                __ADC12MCTL9 = 0x89
                0x0000008a                __ADC12MCTL10 = 0x8a
                0x0000008b                __ADC12MCTL11 = 0x8b
                0x0000008c                __ADC12MCTL12 = 0x8c
                0x0000008d                __ADC12MCTL13 = 0x8d
                0x0000008e                __ADC12MCTL14 = 0x8e
                0x0000008f                __ADC12MCTL15 = 0x8f
                0x000001c0                __DAC12_0CTL = 0x1c0
                0x000001c2                __DAC12_1CTL = 0x1c2
                0x000001c8                __DAC12_0DAT = 0x1c8
                0x000001ca                __DAC12_1DAT = 0x1ca
                0x00000122                __DMACTL0 = 0x122
                0x00000124                __DMACTL1 = 0x124
                0x000001e0                __DMA0CTL = 0x1e0
                0x000001e8                __DMA1CTL = 0x1e8
                0x000001f0                __DMA2CTL = 0x1f0
                0x000001e2                __DMA0SA = 0x1e2
                0x000001e4                __DMA0DA = 0x1e4
                0x000001e6                __DMA0SZ = 0x1e6
                0x000001ea                __DMA1SA = 0x1ea
                0x000001ec                __DMA1DA = 0x1ec
                0x000001ee                __DMA1SZ = 0x1ee
                0x000001f2                __DMA2SA = 0x1f2
                0x000001f4                __DMA2DA = 0x1f4
                0x000001f6                __DMA2SZ = 0x1f6

.hash
 *(.hash)

.dynsym
 *(.dynsym)

.dynstr
 *(.dynstr)

.gnu.version
 *(.gnu.version)

.gnu.version_d
 *(.gnu.version_d)

.gnu.version_r
 *(.gnu.version_r)

.rel.init
 *(.rel.init)

.rela.init
 *(.rela.init)

.rel.fini
 *(.rel.fini)

.rela.fini
 *(.rela.fini)

.rel.text
 *(.rel.text .rel.text.* .rel.gnu.linkonce.t.*)

.rela.text
 *(.rela.text .rela.text.* .rela.gnu.linkonce.t.*)

.rel.rodata
 *(.rel.rodata .rel.rodata.* .rel.gnu.linkonce.r.*)

.rela.rodata
 *(.rela.rodata .rela.rodata.* .rela.gnu.linkonce.r.*)

.rel.data
 *(.rel.data .rel.data.* .rel.gnu.linkonce.d.*)

.rela.data
 *(.rela.data .rela.data.* .rela.gnu.linkonce.d.*)

.rel.bss
 *(.rel.bss .rel.bss.* .rel.gnu.linkonce.b.*)

.rela.bss
 *(.rela.bss .rela.bss.* .rela.gnu.linkonce.b.*)

.rel.ctors
 *(.rel.ctors)

.rela.ctors
 *(.rela.ctors)

.rel.dtors
 *(.rel.dtors)

.rela.dtors
 *(.rela.dtors)

.rel.got
 *(.rel.got)

.rela.got
 *(.rela.got)

.rel.plt
 *(.rel.plt)

.rela.plt
 *(.rela.plt)

.text           0x00004000     0x70e2
                0x00004000                . = ALIGN (0x2)
 *(.init .init.*)
 *(.init0)
 .init0         0x00004000        0x0 /usr/local/msp430/bin/../lib/gcc/msp430/4.7.0/mmpy-16/libcrt0.a(_reset_vector__.o)
                0x00004000                _reset_vector__
 *(.init1)
 .init1         0x00004000        0xc /usr/local/msp430/bin/../lib/gcc/msp430/4.7.0/mmpy-16/libcrt0.a(__watchdog_support.o)
                0x00004000                __watchdog_support
 *(.init2)
 .init2         0x0000400c        0x4 /usr/local/msp430/bin/../lib/gcc/msp430/4.7.0/mmpy-16/libcrt0.a(__init_stack.o)
                0x0000400c                __init_stack
 *(.init3)
 .init3         0x00004010        0x0 /usr/local/msp430/bin/../lib/gcc/msp430/4.7.0/mmpy-16/libcrt0.a(__low_level_init.o)
                0x00004010                __low_level_init
 *(.init4)
 .init4         0x00004010       0x18 /usr/local/msp430/bin/../lib/gcc/msp430/4.7.0/mmpy-16/libcrt0.a(_copy_data.o)
                0x00004010                __do_copy_data
 .init4         0x00004028       0x16 /usr/local/msp430/bin/../lib/gcc/msp430/4.7.0/mmpy-16/libcrt0.a(_clear_bss.o)
                0x00004028                __do_clear_bss
 *(.init5)
 *(.init6)
 *(.init7)
 *(.init8)
 *(.init9)
 .init9         0x0000403e      0x3b8 obj_sky/contiki-sky-main.o
                0x0000403e                main
 *(.fini9)
 .fini9         0x000043f6        0x0 /usr/local/msp430/bin/../lib/gcc/msp430/4.7.0/mmpy-16/libcrt0.a(__stop_progExec__.o)
                0x000043f6                __stop_progExec__
 *(.fini8)
 *(.fini7)
 *(.fini6)
 *(.fini5)
 *(.fini4)
 *(.fini3)
 *(.fini2)
 *(.fini1)
 *(.fini0)
 .fini0         0x000043f6        0x6 /usr/local/msp430/bin/../lib/gcc/msp430/4.7.0/mmpy-16/libcrt0.a(_endless_loop__.o)
                0x000043f6                _endless_loop__
 *(.fini .fini.*)
                0x000043fc                . = ALIGN (0x2)
                0x000043fc                __ctors_start = .
 *(.ctors)
                0x000043fc                __ctors_end = .
                0x000043fc                __dtors_start = .
 *(.dtors)
                0x000043fc                __dtors_end = .
                0x000043fc                . = ALIGN (0x2)
 *(.text .text.* .gnu.linkonce.t.*)
 .text          0x000043fc        0x4 /usr/local/msp430/bin/../lib/gcc/msp430/4.7.0/mmpy-16/crt0ivtbl16.o
                0x000043fc                __isr_14
                0x000043fc                __isr_11
                0x000043fc                __isr_2
                0x000043fc                __isr_7
                0x000043fc                __isr_0
                0x000043fc                __isr_8
                0x000043fc                __isr_3
                0x000043fc                __isr_12
                0x000043fc                __isr_13
                0x000043fc                __isr_9
 .text.timerCallback_turnOffLeds
                0x00004400        0x8 tpsn.co
 .text.getDestAddr
                0x00004408        0xe tpsn.co
                0x00004408                getDestAddr
 .text.process_thread_example_unicast_process
                0x00004416       0xc4 tpsn.co
 .text.recv_uc  0x000044da      0x136 tpsn.co
 .text.set_gateway
                0x00004610       0x5a obj_sky/contiki-sky-main.o
 .text.rimeaddr_copy
                0x0000466a        0xc contiki-sky.a(rimeaddr.o)
                0x0000466a                rimeaddr_copy
 .text.rimeaddr_cmp
                0x00004676       0x12 contiki-sky.a(rimeaddr.o)
                0x00004676                rimeaddr_cmp
 .text.rimeaddr_set_node_addr
                0x00004688        0xc contiki-sky.a(rimeaddr.o)
                0x00004688                rimeaddr_set_node_addr
 .text.input    0x00004694       0x3a contiki-sky.a(rime.o)
 .text.init     0x000046ce       0x2e contiki-sky.a(rime.o)
 .text.packet_sent
                0x000046fc       0x44 contiki-sky.a(rime.o)
 .text.rime_output
                0x00004740       0x24 contiki-sky.a(rime.o)
                0x00004740                rime_output
 .text.announcement_init
                0x00004764        0xa contiki-sky.a(announcement.o)
                0x00004764                announcement_init
 .text.announcement_register_observer_callback
                0x0000476e        0x6 contiki-sky.a(announcement.o)
                0x0000476e                announcement_register_observer_callback
 .text.announcement_list
                0x00004774        0xa contiki-sky.a(announcement.o)
                0x00004774                announcement_list
 .text.announcement_heard
                0x0000477e       0x42 contiki-sky.a(announcement.o)
                0x0000477e                announcement_heard
 .text.adv_packet_sent
                0x000047c0        0x2 contiki-sky.a(broadcast-annou)
 .text.adv_packet_received
                0x000047c2       0x64 contiki-sky.a(broadcast-annou)
 .text.set_timers
                0x00004826       0x4a contiki-sky.a(broadcast-annou)
 .text.send_timer
                0x00004870       0x32 contiki-sky.a(broadcast-annou)
 .text.send_adv
                0x000048a2       0x66 contiki-sky.a(broadcast-annou)
 .text.new_announcement
                0x00004908       0x18 contiki-sky.a(broadcast-annou)
 .text.broadcast_announcement_init
                0x00004920       0x48 contiki-sky.a(broadcast-annou)
                0x00004920                broadcast_announcement_init
 .text.sent_by_abc
                0x00004968       0x10 contiki-sky.a(broadcast.o)
 .text.recv_from_abc
                0x00004978       0x26 contiki-sky.a(broadcast.o)
 .text.broadcast_open
                0x0000499e       0x2a contiki-sky.a(broadcast.o)
                0x0000499e                broadcast_open
 .text.broadcast_close
                0x000049c8        0x6 contiki-sky.a(broadcast.o)
                0x000049c8                broadcast_close
 .text.broadcast_send
                0x000049ce       0x1a contiki-sky.a(broadcast.o)
                0x000049ce                broadcast_send
 .text.sent_by_broadcast
                0x000049e8       0x10 contiki-sky.a(unicast.o)
 .text.recv_from_broadcast
                0x000049f8       0x2e contiki-sky.a(unicast.o)
 .text.unicast_open
                0x00004a26       0x2a contiki-sky.a(unicast.o)
                0x00004a26                unicast_open
 .text.unicast_close
                0x00004a50        0x6 contiki-sky.a(unicast.o)
                0x00004a50                unicast_close
 .text.unicast_send
                0x00004a56       0x16 contiki-sky.a(unicast.o)
                0x00004a56                unicast_send
 .text.abc_open
                0x00004a6c       0x26 contiki-sky.a(abc.o)
                0x00004a6c                abc_open
 .text.abc_close
                0x00004a92        0x6 contiki-sky.a(abc.o)
                0x00004a92                abc_close
 .text.abc_send
                0x00004a98        0x6 contiki-sky.a(abc.o)
                0x00004a98                abc_send
 .text.abc_input
                0x00004a9e        0xe contiki-sky.a(abc.o)
                0x00004a9e                abc_input
 .text.abc_sent
                0x00004aac       0x10 contiki-sky.a(abc.o)
                0x00004aac                abc_sent
 .text.chameleon_init
                0x00004abc        0x6 contiki-sky.a(chameleon.o)
                0x00004abc                chameleon_init
 .text.chameleon_parse
                0x00004ac2       0x10 contiki-sky.a(chameleon.o)
                0x00004ac2                chameleon_parse
 .text.chameleon_create
                0x00004ad2       0x1c contiki-sky.a(chameleon.o)
                0x00004ad2                chameleon_create
 .text.chameleon_hdrsize
                0x00004aee        0x6 contiki-sky.a(chameleon.o)
                0x00004aee                chameleon_hdrsize
 .text.channel_init
                0x00004af4        0xa contiki-sky.a(channel.o)
                0x00004af4                channel_init
 .text.channel_open
                0x00004afe       0x10 contiki-sky.a(channel.o)
                0x00004afe                channel_open
 .text.channel_close
                0x00004b0e        0xc contiki-sky.a(channel.o)
                0x00004b0e                channel_close
 .text.channel_lookup
                0x00004b1a       0x20 contiki-sky.a(channel.o)
                0x00004b1a                channel_lookup
 .text.channel_set_attributes
                0x00004b3a       0x24 contiki-sky.a(channel.o)
                0x00004b3a                channel_set_attributes
 .text.header_size
                0x00004b5e       0x16 contiki-sky.a(chameleon-bitop)
 .text.get_bits_in_byte
                0x00004b74       0x3a contiki-sky.a(chameleon-bitop)
                0x00004b74                get_bits_in_byte
 .text.get_bits
                0x00004bae       0xa2 contiki-sky.a(chameleon-bitop)
                0x00004bae                get_bits
 .text.unpack_header
                0x00004c50       0xd2 contiki-sky.a(chameleon-bitop)
 .text.set_bits_in_byte
                0x00004d22       0x2c contiki-sky.a(chameleon-bitop)
                0x00004d22                set_bits_in_byte
 .text.set_bits
                0x00004d4e       0xc8 contiki-sky.a(chameleon-bitop)
                0x00004d4e                set_bits
 .text.pack_header
                0x00004e16       0xbe contiki-sky.a(chameleon-bitop)
 .text.on       0x00004ed4        0x6 contiki-sky.a(nullrdc.o)
 .text.channel_check_interval
                0x00004eda        0x4 contiki-sky.a(nullrdc.o)
 .text.init     0x00004ede        0x6 contiki-sky.a(nullrdc.o)
 .text.off      0x00004ee4       0x10 contiki-sky.a(nullrdc.o)
 .text.packet_input
                0x00004ef4       0x38 contiki-sky.a(nullrdc.o)
 .text.send_one_packet
                0x00004f2c       0x6a contiki-sky.a(nullrdc.o)
 .text.send_list
                0x00004f96       0x30 contiki-sky.a(nullrdc.o)
 .text.send_packet
                0x00004fc6        0x6 contiki-sky.a(nullrdc.o)
 .text.mac_call_sent_callback
                0x00004fcc       0x14 contiki-sky.a(mac.o)
                0x00004fcc                mac_call_sent_callback
 .text.create   0x00004fe0      0x106 contiki-sky.a(framer-802154.o)
 .text.parse    0x000050e6       0xac contiki-sky.a(framer-802154.o)
 .text.input_packet
                0x00005192        0x6 contiki-sky.a(csma.o)
 .text.on       0x00005198        0x6 contiki-sky.a(csma.o)
 .text.off      0x0000519e        0x6 contiki-sky.a(csma.o)
 .text.channel_check_interval
                0x000051a4       0x10 contiki-sky.a(csma.o)
 .text.transmit_packet_list
                0x000051b4       0x24 contiki-sky.a(csma.o)
 .text.init     0x000051d8       0x1a contiki-sky.a(csma.o)
 .text.send_packet
                0x000051f2      0x162 contiki-sky.a(csma.o)
 .text.free_packet
                0x00005354       0x98 contiki-sky.a(csma.o)
 .text.packet_sent
                0x000053ec      0x132 contiki-sky.a(csma.o)
 .text.call_process
                0x0000551e       0x46 contiki-sky.a(process.o)
 .text.exit_process
                0x00005564       0x96 contiki-sky.a(process.o)
 .text.do_poll  0x000055fa       0x30 contiki-sky.a(process.o)
 .text.process_alloc_event
                0x0000562a        0xe contiki-sky.a(process.o)
                0x0000562a                process_alloc_event
 .text.process_init
                0x00005638       0x1c contiki-sky.a(process.o)
                0x00005638                process_init
 .text.process_run
                0x00005654       0xa2 contiki-sky.a(process.o)
                0x00005654                process_run
 .text.process_nevents
                0x000056f6        0xe contiki-sky.a(process.o)
                0x000056f6                process_nevents
 .text.process_post
                0x00005704       0x54 contiki-sky.a(process.o)
                0x00005704                process_post
 .text.process_post_synch
                0x00005758       0x12 contiki-sky.a(process.o)
                0x00005758                process_post_synch
 .text.process_start
                0x0000576a       0x36 contiki-sky.a(process.o)
                0x0000576a                process_start
 .text.process_poll
                0x000057a0       0x18 contiki-sky.a(process.o)
                0x000057a0                process_poll
 .text.autostart_start
                0x000057b8       0x16 contiki-sky.a(autostart.o)
                0x000057b8                autostart_start
 .text.memb_init
                0x000057ce       0x36 contiki-sky.a(memb.o)
                0x000057ce                memb_init
 .text.memb_alloc
                0x00005804       0x3e contiki-sky.a(memb.o)
                0x00005804                memb_alloc
 .text.memb_free
                0x00005842       0x3a contiki-sky.a(memb.o)
                0x00005842                memb_free
 .text.memb_inmemb
                0x0000587c       0x2a contiki-sky.a(memb.o)
                0x0000587c                memb_inmemb
 .text.timer_set
                0x000058a6       0x1c contiki-sky.a(timer.o)
                0x000058a6                timer_set
 .text.timer_reset
                0x000058c2        0xe contiki-sky.a(timer.o)
                0x000058c2                timer_reset
 .text.timer_restart
                0x000058d0       0x14 contiki-sky.a(timer.o)
                0x000058d0                timer_restart
 .text.timer_expired
                0x000058e4       0x2a contiki-sky.a(timer.o)
                0x000058e4                timer_expired
 .text.list_init
                0x0000590e        0x6 contiki-sky.a(list.o)
                0x0000590e                list_init
 .text.list_head
                0x00005914        0x4 contiki-sky.a(list.o)
                0x00005914                list_head
 .text.list_tail
                0x00005918       0x12 contiki-sky.a(list.o)
                0x00005918                list_tail
 .text.list_chop
                0x0000592a       0x1a contiki-sky.a(list.o)
                0x0000592a                list_chop
 .text.list_remove
                0x00005944       0x34 contiki-sky.a(list.o)
                0x00005944                list_remove
 .text.list_push
                0x00005978       0x1a contiki-sky.a(list.o)
                0x00005978                list_push
 .text.list_add
                0x00005992       0x2a contiki-sky.a(list.o)
                0x00005992                list_add
 .text.list_length
                0x000059bc       0x10 contiki-sky.a(list.o)
                0x000059bc                list_length
 .text.list_item_next
                0x000059cc        0xc contiki-sky.a(list.o)
                0x000059cc                list_item_next
 .text.update_time
                0x000059d8       0x78 contiki-sky.a(etimer.o)
 .text.etimer_request_poll
                0x00005a50        0xa contiki-sky.a(etimer.o)
                0x00005a50                etimer_request_poll
 .text.process_thread_etimer_process
                0x00005a5a       0xcc contiki-sky.a(etimer.o)
 .text.add_timer
                0x00005b26       0x40 contiki-sky.a(etimer.o)
 .text.etimer_set
                0x00005b66       0x12 contiki-sky.a(etimer.o)
                0x00005b66                etimer_set
 .text.etimer_reset
                0x00005b78       0x12 contiki-sky.a(etimer.o)
                0x00005b78                etimer_reset
 .text.etimer_restart
                0x00005b8a       0x12 contiki-sky.a(etimer.o)
                0x00005b8a                etimer_restart
 .text.etimer_expired
                0x00005b9c        0xe contiki-sky.a(etimer.o)
                0x00005b9c                etimer_expired
 .text.etimer_pending
                0x00005baa        0xc contiki-sky.a(etimer.o)
                0x00005baa                etimer_pending
 .text.etimer_next_expiration_time
                0x00005bb6       0x16 contiki-sky.a(etimer.o)
                0x00005bb6                etimer_next_expiration_time
 .text.etimer_stop
                0x00005bcc       0x3e contiki-sky.a(etimer.o)
                0x00005bcc                etimer_stop
 .text.process_thread_ctimer_process
                0x00005c0a       0xa8 contiki-sky.a(ctimer.o)
 .text.ctimer_init
                0x00005cb2       0x18 contiki-sky.a(ctimer.o)
                0x00005cb2                ctimer_init
 .text.ctimer_set
                0x00005cca       0x5a contiki-sky.a(ctimer.o)
                0x00005cca                ctimer_set
 .text.ctimer_reset
                0x00005d24       0x3a contiki-sky.a(ctimer.o)
                0x00005d24                ctimer_reset
 .text.ctimer_stop
                0x00005d5e       0x28 contiki-sky.a(ctimer.o)
                0x00005d5e                ctimer_stop
 .text.energest_init
                0x00005d86       0x26 contiki-sky.a(energest.o)
                0x00005d86                energest_init
 .text.energest_type_time
                0x00005dac       0x48 contiki-sky.a(energest.o)
                0x00005dac                energest_type_time
 .text.energest_type_set
                0x00005df4        0xe contiki-sky.a(energest.o)
                0x00005df4                energest_type_set
 .text.energest_flush
                0x00005e02       0x48 contiki-sky.a(energest.o)
                0x00005e02                energest_flush
 .text.rtimer_init
                0x00005e4a        0x6 contiki-sky.a(rtimer.o)
                0x00005e4a                rtimer_init
 .text.rtimer_run_next
                0x00005e50       0x26 contiki-sky.a(rtimer.o)
                0x00005e50                rtimer_run_next
 .text.random_init
                0x00005e76        0x6 contiki-sky.a(random.o)
                0x00005e76                random_init
 .text.random_rand
                0x00005e7c        0x6 contiki-sky.a(random.o)
                0x00005e7c                random_rand
 .text.packetbuf_copyto_hdr
                0x00005e82       0x1c contiki-sky.a(packetbuf.o)
                0x00005e82                packetbuf_copyto_hdr
 .text.packetbuf_copyto
                0x00005e9e       0x52 contiki-sky.a(packetbuf.o)
                0x00005e9e                packetbuf_copyto
 .text.packetbuf_hdrreduce
                0x00005ef0       0x1a contiki-sky.a(packetbuf.o)
                0x00005ef0                packetbuf_hdrreduce
 .text.packetbuf_set_datalen
                0x00005f0a        0x6 contiki-sky.a(packetbuf.o)
                0x00005f0a                packetbuf_set_datalen
 .text.packetbuf_dataptr
                0x00005f10        0xe contiki-sky.a(packetbuf.o)
                0x00005f10                packetbuf_dataptr
 .text.packetbuf_hdrptr
                0x00005f1e        0xa contiki-sky.a(packetbuf.o)
                0x00005f1e                packetbuf_hdrptr
 .text.packetbuf_is_reference
                0x00005f28        0xe contiki-sky.a(packetbuf.o)
                0x00005f28                packetbuf_is_reference
 .text.packetbuf_compact
                0x00005f36       0x48 contiki-sky.a(packetbuf.o)
                0x00005f36                packetbuf_compact
 .text.packetbuf_reference_ptr
                0x00005f7e        0x6 contiki-sky.a(packetbuf.o)
                0x00005f7e                packetbuf_reference_ptr
 .text.packetbuf_datalen
                0x00005f84        0x6 contiki-sky.a(packetbuf.o)
                0x00005f84                packetbuf_datalen
 .text.packetbuf_totlen
                0x00005f8a       0x10 contiki-sky.a(packetbuf.o)
                0x00005f8a                packetbuf_totlen
 .text.packetbuf_hdralloc
                0x00005f9a       0x2e contiki-sky.a(packetbuf.o)
                0x00005f9a                packetbuf_hdralloc
 .text.packetbuf_attr_clear
                0x00005fc8       0x2c contiki-sky.a(packetbuf.o)
                0x00005fc8                packetbuf_attr_clear
 .text.packetbuf_clear
                0x00005ff4       0x1a contiki-sky.a(packetbuf.o)
                0x00005ff4                packetbuf_clear
 .text.packetbuf_copyfrom
                0x0000600e       0x2e contiki-sky.a(packetbuf.o)
                0x0000600e                packetbuf_copyfrom
 .text.packetbuf_attr_copyto
                0x0000603c       0x20 contiki-sky.a(packetbuf.o)
                0x0000603c                packetbuf_attr_copyto
 .text.packetbuf_attr_copyfrom
                0x0000605c       0x22 contiki-sky.a(packetbuf.o)
                0x0000605c                packetbuf_attr_copyfrom
 .text.queuebuf_init
                0x0000607e       0x1a contiki-sky.a(queuebuf.o)
                0x0000607e                queuebuf_init
 .text.queuebuf_new_from_packetbuf
                0x00006098       0x7e contiki-sky.a(queuebuf.o)
                0x00006098                queuebuf_new_from_packetbuf
 .text.queuebuf_update_attr_from_packetbuf
                0x00006116       0x12 contiki-sky.a(queuebuf.o)
                0x00006116                queuebuf_update_attr_from_packetbuf
 .text.queuebuf_free
                0x00006128       0x40 contiki-sky.a(queuebuf.o)
                0x00006128                queuebuf_free
 .text.queuebuf_to_packetbuf
                0x00006168       0x6e contiki-sky.a(queuebuf.o)
                0x00006168                queuebuf_to_packetbuf
 .text.queuebuf_dataptr
                0x000061d6       0x32 contiki-sky.a(queuebuf.o)
                0x000061d6                queuebuf_dataptr
 .text.queuebuf_datalen
                0x00006208        0x6 contiki-sky.a(queuebuf.o)
                0x00006208                queuebuf_datalen
 .text.queuebuf_attr
                0x0000620e        0xe contiki-sky.a(queuebuf.o)
                0x0000620e                queuebuf_attr
 .text.start_periodic_tcp_timer
                0x0000621c       0x16 contiki-sky.a(tcpip.o)
 .text.tcpip_output
                0x00006232       0x10 contiki-sky.a(tcpip.o)
                0x00006232                tcpip_output
 .text.process_thread_tcpip_process
                0x00006242      0x1ce contiki-sky.a(tcpip.o)
 .text.tcpip_set_outputfunc
                0x00006410        0x6 contiki-sky.a(tcpip.o)
                0x00006410                tcpip_set_outputfunc
 .text.tcpip_input
                0x00006416       0x12 contiki-sky.a(tcpip.o)
                0x00006416                tcpip_input
 .text.tcpip_uipcall
                0x00006428       0x70 contiki-sky.a(tcpip.o)
                0x00006428                tcpip_uipcall
 .text.process_thread_uip_fw_process
                0x00006498       0x3c contiki-sky.a(uip-fw-drv.o)
 .text.uip_fw_output
                0x000064d4       0xf4 contiki-sky.a(uip-fw.o)
                0x000064d4                uip_fw_output
 .text.uip_fw_forward
                0x000065c8      0x15e contiki-sky.a(uip-fw.o)
                0x000065c8                uip_fw_forward
 .text.uip_fw_default
                0x00006726        0x6 contiki-sky.a(uip-fw.o)
                0x00006726                uip_fw_default
 .text.uip_fw_periodic
                0x0000672c       0x1c contiki-sky.a(uip-fw.o)
                0x0000672c                uip_fw_periodic
 .text.timedout
                0x00006748       0x12 contiki-sky.a(uip-over-mesh.o)
 .text.recv_data
                0x0000675a       0x72 contiki-sky.a(uip-over-mesh.o)
 .text.new_route
                0x000067cc       0x36 contiki-sky.a(uip-over-mesh.o)
 .text.uip_over_mesh_init
                0x00006802       0x54 contiki-sky.a(uip-over-mesh.o)
                0x00006802                uip_over_mesh_init
 .text.uip_over_mesh_send
                0x00006856       0xe8 contiki-sky.a(uip-over-mesh.o)
                0x00006856                uip_over_mesh_send
 .text.uip_over_mesh_set_gateway_netif
                0x0000693e        0x6 contiki-sky.a(uip-over-mesh.o)
                0x0000693e                uip_over_mesh_set_gateway_netif
 .text.uip_over_mesh_set_gateway
                0x00006944        0xc contiki-sky.a(uip-over-mesh.o)
                0x00006944                uip_over_mesh_set_gateway
 .text.gateway_announce_recv
                0x00006950       0x10 contiki-sky.a(uip-over-mesh.o)
 .text.uip_over_mesh_make_announced_gateway
                0x00006960       0x32 contiki-sky.a(uip-over-mesh.o)
                0x00006960                uip_over_mesh_make_announced_gateway
 .text.uip_over_mesh_set_net
                0x00006992       0x16 contiki-sky.a(uip-over-mesh.o)
                0x00006992                uip_over_mesh_set_net
 .text.chksum   0x000069a8       0x32 contiki-sky.a(uip.o)
 .text.upper_layer_chksum
                0x000069da       0x42 contiki-sky.a(uip.o)
 .text.uip_add32
                0x00006a1c       0x68 contiki-sky.a(uip.o)
                0x00006a1c                uip_add32
 .text.uip_add_rcv_nxt
                0x00006a84       0x2c contiki-sky.a(uip.o)
 .text.uip_chksum
                0x00006ab0       0x18 contiki-sky.a(uip.o)
                0x00006ab0                uip_chksum
 .text.uip_tcpchksum
                0x00006ac8        0xa contiki-sky.a(uip.o)
                0x00006ac8                uip_tcpchksum
 .text.uip_udpchksum
                0x00006ad2        0xa contiki-sky.a(uip.o)
                0x00006ad2                uip_udpchksum
 .text.uip_init
                0x00006adc       0x50 contiki-sky.a(uip.o)
                0x00006adc                uip_init
 .text.uip_unlisten
                0x00006b2c       0x2a contiki-sky.a(uip.o)
                0x00006b2c                uip_unlisten
 .text.uip_process
                0x00006b56      0xc7e contiki-sky.a(uip.o)
                0x00006b56                uip_process
 .text.uip_htons
                0x000077d4        0xc contiki-sky.a(uip.o)
                0x000077d4                uip_htons
 .text.init_platform
                0x000077e0        0xc contiki-sky.a(contiki-sky-pla)
                0x000077e0                init_platform
 .text.status   0x000077ec       0x18 contiki-sky.a(button-sensor.o)
 .text.value    0x00007804       0x20 contiki-sky.a(button-sensor.o)
 .text.configure
                0x00007824       0x4c contiki-sky.a(button-sensor.o)
 .text.irq_p2   0x00007870       0x88 contiki-sky.a(button-sensor.o)
                0x00007870                irq_p2
                0x00007870                __isr_1
 .text.owreadb  0x000078f8       0x50 contiki-sky.a(ds2411.o)
 .text.ds2411_init
                0x00007948      0x120 contiki-sky.a(ds2411.o)
                0x00007948                ds2411_init
 .text.wait_ready
                0x00007a68       0x4a contiki-sky.a(xmem.o)
 .text.xmem_init
                0x00007ab2       0x3c contiki-sky.a(xmem.o)
                0x00007ab2                xmem_init
 .text.xmem_pread
                0x00007aee       0xe0 contiki-sky.a(xmem.o)
                0x00007aee                xmem_pread
 .text.node_id_restore
                0x00007bce       0x38 contiki-sky.a(node-id.o)
                0x00007bce                node_id_restore
 .text.process_thread_sensors_process
                0x00007c06       0xc2 contiki-sky.a(sensors.o)
 .text.sensors_changed
                0x00007cc8       0x2a contiki-sky.a(sensors.o)
                0x00007cc8                sensors_changed
 .text.strobe   0x00007cf2       0x1c contiki-sky.a(cc2420.o)
 .text.status   0x00007d0e       0x22 contiki-sky.a(cc2420.o)
 .text.getreg   0x00007d30       0x4c contiki-sky.a(cc2420.o)
 .text.setreg   0x00007d7c       0x4c contiki-sky.a(cc2420.o)
 .text.set_txpower
                0x00007dc8       0x24 contiki-sky.a(cc2420.o)
 .text.cc2420_receiving_packet
                0x00007dec        0xc contiki-sky.a(cc2420.o)
 .text.pending_packet
                0x00007df8        0x8 contiki-sky.a(cc2420.o)
 .text.on       0x00007e00       0x44 contiki-sky.a(cc2420.o)
 .text.flushrx  0x00007e44       0x6c contiki-sky.a(cc2420.o)
 .text.off      0x00007eb0       0x72 contiki-sky.a(cc2420.o)
 .text.RELEASE_LOCK
                0x00007f22       0x28 contiki-sky.a(cc2420.o)
 .text.cc2420_prepare
                0x00007f4a       0x82 contiki-sky.a(cc2420.o)
 .text.getrxdata
                0x00007fcc       0x50 contiki-sky.a(cc2420.o)
 .text.cc2420_on
                0x0000801c       0x22 contiki-sky.a(cc2420.o)
                0x0000801c                cc2420_on
 .text.cc2420_off
                0x0000803e       0x30 contiki-sky.a(cc2420.o)
                0x0000803e                cc2420_off
 .text.cc2420_cca
                0x0000806e       0x82 contiki-sky.a(cc2420.o)
 .text.cc2420_read
                0x000080f0       0xda contiki-sky.a(cc2420.o)
 .text.process_thread_cc2420_process
                0x000081ca       0x54 contiki-sky.a(cc2420.o)
 .text.cc2420_set_channel
                0x0000821e       0x80 contiki-sky.a(cc2420.o)
                0x0000821e                cc2420_set_channel
 .text.cc2420_set_pan_addr
                0x0000829e      0x13e contiki-sky.a(cc2420.o)
                0x0000829e                cc2420_set_pan_addr
 .text.cc2420_init
                0x000083dc       0xca contiki-sky.a(cc2420.o)
                0x000083dc                cc2420_init
 .text.cc2420_interrupt
                0x000084a6       0x1e contiki-sky.a(cc2420.o)
                0x000084a6                cc2420_interrupt
 .text.cc2420_get_txpower
                0x000084c4       0x1e contiki-sky.a(cc2420.o)
                0x000084c4                cc2420_get_txpower
 .text.cc2420_transmit
                0x000084e2      0x1a6 contiki-sky.a(cc2420.o)
 .text.cc2420_send
                0x00008688       0x12 contiki-sky.a(cc2420.o)
 .text.cc2420_port1_interrupt
                0x0000869a       0x62 contiki-sky.a(cc2420-arch.o)
                0x0000869a                __isr_4
                0x0000869a                cc2420_port1_interrupt
 .text.cc2420_arch_init
                0x000086fc       0x1a contiki-sky.a(cc2420-arch.o)
                0x000086fc                cc2420_arch_init
 .text.uip_ipchksum
                0x00008716       0x32 contiki-sky.a(uip-ipchksum.o)
                0x00008716                uip_ipchksum
 .text.handle_rxdma_timer
                0x00008748       0x3a contiki-sky.a(uart1.o)
 .text.uart1_active
                0x00008782       0x18 contiki-sky.a(uart1.o)
                0x00008782                uart1_active
 .text.uart1_set_input
                0x0000879a       0x20 contiki-sky.a(uart1.o)
                0x0000879a                uart1_set_input
 .text.uart1_writeb
                0x000087ba       0x18 contiki-sky.a(uart1.o)
                0x000087ba                uart1_writeb
 .text.uart1_init
                0x000087d2       0xf4 contiki-sky.a(uart1.o)
                0x000087d2                uart1_init
 .text.slip_arch_writeb
                0x000088c6        0x6 contiki-sky.a(slip_uart1.o)
                0x000088c6                slip_arch_writeb
 .text.putchar  0x000088cc       0x3c contiki-sky.a(slip_uart1.o)
                0x000088cc                putchar
 .text.slip_arch_init
                0x00008908        0xa contiki-sky.a(slip_uart1.o)
                0x00008908                slip_arch_init
 .text.slip_set_input_callback
                0x00008912        0x6 contiki-sky.a(slip.o)
                0x00008912                slip_set_input_callback
 .text.slip_send
                0x00008918       0x5e contiki-sky.a(slip.o)
                0x00008918                slip_send
 .text.slip_write
                0x00008976       0x5a contiki-sky.a(slip.o)
                0x00008976                slip_write
 .text.process_thread_slip_process
                0x000089d0      0x1fc contiki-sky.a(slip.o)
 .text.slip_input_byte
                0x00008bcc       0xbc contiki-sky.a(slip.o)
                0x00008bcc                slip_input_byte
 .text.msp430_init_dco
                0x00008c88       0x82 contiki-sky.a(msp430.o)
                0x00008c88                msp430_init_dco
 .text.msp430_add_lpm_req
                0x00008d0a        0xc contiki-sky.a(msp430.o)
                0x00008d0a                msp430_add_lpm_req
 .text.msp430_cpu_init
                0x00008d16       0x2a contiki-sky.a(msp430.o)
                0x00008d16                msp430_cpu_init
 .text.splhigh_
                0x00008d40        0x8 contiki-sky.a(msp430.o)
                0x00008d40                splhigh_
 .text.msp430_sync_dco
                0x00008d48       0x6c contiki-sky.a(msp430.o)
                0x00008d48                msp430_sync_dco
 .text.timera1  0x00008db4       0xfe contiki-sky.a(clock.o)
                0x00008db4                __isr_5
                0x00008db4                timera1
 .text.clock_time
                0x00008eb2       0x1a contiki-sky.a(clock.o)
                0x00008eb2                clock_time
 .text.clock_init
                0x00008ecc       0x28 contiki-sky.a(clock.o)
                0x00008ecc                clock_init
 .text.clock_delay
                0x00008ef4        0xc contiki-sky.a(clock.o)
                0x00008ef4                clock_delay
 .text.show_leds
                0x00008f00      0x100 contiki-sky.a(leds.o)
 .text.leds_init
                0x00009000        0xe contiki-sky.a(leds.o)
                0x00009000                leds_init
 .text.leds_on  0x0000900e       0x14 contiki-sky.a(leds.o)
                0x0000900e                leds_on
 .text.leds_off
                0x00009022       0x14 contiki-sky.a(leds.o)
                0x00009022                leds_off
 .text.leds_arch_init
                0x00009036        0xe contiki-sky.a(leds-arch.o)
                0x00009036                leds_arch_init
 .text.leds_arch_set
                0x00009044       0x38 contiki-sky.a(leds-arch.o)
                0x00009044                leds_arch_set
 .text.watchdog_interrupt
                0x0000907c        0x6 contiki-sky.a(watchdog.o)
                0x0000907c                __isr_10
                0x0000907c                watchdog_interrupt
 .text.watchdog_start
                0x00009082       0x14 contiki-sky.a(watchdog.o)
                0x00009082                watchdog_start
 .text.watchdog_periodic
                0x00009096       0x12 contiki-sky.a(watchdog.o)
                0x00009096                watchdog_periodic
 .text.watchdog_stop
                0x000090a8       0x16 contiki-sky.a(watchdog.o)
                0x000090a8                watchdog_stop
 .text.watchdog_init
                0x000090be       0x12 contiki-sky.a(watchdog.o)
                0x000090be                watchdog_init
 .text.rtimer_arch_init
                0x000090d0        0xe contiki-sky.a(rtimer-arch.o)
                0x000090d0                rtimer_arch_init
 .text.rtimer_arch_now
                0x000090de        0xe contiki-sky.a(rtimer-arch.o)
                0x000090de                rtimer_arch_now
 .text.timera0  0x000090ec       0x70 contiki-sky.a(rtimer-arch.o)
                0x000090ec                __isr_6
                0x000090ec                timera0
 .text.rtimer_arch_schedule
                0x0000915c        0x6 contiki-sky.a(rtimer-arch.o)
                0x0000915c                rtimer_arch_schedule
 .text.send     0x00009162       0x1a contiki-sky.a(trickle.o)
 .text.run_trickle
                0x0000917c       0xc4 contiki-sky.a(trickle.o)
 .text.recv     0x00009240       0x86 contiki-sky.a(trickle.o)
 .text.timer_callback
                0x000092c6        0x6 contiki-sky.a(trickle.o)
 .text.trickle_open
                0x000092cc       0x44 contiki-sky.a(trickle.o)
                0x000092cc                trickle_open
 .text.trickle_send
                0x00009310       0x3e contiki-sky.a(trickle.o)
                0x00009310                trickle_send
 .text.periodic
                0x0000934e       0x58 contiki-sky.a(route.o)
 .text.route_init
                0x000093a6       0x28 contiki-sky.a(route.o)
                0x000093a6                route_init
 .text.route_lookup
                0x000093ce       0x4c contiki-sky.a(route.o)
                0x000093ce                route_lookup
 .text.route_add
                0x0000941a       0x88 contiki-sky.a(route.o)
                0x0000941a                route_add
 .text.route_refresh
                0x000094a2        0xe contiki-sky.a(route.o)
                0x000094a2                route_refresh
 .text.route_remove
                0x000094b0       0x1c contiki-sky.a(route.o)
                0x000094b0                route_remove
 .text.route_decay
                0x000094cc       0x22 contiki-sky.a(route.o)
                0x000094cc                route_decay
 .text.route_set_lifetime
                0x000094ee        0x6 contiki-sky.a(route.o)
                0x000094ee                route_set_lifetime
 .text.timeout_handler
                0x000094f4       0x14 contiki-sky.a(route-discovery)
 .text.rreq_packet_received
                0x00009508       0xca contiki-sky.a(route-discovery)
 .text.rrep_packet_received
                0x000095d2       0x9a contiki-sky.a(route-discovery)
 .text.route_discovery_open
                0x0000966c       0x30 contiki-sky.a(route-discovery)
                0x0000966c                route_discovery_open
 .text.route_discovery_discover
                0x0000969c       0x6e contiki-sky.a(route-discovery)
                0x0000969c                route_discovery_discover
 .text.field_len
                0x0000970a       0x90 contiki-sky.a(frame802154.o)
 .text.frame802154_hdrlen
                0x0000979a       0x2e contiki-sky.a(frame802154.o)
                0x0000979a                frame802154_hdrlen
 .text.frame802154_create
                0x000097c8      0x172 contiki-sky.a(frame802154.o)
                0x000097c8                frame802154_create
 .text.frame802154_parse
                0x0000993a      0x1c4 contiki-sky.a(frame802154.o)
                0x0000993a                frame802154_parse
 .text.spi_init
                0x00009afe       0x30 contiki-sky.a(spi.o)
                0x00009afe                spi_init
 .text.sent     0x00009b2e       0x10 contiki-sky.a(netflood.o)
 .text.dropped  0x00009b3e       0x10 contiki-sky.a(netflood.o)
 .text.recv_from_ipolite
                0x00009b4e       0xee contiki-sky.a(netflood.o)
 .text.netflood_open
                0x00009c3c       0x2e contiki-sky.a(netflood.o)
                0x00009c3c                netflood_open
 .text.netflood_send
                0x00009c6a       0x62 contiki-sky.a(netflood.o)
                0x00009c6a                netflood_send
 .text.sent     0x00009ccc        0x2 contiki-sky.a(ipolite.o)
 .text.send     0x00009cce       0x36 contiki-sky.a(ipolite.o)
 .text.recv     0x00009d04       0xa6 contiki-sky.a(ipolite.o)
 .text.ipolite_open
                0x00009daa       0x24 contiki-sky.a(ipolite.o)
                0x00009daa                ipolite_open
 .text.ipolite_send
                0x00009dce       0x9c contiki-sky.a(ipolite.o)
                0x00009dce                ipolite_send
 .text.libgcc   0x00009e6a       0x2c /usr/local/msp430/bin/../lib/gcc/msp430/4.7.0/mmpy-16/libgcc.a(_mulsi3.o)
                0x00009e6a                __mulsi3
 .text.libgcc   0x00009e96       0x22 /usr/local/msp430/bin/../lib/gcc/msp430/4.7.0/mmpy-16/libgcc.a(_udivmod16.o)
                0x00009e96                __udivhi3
                0x00009e96                __ext_udivmod16
                0x00009eb0                __umodhi3
 .text.libgcc   0x00009eb8       0x40 /usr/local/msp430/bin/../lib/gcc/msp430/4.7.0/mmpy-16/libgcc.a(_udivmod32.o)
                0x00009eb8                __udivsi3
                0x00009eb8                __ext_udivmod32
                0x00009eee                __umodsi3
 .text          0x00009ef8      0x204 /usr/local/msp430/bin/../lib/gcc/msp430/4.7.0/mmpy-16/libgcc.a(_mul_sf.o)
                0x00009ef8                __mulsf3
 .text          0x0000a0fc       0x8c /usr/local/msp430/bin/../lib/gcc/msp430/4.7.0/mmpy-16/libgcc.a(_sf_to_si.o)
                0x0000a0fc                __fixsfsi
 .text          0x0000a188       0xe6 /usr/local/msp430/bin/../lib/gcc/msp430/4.7.0/mmpy-16/libgcc.a(_usi_to_sf.o)
                0x0000a188                __floatunsisf
 .text          0x0000a26e       0x72 /usr/local/msp430/bin/../lib/gcc/msp430/4.7.0/mmpy-16/libgcc.a(_clzsi2.o)
                0x0000a26e                __clzsi2
 .text          0x0000a2e0      0x1da /usr/local/msp430/bin/../lib/gcc/msp430/4.7.0/mmpy-16/libgcc.a(_pack_sf.o)
                0x0000a2e0                __pack_f
 .text          0x0000a4ba      0x13c /usr/local/msp430/bin/../lib/gcc/msp430/4.7.0/mmpy-16/libgcc.a(_unpack_sf.o)
                0x0000a4ba                __unpack_f
 .text.printf   0x0000a5f6       0x10 /usr/local/msp430/bin/../lib/gcc/msp430/4.7.0/../../../../msp430/lib/mmpy-16/libc.a(printf.o)
                0x0000a5f6                printf
 .text.print_field
                0x0000a606      0x194 /usr/local/msp430/bin/../lib/gcc/msp430/4.7.0/../../../../msp430/lib/mmpy-16/libc.a(vuprintf.o)
 .text.vuprintf
                0x0000a79a      0x63c /usr/local/msp430/bin/../lib/gcc/msp430/4.7.0/../../../../msp430/lib/mmpy-16/libc.a(vuprintf.o)
                0x0000a79a                vuprintf
 .text.puts     0x0000add6       0x2c /usr/local/msp430/bin/../lib/gcc/msp430/4.7.0/../../../../msp430/lib/mmpy-16/libc.a(puts.o)
                0x0000add6                puts
 .text.rand     0x0000ae02       0x26 /usr/local/msp430/bin/../lib/gcc/msp430/4.7.0/../../../../msp430/lib/mmpy-16/libc.a(rand.o)
                0x0000ae02                rand
 .text.srand    0x0000ae28        0xa /usr/local/msp430/bin/../lib/gcc/msp430/4.7.0/../../../../msp430/lib/mmpy-16/libc.a(rand.o)
                0x0000ae28                srand
 .text.strncmp  0x0000ae32       0x2a /usr/local/msp430/bin/../lib/gcc/msp430/4.7.0/../../../../msp430/lib/mmpy-16/libc.a(strncmp.o)
                0x0000ae32                strncmp
 .text.memcmp   0x0000ae5c       0x30 /usr/local/msp430/bin/../lib/gcc/msp430/4.7.0/../../../../msp430/lib/mmpy-16/libc.a(memcmp.o)
                0x0000ae5c                memcmp
 .text.memcpy   0x0000ae8c       0xfa /usr/local/msp430/bin/../lib/gcc/msp430/4.7.0/../../../../msp430/lib/mmpy-16/libc.a(memcpy.o)
                0x0000ae8c                memcpy
 .text.memset   0x0000af86       0x6a /usr/local/msp430/bin/../lib/gcc/msp430/4.7.0/../../../../msp430/lib/mmpy-16/libc.a(memset.o)
                0x0000af86                memset
 .text.libgcc   0x0000aff0       0xf0 /usr/local/msp430/bin/../lib/gcc/msp430/4.7.0/mmpy-16/libgcc.a(_udivmod64.o)
                0x0000aff0                __xabi_udivmod64
                0x0000b04e                __udivdi3
                0x0000b074                __umoddi3
                0x0000b0a2                __udivmoddi4
 .text.crt0     0x0000b0e0        0x2 /usr/local/msp430/bin/../lib/gcc/msp430/4.7.0/mmpy-16/libcrt0.a(_unexpected_.o)
                0x0000b0e0                _unexpected_
 *(.near.text .near.text.*)

.rodata         0x0000b0e4      0x49b
                0x0000b0e4                . = ALIGN (0x2)
 *(.rodata .rodata.* .gnu.linkonce.r.*)
 .rodata        0x0000b0e4       0xe6 tpsn.co
                0x0000b1a0                autostart_processes
 .rodata        0x0000b1ca      0x157 obj_sky/contiki-sky-main.o
 *fill*         0x0000b321        0x1 00
 .rodata        0x0000b322        0x2 contiki-sky.a(rimeaddr.o)
                0x0000b322                rimeaddr_null
 .rodata        0x0000b324        0xc contiki-sky.a(rime.o)
                0x0000b32a                rime_driver
 .rodata        0x0000b330        0x4 contiki-sky.a(broadcast-annou)
 .rodata        0x0000b334        0x8 contiki-sky.a(broadcast.o)
 .rodata        0x0000b33c        0xa contiki-sky.a(unicast.o)
 .rodata        0x0000b346        0x2 contiki-sky.a(abc.o)
 .rodata        0x0000b348       0x10 contiki-sky.a(chameleon-bitop)
                0x0000b348                chameleon_bitopt
 .rodata        0x0000b358       0x18 contiki-sky.a(nullrdc.o)
                0x0000b360                nullrdc_driver
 .rodata        0x0000b370        0x4 contiki-sky.a(framer-802154.o)
                0x0000b370                framer_802154
 .rodata        0x0000b374       0x14 contiki-sky.a(csma.o)
                0x0000b37a                csma_driver
 .rodata        0x0000b388        0xc contiki-sky.a(etimer.o)
 .rodata        0x0000b394        0xf contiki-sky.a(ctimer.o)
 .rodata        0x0000b3a3        0xd contiki-sky.a(tcpip.o)
 .rodata        0x0000b3b0        0xe contiki-sky.a(uip-fw-drv.o)
 .rodata        0x0000b3be        0xa contiki-sky.a(uip-over-mesh.o)
 .rodata.uip_process
                0x0000b3c8       0x20 contiki-sky.a(uip.o)
 .rodata        0x0000b3e8        0x8 contiki-sky.a(uip.o)
                0x0000b3e8                uip_all_zeroes_addr
                0x0000b3ec                uip_broadcast_addr
 .rodata        0x0000b3f0       0x10 contiki-sky.a(button-sensor.o)
                0x0000b3f8                button_sensor
 .rodata        0x0000b400        0x8 contiki-sky.a(sensors.o)
 .rodata        0x0000b408       0x22 contiki-sky.a(cc2420.o)
                0x0000b408                cc2420_driver
 .rodata        0x0000b42a       0x26 contiki-sky.a(slip.o)
 .rodata        0x0000b450        0xa contiki-sky.a(trickle.o)
 .rodata        0x0000b45a        0xa contiki-sky.a(route-discovery)
 .rodata        0x0000b464        0x2 contiki-sky.a(frame802154.o)
 .rodata        0x0000b466        0x6 contiki-sky.a(netflood.o)
 .rodata        0x0000b46c        0x4 contiki-sky.a(ipolite.o)
 .rodata        0x0000b470        0x8 /usr/local/msp430/bin/../lib/gcc/msp430/4.7.0/mmpy-16/libgcc.a(_thenan_sf.o)
                0x0000b470                __thenan_sf
 .rodata        0x0000b478      0x100 /usr/local/msp430/bin/../lib/gcc/msp430/4.7.0/mmpy-16/libgcc.a(_clz.o)
                0x0000b478                __clz_tab
 .rodata.vuprintf
                0x0000b578        0x7 /usr/local/msp430/bin/../lib/gcc/msp430/4.7.0/../../../../msp430/lib/mmpy-16/libc.a(vuprintf.o)
 *(.near.rodata .near.rodata.*)
                0x0000b580                . = ALIGN (0x2)
                0x0000b580                _etext = .

.data           0x00001100       0xac load address 0x0000b580
                0x00001100                . = ALIGN (0x2)
                0x00001100                __data_start = .
 *(.data .data.* .gnu.linkonce.d.*)
 .data          0x00001100        0xa tpsn.co
                0x00001100                example_unicast_process
 .data          0x0000110a       0x18 obj_sky/contiki-sky-main.o
 .data          0x00001122       0x18 contiki-sky.a(csma.o)
 .data          0x0000113a        0xa contiki-sky.a(etimer.o)
                0x0000113a                etimer_process
 .data          0x00001144        0xa contiki-sky.a(ctimer.o)
                0x00001144                ctimer_process
 .data          0x0000114e       0x18 contiki-sky.a(queuebuf.o)
 .data          0x00001166        0xa contiki-sky.a(tcpip.o)
                0x00001166                tcpip_process
 .data          0x00001170        0xa contiki-sky.a(uip-fw-drv.o)
                0x00001170                uip_fw_process
 .data          0x0000117a        0x4 contiki-sky.a(contiki-sky-pla)
                0x0000117a                sensors
 .data          0x0000117e        0xa contiki-sky.a(sensors.o)
                0x0000117e                sensors_process
 .data          0x00001188        0xa contiki-sky.a(cc2420.o)
                0x00001188                cc2420_process
 .data          0x00001192        0xa contiki-sky.a(slip.o)
                0x00001192                slip_process
 .data          0x0000119c        0x2 contiki-sky.a(msp430.o)
 .data          0x0000119e        0xa contiki-sky.a(route.o)
 .data.next     0x000011a8        0x4 /usr/local/msp430/bin/../lib/gcc/msp430/4.7.0/../../../../msp430/lib/mmpy-16/libc.a(rand.o)
 *(.near.data .near.data.*)
                0x000011ac                . = ALIGN (0x2)
                0x000011ac                _edata = .
                0x0000b580                __data_load_start = LOADADDR (.data)
                0x000000ac                __data_size = SIZEOF (.data)

.bss            0x000011ac     0x1618 load address 0x0000b62c
                0x000011ac                __bss_start = .
 *(.bss .bss.*)
 .bss           0x000011ac       0x32 tpsn.co
 .bss           0x000011de        0xe obj_sky/contiki-sky-main.o
 .bss           0x000011ec        0x2 contiki-sky.a(rime.o)
 .bss           0x000011ee        0x6 contiki-sky.a(announcement.o)
 .bss           0x000011f4       0x46 contiki-sky.a(broadcast-annou)
 .bss           0x0000123a        0x2 contiki-sky.a(channel.o)
 .bss           0x0000123c        0x2 contiki-sky.a(framer-802154.o)
 .bss           0x0000123e      0x126 contiki-sky.a(csma.o)
 .bss           0x00001364       0x42 contiki-sky.a(process.o)
                0x00001364                process_current
                0x00001366                process_list
 .bss           0x000013a6        0x6 contiki-sky.a(etimer.o)
 .bss           0x000013ac        0x4 contiki-sky.a(ctimer.o)
 .bss           0x000013b0        0x2 contiki-sky.a(rtimer.o)
 .bss           0x000013b2       0xba contiki-sky.a(packetbuf.o)
 .bss           0x0000146c      0xc4e contiki-sky.a(queuebuf.o)
 .bss           0x000020ba       0x36 contiki-sky.a(tcpip.o)
 .bss           0x000020f0      0x1a8 contiki-sky.a(uip-fw.o)
 .bss           0x00002298       0xd2 contiki-sky.a(uip-over-mesh.o)
 .bss           0x0000236a       0x14 contiki-sky.a(uip.o)
                0x0000236a                uip_lladdr
 .bss           0x0000237e        0x8 contiki-sky.a(button-sensor.o)
 .bss           0x00002386        0x2 contiki-sky.a(node-id.o)
                0x00002386                node_id
 .bss           0x00002388        0x6 contiki-sky.a(sensors.o)
 .bss           0x0000238e        0xa contiki-sky.a(cc2420.o)
 .bss           0x00002398       0x9a contiki-sky.a(uart1.o)
 .bss           0x00002432        0x1 contiki-sky.a(slip_uart1.o)
 *fill*         0x00002433        0x1 00
 .bss           0x00002434       0x88 contiki-sky.a(slip.o)
 .bss           0x000024bc        0xa contiki-sky.a(clock.o)
 .bss           0x000024c6        0x2 contiki-sky.a(leds.o)
 .bss           0x000024c8        0x2 contiki-sky.a(watchdog.o)
 .bss           0x000024ca       0x7e contiki-sky.a(route.o)
 .bss           0x00002548        0x1 contiki-sky.a(route-discovery)
 *(.near.bss .near.bss.*)
 *(COMMON)
 *fill*         0x00002549        0x1 00
 COMMON         0x0000254a        0x2 contiki-sky.a(rimeaddr.o)
                0x0000254a                rimeaddr_node_addr
 COMMON         0x0000254c        0x1 contiki-sky.a(process.o)
                0x0000254c                process_maxevents
 *fill*         0x0000254d        0x1 00
 COMMON         0x0000254e       0x56 contiki-sky.a(energest.o)
                0x0000254e                energest_total_time
                0x0000257e                energest_total_count
                0x00002580                energest_current_mode
                0x0000258c                energest_current_time
 COMMON         0x000025a4       0x38 contiki-sky.a(packetbuf.o)
                0x000025a4                packetbuf_addrs
                0x000025ac                packetbuf_attrs
 COMMON         0x000025dc        0x2 contiki-sky.a(tcpip.o)
                0x000025dc                tcpip_is_forwarding
                0x000025dd                tcpip_event
 COMMON         0x000025de      0x1c2 contiki-sky.a(uip.o)
                0x000025de                uip_len
                0x000025e0                uip_sappdata
                0x000025e2                uip_acc32
                0x000025e6                uip_aligned_buf
                0x00002652                uip_flags
                0x00002654                uip_udp_conn
                0x00002656                uip_appdata
                0x00002658                uip_conn
                0x0000265a                uip_conns
                0x000026da                uip_listenports
                0x000026ea                uip_draddr
                0x000026ee                uip_netmask
                0x000026f2                uip_hostaddr
                0x000026f6                uip_slen
                0x000026f8                uip_udp_conns
 COMMON         0x000027a0        0x2 contiki-sky.a(contiki-sky-pla)
                0x000027a0                sensors_flags
 COMMON         0x000027a2        0x8 contiki-sky.a(ds2411.o)
                0x000027a2                ds2411_id
 COMMON         0x000027aa        0x1 contiki-sky.a(sensors.o)
                0x000027aa                sensors_event
 *fill*         0x000027ab        0x1 00
 COMMON         0x000027ac       0x14 contiki-sky.a(cc2420.o)
                0x000027ac                cc2420_last_rssi
                0x000027ae                cc2420_packets_read
                0x000027b0                cc2420_packets_seen
                0x000027b2                cc2420_sfd_start_time
                0x000027b4                cc2420_time_of_departure
                0x000027b6                cc2420_time_of_arrival
                0x000027b8                cc2420_last_correlation
                0x000027ba                cc2420_authority_level_of_sender
                0x000027bc                cc2420_sfd_counter
                0x000027be                cc2420_sfd_end_time
 COMMON         0x000027c0        0x1 contiki-sky.a(slip.o)
                0x000027c0                slip_active
 *fill*         0x000027c1        0x1 00
 COMMON         0x000027c2        0x2 contiki-sky.a(msp430.o)
                0x000027c2                msp430_dco_required
                0x000027c4                . = ALIGN (0x2)
                0x000027c4                __bss_end = .
                0x00001618                __bss_size = SIZEOF (.bss)

.noinit         0x000027c4        0x2 load address 0x0000b62c
                0x000027c4                . = ALIGN (0x2)
                0x000027c4                __noinit_start = .
 *(.noinit .noinit.*)
 .noinit.crt0   0x000027c4        0x2 /usr/local/msp430/bin/../lib/gcc/msp430/4.7.0/mmpy-16/libcrt0.a(__watchdog_support.o)
                0x000027c4                __wdt_clear_value
                0x000027c6                . = ALIGN (0x2)
                0x000027c6                __noinit_end = .
                0x000027c6                . = ALIGN (0x2)
                0x000027c6                _end = .

.infomem        0x00001000        0x0
                0x00001000                . = ALIGN (0x2)
 *(.infomem .infomem.*)

.infomemnobits  0x00001000        0x0
                0x00001000                . = ALIGN (0x2)
 *(.infomemnobits .infomemnobits.*)

.infoa          0x00001080        0x0
                0x00001080                . = ALIGN (0x2)
 *(.infoa .infoa.*)

.infob          0x00001000        0x0
                0x00001000                . = ALIGN (0x2)
 *(.infob .infob.*)

.infoc          0x00000000        0x0
                0x00000000                . = ALIGN (0x2)
 *(.infoc .infoc.*)

.infod          0x00000000        0x0
                0x00000000                . = ALIGN (0x2)
 *(.infod .infod.*)

.vectors        0x0000ffe0       0x20
                0x0000ffe0                __vectors_start = .
 *(.vectors*)
 .vectors       0x0000ffe0       0x20 /usr/local/msp430/bin/../lib/gcc/msp430/4.7.0/mmpy-16/crt0ivtbl16.o
                0x0000ffe0                __ivtbl_16
                0x00010000                _vectors_end = .

.fartext        0x00000000        0x0
                0x00000000                . = ALIGN (0x2)
 *(.fartext .fartext.*)

.far.text       0x00000000        0x0
                0x00000000                . = ALIGN (0x2)
 *(.far.text .far.text.*)

.far.rodata     0x00000000        0x0
                0x00000000                . = ALIGN (0x2)
 *(.far.rodata .far.rodata.*)
                0x00000000                . = ALIGN (0x2)
                0x00000000                _efartext = .

.far.data       0x00000000        0x0
                0x00000000                . = ALIGN (0x2)
                0x00000000                __far_data_start = .
 *(.far.data .far.data.*)
                0x00000000                . = ALIGN (0x2)
                0x00000000                _efardata = .
                0x00000000                __far_data_load_start = LOADADDR (.far.data)
                0x00000000                __far_data_size = SIZEOF (.far.data)

.far.bss        0x00000000        0x0
                0x00000000                . = ALIGN (0x2)
                0x00000000                __far_bss_start = .
 *(.far.bss .far.bss.*)
                0x00000000                . = ALIGN (0x2)
                0x00000000                __far_bss_end = .
                0x00000000                __far_bss_size = SIZEOF (.far.bss)
                0x00000000                . = ALIGN (0x2)
                0x00000000                _far_end = .

.profiler
 *(.profiler)

.stab
 *(.stab)

.stabstr
 *(.stabstr)

.stab.excl
 *(.stab.excl)

.stab.exclstr
 *(.stab.exclstr)

.stab.index
 *(.stab.index)

.stab.indexstr
 *(.stab.indexstr)

.comment        0x00000000       0x30
 *(.comment)
 .comment       0x00000000       0x30 tpsn.co
                                 0x31 (size before relaxing)
 .comment       0x00000000       0x31 obj_sky/contiki-sky-main.o
 .comment       0x00000000       0x31 contiki-sky.a(rimeaddr.o)
 .comment       0x00000000       0x31 contiki-sky.a(rime.o)
 .comment       0x00000000       0x31 contiki-sky.a(announcement.o)
 .comment       0x00000000       0x31 contiki-sky.a(broadcast-annou)
 .comment       0x00000000       0x31 contiki-sky.a(broadcast.o)
 .comment       0x00000000       0x31 contiki-sky.a(unicast.o)
 .comment       0x00000000       0x31 contiki-sky.a(abc.o)
 .comment       0x00000000       0x31 contiki-sky.a(chameleon.o)
 .comment       0x00000000       0x31 contiki-sky.a(channel.o)
 .comment       0x00000000       0x31 contiki-sky.a(chameleon-bitop)
 .comment       0x00000000       0x31 contiki-sky.a(nullrdc.o)
 .comment       0x00000000       0x31 contiki-sky.a(mac.o)
 .comment       0x00000000       0x31 contiki-sky.a(framer-802154.o)
 .comment       0x00000000       0x31 contiki-sky.a(csma.o)
 .comment       0x00000000       0x31 contiki-sky.a(process.o)
 .comment       0x00000000       0x31 contiki-sky.a(autostart.o)
 .comment       0x00000000       0x31 contiki-sky.a(memb.o)
 .comment       0x00000000       0x31 contiki-sky.a(timer.o)
 .comment       0x00000000       0x31 contiki-sky.a(list.o)
 .comment       0x00000000       0x31 contiki-sky.a(etimer.o)
 .comment       0x00000000       0x31 contiki-sky.a(ctimer.o)
 .comment       0x00000000       0x31 contiki-sky.a(energest.o)
 .comment       0x00000000       0x31 contiki-sky.a(rtimer.o)
 .comment       0x00000000       0x31 contiki-sky.a(random.o)
 .comment       0x00000000       0x31 contiki-sky.a(packetbuf.o)
 .comment       0x00000000       0x31 contiki-sky.a(queuebuf.o)
 .comment       0x00000000       0x31 contiki-sky.a(tcpip.o)
 .comment       0x00000000       0x31 contiki-sky.a(uip-fw-drv.o)
 .comment       0x00000000       0x31 contiki-sky.a(uip-fw.o)
 .comment       0x00000000       0x31 contiki-sky.a(uip-over-mesh.o)
 .comment       0x00000000       0x31 contiki-sky.a(uip.o)
 .comment       0x00000000       0x31 contiki-sky.a(contiki-sky-pla)
 .comment       0x00000000       0x31 contiki-sky.a(button-sensor.o)
 .comment       0x00000000       0x31 contiki-sky.a(ds2411.o)
 .comment       0x00000000       0x31 contiki-sky.a(xmem.o)
 .comment       0x00000000       0x31 contiki-sky.a(node-id.o)
 .comment       0x00000000       0x31 contiki-sky.a(sensors.o)
 .comment       0x00000000       0x31 contiki-sky.a(cc2420.o)
 .comment       0x00000000       0x31 contiki-sky.a(cc2420-arch.o)
 .comment       0x00000000       0x31 contiki-sky.a(uip-ipchksum.o)
 .comment       0x00000000       0x31 contiki-sky.a(uart1.o)
 .comment       0x00000000       0x31 contiki-sky.a(slip_uart1.o)
 .comment       0x00000000       0x31 contiki-sky.a(slip.o)
 .comment       0x00000000       0x31 contiki-sky.a(msp430.o)
 .comment       0x00000000       0x31 contiki-sky.a(clock.o)
 .comment       0x00000000       0x31 contiki-sky.a(leds.o)
 .comment       0x00000000       0x31 contiki-sky.a(leds-arch.o)
 .comment       0x00000000       0x31 contiki-sky.a(watchdog.o)
 .comment       0x00000000       0x31 contiki-sky.a(rtimer-arch.o)
 .comment       0x00000000       0x31 contiki-sky.a(trickle.o)
 .comment       0x00000000       0x31 contiki-sky.a(route.o)
 .comment       0x00000000       0x31 contiki-sky.a(route-discovery)
 .comment       0x00000000       0x31 contiki-sky.a(frame802154.o)
 .comment       0x00000000       0x31 contiki-sky.a(spi.o)
 .comment       0x00000000       0x31 contiki-sky.a(netflood.o)
 .comment       0x00000000       0x31 contiki-sky.a(ipolite.o)
 .comment       0x00000000       0x31 /usr/local/msp430/bin/../lib/gcc/msp430/4.7.0/mmpy-16/libgcc.a(_mul_sf.o)
 .comment       0x00000000       0x31 /usr/local/msp430/bin/../lib/gcc/msp430/4.7.0/mmpy-16/libgcc.a(_sf_to_si.o)
 .comment       0x00000000       0x31 /usr/local/msp430/bin/../lib/gcc/msp430/4.7.0/mmpy-16/libgcc.a(_thenan_sf.o)
 .comment       0x00000000       0x31 /usr/local/msp430/bin/../lib/gcc/msp430/4.7.0/mmpy-16/libgcc.a(_usi_to_sf.o)
 .comment       0x00000000       0x31 /usr/local/msp430/bin/../lib/gcc/msp430/4.7.0/mmpy-16/libgcc.a(_clzsi2.o)
 .comment       0x00000000       0x31 /usr/local/msp430/bin/../lib/gcc/msp430/4.7.0/mmpy-16/libgcc.a(_pack_sf.o)
 .comment       0x00000000       0x31 /usr/local/msp430/bin/../lib/gcc/msp430/4.7.0/mmpy-16/libgcc.a(_unpack_sf.o)
 .comment       0x00000000       0x31 /usr/local/msp430/bin/../lib/gcc/msp430/4.7.0/mmpy-16/libgcc.a(_clz.o)
 .comment       0x00000000       0x31 /usr/local/msp430/bin/../lib/gcc/msp430/4.7.0/../../../../msp430/lib/mmpy-16/libc.a(printf.o)
 .comment       0x00000000       0x31 /usr/local/msp430/bin/../lib/gcc/msp430/4.7.0/../../../../msp430/lib/mmpy-16/libc.a(vuprintf.o)
 .comment       0x00000000       0x31 /usr/local/msp430/bin/../lib/gcc/msp430/4.7.0/../../../../msp430/lib/mmpy-16/libc.a(puts.o)
 .comment       0x00000000       0x31 /usr/local/msp430/bin/../lib/gcc/msp430/4.7.0/../../../../msp430/lib/mmpy-16/libc.a(rand.o)
 .comment       0x00000000       0x31 /usr/local/msp430/bin/../lib/gcc/msp430/4.7.0/../../../../msp430/lib/mmpy-16/libc.a(strncmp.o)
 .comment       0x00000000       0x31 /usr/local/msp430/bin/../lib/gcc/msp430/4.7.0/../../../../msp430/lib/mmpy-16/libc.a(memcmp.o)
 .comment       0x00000000       0x31 /usr/local/msp430/bin/../lib/gcc/msp430/4.7.0/../../../../msp430/lib/mmpy-16/libc.a(memcpy.o)
 .comment       0x00000000       0x31 /usr/local/msp430/bin/../lib/gcc/msp430/4.7.0/../../../../msp430/lib/mmpy-16/libc.a(memset.o)

.debug
 *(.debug)

.line
 *(.line)

.debug_srcinfo
 *(.debug_srcinfo)

.debug_sfnames
 *(.debug_sfnames)

.debug_aranges  0x00000000      0x224
 *(.debug_aranges)
 .debug_aranges
                0x00000000       0x14 /usr/local/msp430/bin/../lib/gcc/msp430/4.7.0/mmpy-16/crt0ivtbl16.o
 .debug_aranges
                0x00000014       0x14 /usr/local/msp430/bin/../lib/gcc/msp430/4.7.0/mmpy-16/libgcc.a(_mulsi3.o)
 .debug_aranges
                0x00000028       0x14 /usr/local/msp430/bin/../lib/gcc/msp430/4.7.0/mmpy-16/libgcc.a(_udivmod16.o)
 .debug_aranges
                0x0000003c       0x14 /usr/local/msp430/bin/../lib/gcc/msp430/4.7.0/mmpy-16/libgcc.a(_udivmod32.o)
 .debug_aranges
                0x00000050       0x14 /usr/local/msp430/bin/../lib/gcc/msp430/4.7.0/mmpy-16/libgcc.a(_mul_sf.o)
 .debug_aranges
                0x00000064       0x14 /usr/local/msp430/bin/../lib/gcc/msp430/4.7.0/mmpy-16/libgcc.a(_sf_to_si.o)
 .debug_aranges
                0x00000078       0x10 /usr/local/msp430/bin/../lib/gcc/msp430/4.7.0/mmpy-16/libgcc.a(_thenan_sf.o)
 .debug_aranges
                0x00000088       0x14 /usr/local/msp430/bin/../lib/gcc/msp430/4.7.0/mmpy-16/libgcc.a(_usi_to_sf.o)
 .debug_aranges
                0x0000009c       0x14 /usr/local/msp430/bin/../lib/gcc/msp430/4.7.0/mmpy-16/libgcc.a(_clzsi2.o)
 .debug_aranges
                0x000000b0       0x14 /usr/local/msp430/bin/../lib/gcc/msp430/4.7.0/mmpy-16/libgcc.a(_pack_sf.o)
 .debug_aranges
                0x000000c4       0x14 /usr/local/msp430/bin/../lib/gcc/msp430/4.7.0/mmpy-16/libgcc.a(_unpack_sf.o)
 .debug_aranges
                0x000000d8       0x10 /usr/local/msp430/bin/../lib/gcc/msp430/4.7.0/mmpy-16/libgcc.a(_clz.o)
 .debug_aranges
                0x000000e8       0x18 /usr/local/msp430/bin/../lib/gcc/msp430/4.7.0/../../../../msp430/lib/mmpy-16/libc.a(printf.o)
 .debug_aranges
                0x00000100       0x18 /usr/local/msp430/bin/../lib/gcc/msp430/4.7.0/../../../../msp430/lib/mmpy-16/libc.a(vuprintf.o)
 .debug_aranges
                0x00000118       0x14 /usr/local/msp430/bin/../lib/gcc/msp430/4.7.0/../../../../msp430/lib/mmpy-16/libc.a(puts.o)
 .debug_aranges
                0x0000012c       0x1c /usr/local/msp430/bin/../lib/gcc/msp430/4.7.0/../../../../msp430/lib/mmpy-16/libc.a(rand.o)
 .debug_aranges
                0x00000148       0x14 /usr/local/msp430/bin/../lib/gcc/msp430/4.7.0/../../../../msp430/lib/mmpy-16/libc.a(strncmp.o)
 .debug_aranges
                0x0000015c       0x14 /usr/local/msp430/bin/../lib/gcc/msp430/4.7.0/../../../../msp430/lib/mmpy-16/libc.a(memcmp.o)
 .debug_aranges
                0x00000170       0x14 /usr/local/msp430/bin/../lib/gcc/msp430/4.7.0/../../../../msp430/lib/mmpy-16/libc.a(memcpy.o)
 .debug_aranges
                0x00000184       0x14 /usr/local/msp430/bin/../lib/gcc/msp430/4.7.0/../../../../msp430/lib/mmpy-16/libc.a(memset.o)
 .debug_aranges
                0x00000198       0x14 /usr/local/msp430/bin/../lib/gcc/msp430/4.7.0/mmpy-16/libgcc.a(_udivmod64.o)
 .debug_aranges
                0x000001ac       0x14 /usr/local/msp430/bin/../lib/gcc/msp430/4.7.0/mmpy-16/libcrt0.a(__watchdog_support.o)
 .debug_aranges
                0x000001c0       0x14 /usr/local/msp430/bin/../lib/gcc/msp430/4.7.0/mmpy-16/libcrt0.a(__init_stack.o)
 .debug_aranges
                0x000001d4       0x14 /usr/local/msp430/bin/../lib/gcc/msp430/4.7.0/mmpy-16/libcrt0.a(_copy_data.o)
 .debug_aranges
                0x000001e8       0x14 /usr/local/msp430/bin/../lib/gcc/msp430/4.7.0/mmpy-16/libcrt0.a(_clear_bss.o)
 .debug_aranges
                0x000001fc       0x14 /usr/local/msp430/bin/../lib/gcc/msp430/4.7.0/mmpy-16/libcrt0.a(_endless_loop__.o)
 .debug_aranges
                0x00000210       0x14 /usr/local/msp430/bin/../lib/gcc/msp430/4.7.0/mmpy-16/libcrt0.a(_unexpected_.o)

.debug_pubnames
 *(.debug_pubnames)

.debug_info     0x00000000     0x2549
 *(.debug_info)
 .debug_info    0x00000000       0x9b /usr/local/msp430/bin/../lib/gcc/msp430/4.7.0/mmpy-16/crt0ivtbl16.o
 .debug_info    0x0000009b       0x98 /usr/local/msp430/bin/../lib/gcc/msp430/4.7.0/mmpy-16/libgcc.a(_mulsi3.o)
 .debug_info    0x00000133       0x98 /usr/local/msp430/bin/../lib/gcc/msp430/4.7.0/mmpy-16/libgcc.a(_udivmod16.o)
 .debug_info    0x000001cb       0x98 /usr/local/msp430/bin/../lib/gcc/msp430/4.7.0/mmpy-16/libgcc.a(_udivmod32.o)
 .debug_info    0x00000263      0x447 /usr/local/msp430/bin/../lib/gcc/msp430/4.7.0/mmpy-16/libgcc.a(_mul_sf.o)
 .debug_info    0x000006aa      0x2cb /usr/local/msp430/bin/../lib/gcc/msp430/4.7.0/mmpy-16/libgcc.a(_sf_to_si.o)
 .debug_info    0x00000975      0x167 /usr/local/msp430/bin/../lib/gcc/msp430/4.7.0/mmpy-16/libgcc.a(_thenan_sf.o)
 .debug_info    0x00000adc      0x240 /usr/local/msp430/bin/../lib/gcc/msp430/4.7.0/mmpy-16/libgcc.a(_usi_to_sf.o)
 .debug_info    0x00000d1c      0x111 /usr/local/msp430/bin/../lib/gcc/msp430/4.7.0/mmpy-16/libgcc.a(_clzsi2.o)
 .debug_info    0x00000e2d      0x2ba /usr/local/msp430/bin/../lib/gcc/msp430/4.7.0/mmpy-16/libgcc.a(_pack_sf.o)
 .debug_info    0x000010e7      0x24a /usr/local/msp430/bin/../lib/gcc/msp430/4.7.0/mmpy-16/libgcc.a(_unpack_sf.o)
 .debug_info    0x00001331       0xc3 /usr/local/msp430/bin/../lib/gcc/msp430/4.7.0/mmpy-16/libgcc.a(_clz.o)
 .debug_info    0x000013f4      0x16e /usr/local/msp430/bin/../lib/gcc/msp430/4.7.0/../../../../msp430/lib/mmpy-16/libc.a(printf.o)
 .debug_info    0x00001562      0x5d4 /usr/local/msp430/bin/../lib/gcc/msp430/4.7.0/../../../../msp430/lib/mmpy-16/libc.a(vuprintf.o)
 .debug_info    0x00001b36       0xc7 /usr/local/msp430/bin/../lib/gcc/msp430/4.7.0/../../../../msp430/lib/mmpy-16/libc.a(puts.o)
 .debug_info    0x00001bfd      0x146 /usr/local/msp430/bin/../lib/gcc/msp430/4.7.0/../../../../msp430/lib/mmpy-16/libc.a(rand.o)
 .debug_info    0x00001d43       0xc2 /usr/local/msp430/bin/../lib/gcc/msp430/4.7.0/../../../../msp430/lib/mmpy-16/libc.a(strncmp.o)
 .debug_info    0x00001e05       0xe5 /usr/local/msp430/bin/../lib/gcc/msp430/4.7.0/../../../../msp430/lib/mmpy-16/libc.a(memcmp.o)
 .debug_info    0x00001eea      0x12c /usr/local/msp430/bin/../lib/gcc/msp430/4.7.0/../../../../msp430/lib/mmpy-16/libc.a(memcpy.o)
 .debug_info    0x00002016      0x117 /usr/local/msp430/bin/../lib/gcc/msp430/4.7.0/../../../../msp430/lib/mmpy-16/libc.a(memset.o)
 .debug_info    0x0000212d       0x98 /usr/local/msp430/bin/../lib/gcc/msp430/4.7.0/mmpy-16/libgcc.a(_udivmod64.o)
 .debug_info    0x000021c5       0x96 /usr/local/msp430/bin/../lib/gcc/msp430/4.7.0/mmpy-16/libcrt0.a(__watchdog_support.o)
 .debug_info    0x0000225b       0x96 /usr/local/msp430/bin/../lib/gcc/msp430/4.7.0/mmpy-16/libcrt0.a(__init_stack.o)
 .debug_info    0x000022f1       0x96 /usr/local/msp430/bin/../lib/gcc/msp430/4.7.0/mmpy-16/libcrt0.a(_copy_data.o)
 .debug_info    0x00002387       0x96 /usr/local/msp430/bin/../lib/gcc/msp430/4.7.0/mmpy-16/libcrt0.a(_clear_bss.o)
 .debug_info    0x0000241d       0x96 /usr/local/msp430/bin/../lib/gcc/msp430/4.7.0/mmpy-16/libcrt0.a(_endless_loop__.o)
 .debug_info    0x000024b3       0x96 /usr/local/msp430/bin/../lib/gcc/msp430/4.7.0/mmpy-16/libcrt0.a(_unexpected_.o)
 *(.gnu.linkonce.wi.*)

.debug_abbrev   0x00000000     0x1262
 *(.debug_abbrev)
 .debug_abbrev  0x00000000       0x14 /usr/local/msp430/bin/../lib/gcc/msp430/4.7.0/mmpy-16/crt0ivtbl16.o
 .debug_abbrev  0x00000014       0x14 /usr/local/msp430/bin/../lib/gcc/msp430/4.7.0/mmpy-16/libgcc.a(_mulsi3.o)
 .debug_abbrev  0x00000028       0x14 /usr/local/msp430/bin/../lib/gcc/msp430/4.7.0/mmpy-16/libgcc.a(_udivmod16.o)
 .debug_abbrev  0x0000003c       0x14 /usr/local/msp430/bin/../lib/gcc/msp430/4.7.0/mmpy-16/libgcc.a(_udivmod32.o)
 .debug_abbrev  0x00000050      0x23a /usr/local/msp430/bin/../lib/gcc/msp430/4.7.0/mmpy-16/libgcc.a(_mul_sf.o)
 .debug_abbrev  0x0000028a      0x194 /usr/local/msp430/bin/../lib/gcc/msp430/4.7.0/mmpy-16/libgcc.a(_sf_to_si.o)
 .debug_abbrev  0x0000041e       0xc5 /usr/local/msp430/bin/../lib/gcc/msp430/4.7.0/mmpy-16/libgcc.a(_thenan_sf.o)
 .debug_abbrev  0x000004e3      0x1b6 /usr/local/msp430/bin/../lib/gcc/msp430/4.7.0/mmpy-16/libgcc.a(_usi_to_sf.o)
 .debug_abbrev  0x00000699       0xaf /usr/local/msp430/bin/../lib/gcc/msp430/4.7.0/mmpy-16/libgcc.a(_clzsi2.o)
 .debug_abbrev  0x00000748      0x197 /usr/local/msp430/bin/../lib/gcc/msp430/4.7.0/mmpy-16/libgcc.a(_pack_sf.o)
 .debug_abbrev  0x000008df      0x150 /usr/local/msp430/bin/../lib/gcc/msp430/4.7.0/mmpy-16/libgcc.a(_unpack_sf.o)
 .debug_abbrev  0x00000a2f       0x75 /usr/local/msp430/bin/../lib/gcc/msp430/4.7.0/mmpy-16/libgcc.a(_clz.o)
 .debug_abbrev  0x00000aa4       0xfa /usr/local/msp430/bin/../lib/gcc/msp430/4.7.0/../../../../msp430/lib/mmpy-16/libc.a(printf.o)
 .debug_abbrev  0x00000b9e      0x23e /usr/local/msp430/bin/../lib/gcc/msp430/4.7.0/../../../../msp430/lib/mmpy-16/libc.a(vuprintf.o)
 .debug_abbrev  0x00000ddc       0xa3 /usr/local/msp430/bin/../lib/gcc/msp430/4.7.0/../../../../msp430/lib/mmpy-16/libc.a(puts.o)
 .debug_abbrev  0x00000e7f       0xfb /usr/local/msp430/bin/../lib/gcc/msp430/4.7.0/../../../../msp430/lib/mmpy-16/libc.a(rand.o)
 .debug_abbrev  0x00000f7a       0x72 /usr/local/msp430/bin/../lib/gcc/msp430/4.7.0/../../../../msp430/lib/mmpy-16/libc.a(strncmp.o)
 .debug_abbrev  0x00000fec       0x9e /usr/local/msp430/bin/../lib/gcc/msp430/4.7.0/../../../../msp430/lib/mmpy-16/libc.a(memcmp.o)
 .debug_abbrev  0x0000108a       0xab /usr/local/msp430/bin/../lib/gcc/msp430/4.7.0/../../../../msp430/lib/mmpy-16/libc.a(memcpy.o)
 .debug_abbrev  0x00001135       0xa1 /usr/local/msp430/bin/../lib/gcc/msp430/4.7.0/../../../../msp430/lib/mmpy-16/libc.a(memset.o)
 .debug_abbrev  0x000011d6       0x14 /usr/local/msp430/bin/../lib/gcc/msp430/4.7.0/mmpy-16/libgcc.a(_udivmod64.o)
 .debug_abbrev  0x000011ea       0x14 /usr/local/msp430/bin/../lib/gcc/msp430/4.7.0/mmpy-16/libcrt0.a(__watchdog_support.o)
 .debug_abbrev  0x000011fe       0x14 /usr/local/msp430/bin/../lib/gcc/msp430/4.7.0/mmpy-16/libcrt0.a(__init_stack.o)
 .debug_abbrev  0x00001212       0x14 /usr/local/msp430/bin/../lib/gcc/msp430/4.7.0/mmpy-16/libcrt0.a(_copy_data.o)
 .debug_abbrev  0x00001226       0x14 /usr/local/msp430/bin/../lib/gcc/msp430/4.7.0/mmpy-16/libcrt0.a(_clear_bss.o)
 .debug_abbrev  0x0000123a       0x14 /usr/local/msp430/bin/../lib/gcc/msp430/4.7.0/mmpy-16/libcrt0.a(_endless_loop__.o)
 .debug_abbrev  0x0000124e       0x14 /usr/local/msp430/bin/../lib/gcc/msp430/4.7.0/mmpy-16/libcrt0.a(_unexpected_.o)

.debug_line     0x00000000     0x1181
 *(.debug_line)
 .debug_line    0x00000000       0x64 /usr/local/msp430/bin/../lib/gcc/msp430/4.7.0/mmpy-16/crt0ivtbl16.o
 .debug_line    0x00000064       0x77 /usr/local/msp430/bin/../lib/gcc/msp430/4.7.0/mmpy-16/libgcc.a(_mulsi3.o)
 .debug_line    0x000000db       0x70 /usr/local/msp430/bin/../lib/gcc/msp430/4.7.0/mmpy-16/libgcc.a(_udivmod16.o)
 .debug_line    0x0000014b       0x7f /usr/local/msp430/bin/../lib/gcc/msp430/4.7.0/mmpy-16/libgcc.a(_udivmod32.o)
 .debug_line    0x000001ca       0xe7 /usr/local/msp430/bin/../lib/gcc/msp430/4.7.0/mmpy-16/libgcc.a(_mul_sf.o)
 .debug_line    0x000002b1       0x83 /usr/local/msp430/bin/../lib/gcc/msp430/4.7.0/mmpy-16/libgcc.a(_sf_to_si.o)
 .debug_line    0x00000334       0x90 /usr/local/msp430/bin/../lib/gcc/msp430/4.7.0/mmpy-16/libgcc.a(_thenan_sf.o)
 .debug_line    0x000003c4       0x86 /usr/local/msp430/bin/../lib/gcc/msp430/4.7.0/mmpy-16/libgcc.a(_usi_to_sf.o)
 .debug_line    0x0000044a       0x92 /usr/local/msp430/bin/../lib/gcc/msp430/4.7.0/mmpy-16/libgcc.a(_clzsi2.o)
 .debug_line    0x000004dc       0xb8 /usr/local/msp430/bin/../lib/gcc/msp430/4.7.0/mmpy-16/libgcc.a(_pack_sf.o)
 .debug_line    0x00000594       0x9b /usr/local/msp430/bin/../lib/gcc/msp430/4.7.0/mmpy-16/libgcc.a(_unpack_sf.o)
 .debug_line    0x0000062f       0x92 /usr/local/msp430/bin/../lib/gcc/msp430/4.7.0/mmpy-16/libgcc.a(_clz.o)
 .debug_line    0x000006c1       0xa9 /usr/local/msp430/bin/../lib/gcc/msp430/4.7.0/../../../../msp430/lib/mmpy-16/libc.a(printf.o)
 .debug_line    0x0000076a      0x30a /usr/local/msp430/bin/../lib/gcc/msp430/4.7.0/../../../../msp430/lib/mmpy-16/libc.a(vuprintf.o)
 .debug_line    0x00000a74       0x65 /usr/local/msp430/bin/../lib/gcc/msp430/4.7.0/../../../../msp430/lib/mmpy-16/libc.a(puts.o)
 .debug_line    0x00000ad9       0x68 /usr/local/msp430/bin/../lib/gcc/msp430/4.7.0/../../../../msp430/lib/mmpy-16/libc.a(rand.o)
 .debug_line    0x00000b41       0x8f /usr/local/msp430/bin/../lib/gcc/msp430/4.7.0/../../../../msp430/lib/mmpy-16/libc.a(strncmp.o)
 .debug_line    0x00000bd0       0x8f /usr/local/msp430/bin/../lib/gcc/msp430/4.7.0/../../../../msp430/lib/mmpy-16/libc.a(memcmp.o)
 .debug_line    0x00000c5f      0x118 /usr/local/msp430/bin/../lib/gcc/msp430/4.7.0/../../../../msp430/lib/mmpy-16/libc.a(memcpy.o)
 .debug_line    0x00000d77       0xf2 /usr/local/msp430/bin/../lib/gcc/msp430/4.7.0/../../../../msp430/lib/mmpy-16/libc.a(memset.o)
 .debug_line    0x00000e69       0xc9 /usr/local/msp430/bin/../lib/gcc/msp430/4.7.0/mmpy-16/libgcc.a(_udivmod64.o)
 .debug_line    0x00000f32       0x62 /usr/local/msp430/bin/../lib/gcc/msp430/4.7.0/mmpy-16/libcrt0.a(__watchdog_support.o)
 .debug_line    0x00000f94       0x60 /usr/local/msp430/bin/../lib/gcc/msp430/4.7.0/mmpy-16/libcrt0.a(__init_stack.o)
 .debug_line    0x00000ff4       0x66 /usr/local/msp430/bin/../lib/gcc/msp430/4.7.0/mmpy-16/libcrt0.a(_copy_data.o)
 .debug_line    0x0000105a       0x66 /usr/local/msp430/bin/../lib/gcc/msp430/4.7.0/mmpy-16/libcrt0.a(_clear_bss.o)
 .debug_line    0x000010c0       0x61 /usr/local/msp430/bin/../lib/gcc/msp430/4.7.0/mmpy-16/libcrt0.a(_endless_loop__.o)
 .debug_line    0x00001121       0x60 /usr/local/msp430/bin/../lib/gcc/msp430/4.7.0/mmpy-16/libcrt0.a(_unexpected_.o)

.debug_frame    0x00000000      0x30e
 *(.debug_frame)
 .debug_frame   0x00000000       0x4a /usr/local/msp430/bin/../lib/gcc/msp430/4.7.0/mmpy-16/libgcc.a(_mul_sf.o)
 .debug_frame   0x0000004a       0x22 /usr/local/msp430/bin/../lib/gcc/msp430/4.7.0/mmpy-16/libgcc.a(_sf_to_si.o)
 .debug_frame   0x0000006c       0x36 /usr/local/msp430/bin/../lib/gcc/msp430/4.7.0/mmpy-16/libgcc.a(_usi_to_sf.o)
 .debug_frame   0x000000a2       0x2e /usr/local/msp430/bin/../lib/gcc/msp430/4.7.0/mmpy-16/libgcc.a(_clzsi2.o)
 .debug_frame   0x000000d0       0x32 /usr/local/msp430/bin/../lib/gcc/msp430/4.7.0/mmpy-16/libgcc.a(_pack_sf.o)
 .debug_frame   0x00000102       0x32 /usr/local/msp430/bin/../lib/gcc/msp430/4.7.0/mmpy-16/libgcc.a(_unpack_sf.o)
 .debug_frame   0x00000134       0x2a /usr/local/msp430/bin/../lib/gcc/msp430/4.7.0/../../../../msp430/lib/mmpy-16/libc.a(printf.o)
 .debug_frame   0x0000015e       0xa0 /usr/local/msp430/bin/../lib/gcc/msp430/4.7.0/../../../../msp430/lib/mmpy-16/libc.a(vuprintf.o)
 .debug_frame   0x000001fe       0x24 /usr/local/msp430/bin/../lib/gcc/msp430/4.7.0/../../../../msp430/lib/mmpy-16/libc.a(puts.o)
 .debug_frame   0x00000222       0x3c /usr/local/msp430/bin/../lib/gcc/msp430/4.7.0/../../../../msp430/lib/mmpy-16/libc.a(rand.o)
 .debug_frame   0x0000025e       0x24 /usr/local/msp430/bin/../lib/gcc/msp430/4.7.0/../../../../msp430/lib/mmpy-16/libc.a(strncmp.o)
 .debug_frame   0x00000282       0x28 /usr/local/msp430/bin/../lib/gcc/msp430/4.7.0/../../../../msp430/lib/mmpy-16/libc.a(memcmp.o)
 .debug_frame   0x000002aa       0x32 /usr/local/msp430/bin/../lib/gcc/msp430/4.7.0/../../../../msp430/lib/mmpy-16/libc.a(memcpy.o)
 .debug_frame   0x000002dc       0x32 /usr/local/msp430/bin/../lib/gcc/msp430/4.7.0/../../../../msp430/lib/mmpy-16/libc.a(memset.o)

.debug_str      0x00000000      0x665
 *(.debug_str)
 .debug_str     0x00000000      0x1d8 /usr/local/msp430/bin/../lib/gcc/msp430/4.7.0/mmpy-16/libgcc.a(_mul_sf.o)
                                0x21f (size before relaxing)
 .debug_str     0x000001d8        0xa /usr/local/msp430/bin/../lib/gcc/msp430/4.7.0/mmpy-16/libgcc.a(_sf_to_si.o)
                                0x1ed (size before relaxing)
 .debug_str     0x000001e2       0x57 /usr/local/msp430/bin/../lib/gcc/msp430/4.7.0/mmpy-16/libgcc.a(_thenan_sf.o)
                                0x1db (size before relaxing)
 .debug_str     0x00000239       0x2a /usr/local/msp430/bin/../lib/gcc/msp430/4.7.0/mmpy-16/libgcc.a(_usi_to_sf.o)
                                0x1cd (size before relaxing)
 .debug_str     0x00000263       0x71 /usr/local/msp430/bin/../lib/gcc/msp430/4.7.0/mmpy-16/libgcc.a(_clzsi2.o)
                                0x14c (size before relaxing)
 .debug_str     0x000002d4        0x7 /usr/local/msp430/bin/../lib/gcc/msp430/4.7.0/mmpy-16/libgcc.a(_pack_sf.o)
                                0x1e1 (size before relaxing)
 .debug_str     0x00000000      0x1c3 /usr/local/msp430/bin/../lib/gcc/msp430/4.7.0/mmpy-16/libgcc.a(_unpack_sf.o)
 .debug_str     0x00000000      0x186 /usr/local/msp430/bin/../lib/gcc/msp430/4.7.0/mmpy-16/libgcc.a(_clz.o)
 .debug_str     0x000002db       0x90 /usr/local/msp430/bin/../lib/gcc/msp430/4.7.0/../../../../msp430/lib/mmpy-16/libc.a(printf.o)
                                0x136 (size before relaxing)
 .debug_str     0x0000036b      0x20f /usr/local/msp430/bin/../lib/gcc/msp430/4.7.0/../../../../msp430/lib/mmpy-16/libc.a(vuprintf.o)
                                0x381 (size before relaxing)
 .debug_str     0x0000057a       0x1d /usr/local/msp430/bin/../lib/gcc/msp430/4.7.0/../../../../msp430/lib/mmpy-16/libc.a(puts.o)
                                 0xfb (size before relaxing)
 .debug_str     0x00000597       0x2f /usr/local/msp430/bin/../lib/gcc/msp430/4.7.0/../../../../msp430/lib/mmpy-16/libc.a(rand.o)
                                0x112 (size before relaxing)
 .debug_str     0x000005c6       0x22 /usr/local/msp430/bin/../lib/gcc/msp430/4.7.0/../../../../msp430/lib/mmpy-16/libc.a(strncmp.o)
                                0x100 (size before relaxing)
 .debug_str     0x000005e8       0x19 /usr/local/msp430/bin/../lib/gcc/msp430/4.7.0/../../../../msp430/lib/mmpy-16/libc.a(memcmp.o)
                                 0xfe (size before relaxing)
 .debug_str     0x00000601       0x3e /usr/local/msp430/bin/../lib/gcc/msp430/4.7.0/../../../../msp430/lib/mmpy-16/libc.a(memcpy.o)
                                0x12c (size before relaxing)
 .debug_str     0x0000063f       0x26 /usr/local/msp430/bin/../lib/gcc/msp430/4.7.0/../../../../msp430/lib/mmpy-16/libc.a(memset.o)
                                0x12a (size before relaxing)

.debug_loc      0x00000000     0x1395
 *(.debug_loc)
 .debug_loc     0x00000000      0x1e1 /usr/local/msp430/bin/../lib/gcc/msp430/4.7.0/mmpy-16/libgcc.a(_mul_sf.o)
 .debug_loc     0x000001e1       0x5e /usr/local/msp430/bin/../lib/gcc/msp430/4.7.0/mmpy-16/libgcc.a(_sf_to_si.o)
 .debug_loc     0x0000023f      0x133 /usr/local/msp430/bin/../lib/gcc/msp430/4.7.0/mmpy-16/libgcc.a(_usi_to_sf.o)
 .debug_loc     0x00000372       0x80 /usr/local/msp430/bin/../lib/gcc/msp430/4.7.0/mmpy-16/libgcc.a(_clzsi2.o)
 .debug_loc     0x000003f2      0x226 /usr/local/msp430/bin/../lib/gcc/msp430/4.7.0/mmpy-16/libgcc.a(_pack_sf.o)
 .debug_loc     0x00000618      0x167 /usr/local/msp430/bin/../lib/gcc/msp430/4.7.0/mmpy-16/libgcc.a(_unpack_sf.o)
 .debug_loc     0x0000077f       0x4c /usr/local/msp430/bin/../lib/gcc/msp430/4.7.0/../../../../msp430/lib/mmpy-16/libc.a(printf.o)
 .debug_loc     0x000007cb      0x7fa /usr/local/msp430/bin/../lib/gcc/msp430/4.7.0/../../../../msp430/lib/mmpy-16/libc.a(vuprintf.o)